Archive member included to satisfy reference by file (symbol)

/usr/lib/x86_64-linux-gnu/libc_nonshared.a(elf-init.oS)
                              /usr/lib/gcc/x86_64-linux-gnu/7/../../../x86_64-linux-gnu/Scrt1.o (__libc_csu_init)

As-needed library included to satisfy reference by file (symbol)

libasan.so.4                  led_curses.o (__asan_stack_malloc_1)
libncurses.so.5               main.o (echo@@NCURSES_5.0.19991023)
libtinfo.so.5                 led_curses.o (curs_set@@NCURSES_TINFO_5.0.19991023)
libc.so.6                     director_curses.o (tolower@@GLIBC_2.2.5)

Allocating common symbols
Common symbol       size              file

fp                  0x8               connection-file.o

Discarded input sections

 .note.GNU-stack
                0x0000000000000000        0x0 /usr/lib/gcc/x86_64-linux-gnu/7/../../../x86_64-linux-gnu/Scrt1.o
 .note.GNU-stack
                0x0000000000000000        0x0 /usr/lib/gcc/x86_64-linux-gnu/7/../../../x86_64-linux-gnu/crti.o
 .note.GNU-stack
                0x0000000000000000        0x0 /usr/lib/gcc/x86_64-linux-gnu/7/crtbeginS.o
 .note.GNU-stack
                0x0000000000000000        0x0 main.o
 .note.GNU-stack
                0x0000000000000000        0x0 led_curses.o
 .note.GNU-stack
                0x0000000000000000        0x0 random.o
 .note.GNU-stack
                0x0000000000000000        0x0 machine.o
 .note.GNU-stack
                0x0000000000000000        0x0 flashValue.o
 .note.GNU-stack
                0x0000000000000000        0x0 director_curses.o
 .note.GNU-stack
                0x0000000000000000        0x0 game.o
 .note.GNU-stack
                0x0000000000000000        0x0 connection-file.o
 .note.GNU-stack
                0x0000000000000000        0x0 /usr/lib/x86_64-linux-gnu/libc_nonshared.a(elf-init.oS)
 .note.GNU-stack
                0x0000000000000000        0x0 /usr/lib/gcc/x86_64-linux-gnu/7/crtendS.o
 .note.GNU-stack
                0x0000000000000000        0x0 /usr/lib/gcc/x86_64-linux-gnu/7/../../../x86_64-linux-gnu/crtn.o

Memory Configuration

Name             Origin             Length             Attributes
*default*        0x0000000000000000 0xffffffffffffffff

Linker script and memory map

LOAD /usr/lib/gcc/x86_64-linux-gnu/7/../../../x86_64-linux-gnu/Scrt1.o
LOAD /usr/lib/gcc/x86_64-linux-gnu/7/../../../x86_64-linux-gnu/crti.o
LOAD /usr/lib/gcc/x86_64-linux-gnu/7/crtbeginS.o
LOAD main.o
LOAD led_curses.o
LOAD random.o
LOAD machine.o
LOAD flashValue.o
LOAD director_curses.o
LOAD game.o
LOAD connection-file.o
LOAD /usr/lib/gcc/x86_64-linux-gnu/7/libasan.so
LOAD /usr/lib/gcc/x86_64-linux-gnu/7/../../../x86_64-linux-gnu/libncurses.so
LOAD /lib/x86_64-linux-gnu/libncurses.so.5
LOAD /usr/lib/gcc/x86_64-linux-gnu/7/../../../x86_64-linux-gnu/libtinfo.so
LOAD /usr/lib/gcc/x86_64-linux-gnu/7/libgcc.a
LOAD /usr/lib/gcc/x86_64-linux-gnu/7/libgcc_s.so
START GROUP
LOAD /usr/lib/gcc/x86_64-linux-gnu/7/libgcc_s.so.1
LOAD /usr/lib/gcc/x86_64-linux-gnu/7/libgcc.a
END GROUP
LOAD /usr/lib/gcc/x86_64-linux-gnu/7/../../../x86_64-linux-gnu/libc.so
START GROUP
LOAD /lib/x86_64-linux-gnu/libc.so.6
LOAD /usr/lib/x86_64-linux-gnu/libc_nonshared.a
LOAD /lib/x86_64-linux-gnu/ld-linux-x86-64.so.2
END GROUP
LOAD /usr/lib/gcc/x86_64-linux-gnu/7/libgcc.a
LOAD /usr/lib/gcc/x86_64-linux-gnu/7/libgcc_s.so
START GROUP
LOAD /usr/lib/gcc/x86_64-linux-gnu/7/libgcc_s.so.1
LOAD /usr/lib/gcc/x86_64-linux-gnu/7/libgcc.a
END GROUP
LOAD /usr/lib/gcc/x86_64-linux-gnu/7/crtendS.o
LOAD /usr/lib/gcc/x86_64-linux-gnu/7/../../../x86_64-linux-gnu/crtn.o
                [!provide]                        PROVIDE (__executable_start = SEGMENT_START ("text-segment", 0x0))
                0x0000000000000238                . = (SEGMENT_START ("text-segment", 0x0) + SIZEOF_HEADERS)

.interp         0x0000000000000238       0x1c
 *(.interp)
 .interp        0x0000000000000238       0x1c /usr/lib/gcc/x86_64-linux-gnu/7/../../../x86_64-linux-gnu/Scrt1.o

.note.ABI-tag   0x0000000000000254       0x20
 .note.ABI-tag  0x0000000000000254       0x20 /usr/lib/gcc/x86_64-linux-gnu/7/../../../x86_64-linux-gnu/Scrt1.o

.note.gnu.build-id
                0x0000000000000274       0x24
 *(.note.gnu.build-id)
 .note.gnu.build-id
                0x0000000000000274       0x24 /usr/lib/gcc/x86_64-linux-gnu/7/../../../x86_64-linux-gnu/Scrt1.o

.hash
 *(.hash)

.gnu.hash       0x0000000000000298       0x44
 *(.gnu.hash)
 .gnu.hash      0x0000000000000298       0x44 /usr/lib/gcc/x86_64-linux-gnu/7/../../../x86_64-linux-gnu/Scrt1.o

.dynsym         0x00000000000002e0      0x4c8
 *(.dynsym)
 .dynsym        0x00000000000002e0      0x4c8 /usr/lib/gcc/x86_64-linux-gnu/7/../../../x86_64-linux-gnu/Scrt1.o

.dynstr         0x00000000000007a8      0x2e1
 *(.dynstr)
 .dynstr        0x00000000000007a8      0x2e1 /usr/lib/gcc/x86_64-linux-gnu/7/../../../x86_64-linux-gnu/Scrt1.o

.gnu.version    0x0000000000000a8a       0x66
 *(.gnu.version)
 .gnu.version   0x0000000000000a8a       0x66 /usr/lib/gcc/x86_64-linux-gnu/7/../../../x86_64-linux-gnu/Scrt1.o

.gnu.version_d  0x0000000000000af0        0x0
 *(.gnu.version_d)
 .gnu.version_d
                0x0000000000000af0        0x0 /usr/lib/gcc/x86_64-linux-gnu/7/../../../x86_64-linux-gnu/Scrt1.o

.gnu.version_r  0x0000000000000af0       0x60
 *(.gnu.version_r)
 .gnu.version_r
                0x0000000000000af0       0x60 /usr/lib/gcc/x86_64-linux-gnu/7/../../../x86_64-linux-gnu/Scrt1.o

.rela.dyn       0x0000000000000b50      0xa20
 *(.rela.init)
 *(.rela.text .rela.text.* .rela.gnu.linkonce.t.*)
 .rela.text     0x0000000000000b50        0x0 /usr/lib/gcc/x86_64-linux-gnu/7/../../../x86_64-linux-gnu/Scrt1.o
 *(.rela.fini)
 *(.rela.rodata .rela.rodata.* .rela.gnu.linkonce.r.*)
 *(.rela.data .rela.data.* .rela.gnu.linkonce.d.*)
 .rela.data.rel.ro
                0x0000000000000b50        0x0 /usr/lib/gcc/x86_64-linux-gnu/7/../../../x86_64-linux-gnu/Scrt1.o
 .rela.data.rel.local
                0x0000000000000b50      0x7f8 /usr/lib/gcc/x86_64-linux-gnu/7/../../../x86_64-linux-gnu/Scrt1.o
 *(.rela.tdata .rela.tdata.* .rela.gnu.linkonce.td.*)
 *(.rela.tbss .rela.tbss.* .rela.gnu.linkonce.tb.*)
 *(.rela.ctors)
 *(.rela.dtors)
 *(.rela.got)
 .rela.got      0x0000000000001348       0x78 /usr/lib/gcc/x86_64-linux-gnu/7/../../../x86_64-linux-gnu/Scrt1.o
 *(.rela.bss .rela.bss.* .rela.gnu.linkonce.b.*)
 .rela.bss      0x00000000000013c0       0x30 /usr/lib/gcc/x86_64-linux-gnu/7/../../../x86_64-linux-gnu/Scrt1.o
 *(.rela.ldata .rela.ldata.* .rela.gnu.linkonce.l.*)
 *(.rela.lbss .rela.lbss.* .rela.gnu.linkonce.lb.*)
 *(.rela.lrodata .rela.lrodata.* .rela.gnu.linkonce.lr.*)
 *(.rela.ifunc)
 .rela.ifunc    0x00000000000013f0        0x0 /usr/lib/gcc/x86_64-linux-gnu/7/../../../x86_64-linux-gnu/Scrt1.o
 .rela.fini_array
                0x00000000000013f0       0x18 /usr/lib/gcc/x86_64-linux-gnu/7/../../../x86_64-linux-gnu/Scrt1.o
 .rela.init_array
                0x0000000000001408       0x18 /usr/lib/gcc/x86_64-linux-gnu/7/../../../x86_64-linux-gnu/Scrt1.o
 .rela.init_array.00099
                0x0000000000001420       0xc0 /usr/lib/gcc/x86_64-linux-gnu/7/../../../x86_64-linux-gnu/Scrt1.o
 .rela.fini_array.00099
                0x00000000000014e0       0x90 /usr/lib/gcc/x86_64-linux-gnu/7/../../../x86_64-linux-gnu/Scrt1.o

.rela.plt       0x0000000000001570      0x378
 *(.rela.plt)
 .rela.plt      0x0000000000001570      0x378 /usr/lib/gcc/x86_64-linux-gnu/7/../../../x86_64-linux-gnu/Scrt1.o
                [!provide]                        PROVIDE (__rela_iplt_start = .)
 *(.rela.iplt)
                [!provide]                        PROVIDE (__rela_iplt_end = .)

.init           0x00000000000018e8       0x17
 *(SORT_NONE(.init))
 .init          0x00000000000018e8       0x12 /usr/lib/gcc/x86_64-linux-gnu/7/../../../x86_64-linux-gnu/crti.o
                0x00000000000018e8                _init
 .init          0x00000000000018fa        0x5 /usr/lib/gcc/x86_64-linux-gnu/7/../../../x86_64-linux-gnu/crtn.o

.plt            0x0000000000001900      0x260
 *(.plt)
 .plt           0x0000000000001900      0x260 /usr/lib/gcc/x86_64-linux-gnu/7/../../../x86_64-linux-gnu/Scrt1.o
 *(.iplt)

.plt.got        0x0000000000001b60        0x8
 *(.plt.got)
 .plt.got       0x0000000000001b60        0x8 /usr/lib/gcc/x86_64-linux-gnu/7/../../../x86_64-linux-gnu/Scrt1.o

.plt.sec
 *(.plt.sec)

.text           0x0000000000001b70     0x1a72
 *(.text.unlikely .text.*_unlikely .text.unlikely.*)
 *(.text.exit .text.exit.*)
 *(.text.startup .text.startup.*)
 *(.text.hot .text.hot.*)
 *(.text .stub .text.* .gnu.linkonce.t.*)
 .text          0x0000000000001b70       0x2b /usr/lib/gcc/x86_64-linux-gnu/7/../../../x86_64-linux-gnu/Scrt1.o
                0x0000000000001b70                _start
 .text          0x0000000000001b9b        0x0 /usr/lib/gcc/x86_64-linux-gnu/7/../../../x86_64-linux-gnu/crti.o
 *fill*         0x0000000000001b9b        0x5 
 .text          0x0000000000001ba0       0xda /usr/lib/gcc/x86_64-linux-gnu/7/crtbeginS.o
 .text          0x0000000000001c7a       0x6c main.o
                0x0000000000001c7a                main
 .text          0x0000000000001ce6      0xbdf led_curses.o
                0x0000000000001ce6                led_initialise
                0x00000000000022f3                led_set
                0x0000000000002632                led_line
                0x0000000000002672                led_destroy
                0x000000000000267e                message
                0x0000000000002752                led_set_machine
                0x0000000000002821                led_show_count
 .text          0x00000000000028c5      0x115 random.o
                0x00000000000028c5                initialise_random
                0x00000000000028d8                random_value
                0x0000000000002902                rand
                0x000000000000299b                destroy_random
 .text          0x00000000000029da      0x3d2 machine.o
                0x00000000000029da                setDevice
                0x00000000000029fb                device
                0x0000000000002a07                machine_warn_user
                0x0000000000002a5e                machine_led_flash
                0x0000000000002a9e                machine_initialise
                0x0000000000002b1f                machine_flag_seen
                0x0000000000002c87                machine_seen
                0x0000000000002c94                countSetBits
                0x0000000000002cbe                machine_connections
                0x0000000000002d3c                machine_destroy
                0x0000000000002d52                machine_sleep
                0x0000000000002d63                delay
 .text          0x0000000000002dac      0x128 flashValue.o
                0x0000000000002dac                flashit
                0x0000000000002dfb                flashValue
 .text          0x0000000000002ed4      0x1a5 director_curses.o
                0x0000000000002ed4                director
 .text          0x0000000000003079      0x310 game.o
                0x0000000000003079                free_moves
                0x000000000000309b                new_level
                0x00000000000031d6                game_initialise
                0x00000000000031f1                game_destroy
                0x000000000000320c                game_display
                0x000000000000322e                game_check_it
                0x00000000000032f6                game_key
                0x000000000000333e                game_status
                0x0000000000003345                game_topscore
 .text          0x0000000000003389      0x1de connection-file.o
                0x0000000000003389                connection_initialise
                0x0000000000003390                connection_open
                0x00000000000033bb                connection_close
                0x00000000000033e8                connection_sleep
                0x00000000000033ef                connection_read
                0x0000000000003471                createFile
 *fill*         0x0000000000003567        0x9 
 .text          0x0000000000003570       0x72 /usr/lib/x86_64-linux-gnu/libc_nonshared.a(elf-init.oS)
                0x0000000000003570                __libc_csu_init
                0x00000000000035e0                __libc_csu_fini
 .text          0x00000000000035e2        0x0 /usr/lib/gcc/x86_64-linux-gnu/7/crtendS.o
 .text          0x00000000000035e2        0x0 /usr/lib/gcc/x86_64-linux-gnu/7/../../../x86_64-linux-gnu/crtn.o
 *(.gnu.warning)

.fini           0x00000000000035e4        0x9
 *(SORT_NONE(.fini))
 .fini          0x00000000000035e4        0x4 /usr/lib/gcc/x86_64-linux-gnu/7/../../../x86_64-linux-gnu/crti.o
                0x00000000000035e4                _fini
 .fini          0x00000000000035e8        0x5 /usr/lib/gcc/x86_64-linux-gnu/7/../../../x86_64-linux-gnu/crtn.o
                [!provide]                        PROVIDE (__etext = .)
                [!provide]                        PROVIDE (_etext = .)
                [!provide]                        PROVIDE (etext = .)

.rodata         0x0000000000003600      0x5b0
 *(.rodata .rodata.* .gnu.linkonce.r.*)
 .rodata.cst4   0x0000000000003600        0x4 /usr/lib/gcc/x86_64-linux-gnu/7/../../../x86_64-linux-gnu/Scrt1.o
                0x0000000000003600                _IO_stdin_used
 *fill*         0x0000000000003604       0x1c 
 .rodata        0x0000000000003620      0x2c1 led_curses.o
 .rodata        0x00000000000038e1       0x1b random.o
 .rodata        0x00000000000038fc       0x30 machine.o
 *fill*         0x000000000000392c       0x14 
 .rodata        0x0000000000003940       0xb4 director_curses.o
 .rodata        0x00000000000039f4       0x3b game.o
 *fill*         0x0000000000003a2f       0x11 
 .rodata        0x0000000000003a40      0x170 connection-file.o

.rodata1
 *(.rodata1)

.eh_frame_hdr   0x0000000000003bb0      0x1f4
 *(.eh_frame_hdr)
 .eh_frame_hdr  0x0000000000003bb0      0x1f4 /usr/lib/gcc/x86_64-linux-gnu/7/../../../x86_64-linux-gnu/Scrt1.o
                0x0000000000003bb0                __GNU_EH_FRAME_HDR
 *(.eh_frame_entry .eh_frame_entry.*)

.eh_frame       0x0000000000003da8      0x7f0
 *(.eh_frame)
 .eh_frame      0x0000000000003da8       0x30 /usr/lib/gcc/x86_64-linux-gnu/7/../../../x86_64-linux-gnu/Scrt1.o
                                         0x2c (size before relaxing)
 *fill*         0x0000000000003dd8        0x0 
 .eh_frame      0x0000000000003dd8       0x40 /usr/lib/gcc/x86_64-linux-gnu/7/../../../x86_64-linux-gnu/Scrt1.o
 .eh_frame      0x0000000000003e18       0x18 /usr/lib/gcc/x86_64-linux-gnu/7/../../../x86_64-linux-gnu/Scrt1.o
                                         0x30 (size before relaxing)
 .eh_frame      0x0000000000003e30       0x40 main.o
                                         0x58 (size before relaxing)
 .eh_frame      0x0000000000003e70      0x128 led_curses.o
                                        0x140 (size before relaxing)
 .eh_frame      0x0000000000003f98       0xc0 random.o
                                         0xd8 (size before relaxing)
 .eh_frame      0x0000000000004058      0x1c0 machine.o
                                        0x1d8 (size before relaxing)
 .eh_frame      0x0000000000004218       0x60 flashValue.o
                                         0x78 (size before relaxing)
 .eh_frame      0x0000000000004278       0x60 director_curses.o
                                         0x78 (size before relaxing)
 .eh_frame      0x00000000000042d8      0x160 game.o
                                        0x178 (size before relaxing)
 .eh_frame      0x0000000000004438      0x100 connection-file.o
                                        0x118 (size before relaxing)
 .eh_frame      0x0000000000004538       0x5c /usr/lib/x86_64-linux-gnu/libc_nonshared.a(elf-init.oS)
                                         0x78 (size before relaxing)
 .eh_frame      0x0000000000004594        0x4 /usr/lib/gcc/x86_64-linux-gnu/7/crtendS.o
 *(.eh_frame.*)

.gcc_except_table
 *(.gcc_except_table .gcc_except_table.*)

.gnu_extab
 *(.gnu_extab*)

.exception_ranges
 *(.exception_ranges .exception_ranges*)
                0x0000000000204bf8                . = DATA_SEGMENT_ALIGN (CONSTANT (MAXPAGESIZE), CONSTANT (COMMONPAGESIZE))

.eh_frame
 *(.eh_frame)
 *(.eh_frame.*)

.gnu_extab
 *(.gnu_extab)

.gcc_except_table
 *(.gcc_except_table .gcc_except_table.*)

.exception_ranges
 *(.exception_ranges .exception_ranges*)

.tdata
 *(.tdata .tdata.* .gnu.linkonce.td.*)

.tbss
 *(.tbss .tbss.* .gnu.linkonce.tb.*)
 *(.tcommon)

.preinit_array  0x0000000000204bf8        0x0
                [!provide]                        PROVIDE (__preinit_array_start = .)
 *(.preinit_array)
                [!provide]                        PROVIDE (__preinit_array_end = .)

.init_array     0x0000000000204bf8       0x48
                0x0000000000204bf8                PROVIDE (__init_array_start = .)
 *(SORT_BY_INIT_PRIORITY(.init_array.*) SORT_BY_INIT_PRIORITY(.ctors.*))
 .init_array.00099
                0x0000000000204bf8        0x8 main.o
 .init_array.00099
                0x0000000000204c00        0x8 led_curses.o
 .init_array.00099
                0x0000000000204c08        0x8 random.o
 .init_array.00099
                0x0000000000204c10        0x8 machine.o
 .init_array.00099
                0x0000000000204c18        0x8 flashValue.o
 .init_array.00099
                0x0000000000204c20        0x8 director_curses.o
 .init_array.00099
                0x0000000000204c28        0x8 game.o
 .init_array.00099
                0x0000000000204c30        0x8 connection-file.o
 *(.init_array EXCLUDE_FILE(*crtend?.o *crtend.o *crtbegin?.o *crtbegin.o) .ctors)
 .init_array    0x0000000000204c38        0x8 /usr/lib/gcc/x86_64-linux-gnu/7/crtbeginS.o
                0x0000000000204c40                PROVIDE (__init_array_end = .)

.fini_array     0x0000000000204c40       0x38
                [!provide]                        PROVIDE (__fini_array_start = .)
 *(SORT_BY_INIT_PRIORITY(.fini_array.*) SORT_BY_INIT_PRIORITY(.dtors.*))
 .fini_array.00099
                0x0000000000204c40        0x8 led_curses.o
 .fini_array.00099
                0x0000000000204c48        0x8 random.o
 .fini_array.00099
                0x0000000000204c50        0x8 machine.o
 .fini_array.00099
                0x0000000000204c58        0x8 director_curses.o
 .fini_array.00099
                0x0000000000204c60        0x8 game.o
 .fini_array.00099
                0x0000000000204c68        0x8 connection-file.o
 *(.fini_array EXCLUDE_FILE(*crtend?.o *crtend.o *crtbegin?.o *crtbegin.o) .dtors)
 .fini_array    0x0000000000204c70        0x8 /usr/lib/gcc/x86_64-linux-gnu/7/crtbeginS.o
                [!provide]                        PROVIDE (__fini_array_end = .)

.ctors
 *crtbegin.o(.ctors)
 *crtbegin?.o(.ctors)
 *(EXCLUDE_FILE(*crtend?.o *crtend.o) .ctors)
 *(SORT_BY_NAME(.ctors.*))
 *(.ctors)

.dtors
 *crtbegin.o(.dtors)
 *crtbegin?.o(.dtors)
 *(EXCLUDE_FILE(*crtend?.o *crtend.o) .dtors)
 *(SORT_BY_NAME(.dtors.*))
 *(.dtors)

.jcr
 *(.jcr)

.data.rel.ro    0x0000000000204c78        0x0
 *(.data.rel.ro.local* .gnu.linkonce.d.rel.ro.local.*)
 *(.data.rel.ro .data.rel.ro.* .gnu.linkonce.d.rel.ro.*)
 .data.rel.ro   0x0000000000204c78        0x0 /usr/lib/gcc/x86_64-linux-gnu/7/../../../x86_64-linux-gnu/Scrt1.o

.dynamic        0x0000000000204c78      0x220
 *(.dynamic)
 .dynamic       0x0000000000204c78      0x220 /usr/lib/gcc/x86_64-linux-gnu/7/../../../x86_64-linux-gnu/Scrt1.o
                0x0000000000204c78                _DYNAMIC

.got            0x0000000000204e98      0x168
 *(.got.plt)
 .got.plt       0x0000000000204e98      0x140 /usr/lib/gcc/x86_64-linux-gnu/7/../../../x86_64-linux-gnu/Scrt1.o
                0x0000000000204e98                _GLOBAL_OFFSET_TABLE_
 *(.igot.plt)
 *(.got)
 .got           0x0000000000204fd8       0x28 /usr/lib/gcc/x86_64-linux-gnu/7/../../../x86_64-linux-gnu/Scrt1.o
 *(.igot)
                0x0000000000205000                . = DATA_SEGMENT_RELRO_END (., 0x0)

.data           0x0000000000205000      0x720
 *(.data .data.* .gnu.linkonce.d.*)
 .data          0x0000000000205000        0x4 /usr/lib/gcc/x86_64-linux-gnu/7/../../../x86_64-linux-gnu/Scrt1.o
                0x0000000000205000                data_start
                0x0000000000205000                __data_start
 .data          0x0000000000205004        0x0 /usr/lib/gcc/x86_64-linux-gnu/7/../../../x86_64-linux-gnu/crti.o
 .data          0x0000000000205004        0x0 /usr/lib/gcc/x86_64-linux-gnu/7/crtbeginS.o
 *fill*         0x0000000000205004        0x4 
 .data.rel.local
                0x0000000000205008        0x8 /usr/lib/gcc/x86_64-linux-gnu/7/crtbeginS.o
                0x0000000000205008                __dso_handle
 .data          0x0000000000205010        0x0 main.o
 .data          0x0000000000205010        0x0 led_curses.o
 *fill*         0x0000000000205010       0x10 
 .data.rel.local
                0x0000000000205020      0x220 led_curses.o
 .data          0x0000000000205240        0x0 random.o
 .data.rel.local
                0x0000000000205240       0x60 random.o
 .data          0x00000000002052a0       0x40 machine.o
 .data.rel.local
                0x00000000002052e0      0x100 machine.o
 .data          0x00000000002053e0        0x0 flashValue.o
 .data          0x00000000002053e0        0x0 director_curses.o
 .data.rel.local
                0x00000000002053e0       0x40 director_curses.o
 .data          0x0000000000205420       0x80 game.o
 .data.rel.local
                0x00000000002054a0      0x140 game.o
 .data          0x00000000002055e0        0x0 connection-file.o
 .data.rel.local
                0x00000000002055e0      0x140 connection-file.o
 .data          0x0000000000205720        0x0 /usr/lib/x86_64-linux-gnu/libc_nonshared.a(elf-init.oS)
 .data          0x0000000000205720        0x0 /usr/lib/gcc/x86_64-linux-gnu/7/crtendS.o
 .data          0x0000000000205720        0x0 /usr/lib/gcc/x86_64-linux-gnu/7/../../../x86_64-linux-gnu/crtn.o

.tm_clone_table
                0x0000000000205720        0x0
 .tm_clone_table
                0x0000000000205720        0x0 /usr/lib/gcc/x86_64-linux-gnu/7/crtbeginS.o
 .tm_clone_table
                0x0000000000205720        0x0 /usr/lib/gcc/x86_64-linux-gnu/7/crtendS.o

.data1
 *(.data1)
                0x0000000000205720                _edata = .
                [!provide]                        PROVIDE (edata = .)
                0x0000000000205720                . = .
                0x0000000000205720                __bss_start = .

.bss            0x0000000000205740      0x1a8
 *(.dynbss)
 .dynbss        0x0000000000205740       0x18 /usr/lib/gcc/x86_64-linux-gnu/7/../../../x86_64-linux-gnu/Scrt1.o
                0x0000000000205740                __asan_option_detect_stack_use_after_return
                0x0000000000205750                stdscr@@NCURSES_TINFO_5.0.19991023
 *(.bss .bss.* .gnu.linkonce.b.*)
 .bss           0x0000000000205758        0x0 /usr/lib/gcc/x86_64-linux-gnu/7/../../../x86_64-linux-gnu/Scrt1.o
 .bss           0x0000000000205758        0x0 /usr/lib/gcc/x86_64-linux-gnu/7/../../../x86_64-linux-gnu/crti.o
 .bss           0x0000000000205758        0x1 /usr/lib/gcc/x86_64-linux-gnu/7/crtbeginS.o
 .bss           0x0000000000205759        0x0 main.o
 *fill*         0x0000000000205759        0x7 
 .bss           0x0000000000205760       0x40 led_curses.o
 .bss           0x00000000002057a0       0x40 random.o
 .bss           0x00000000002057e0       0x80 machine.o
 .bss           0x0000000000205860        0x0 flashValue.o
 .bss           0x0000000000205860        0x0 director_curses.o
 .bss           0x0000000000205860       0x80 game.o
 .bss           0x00000000002058e0        0x0 connection-file.o
 .bss           0x00000000002058e0        0x0 /usr/lib/x86_64-linux-gnu/libc_nonshared.a(elf-init.oS)
 .bss           0x00000000002058e0        0x0 /usr/lib/gcc/x86_64-linux-gnu/7/crtendS.o
 .bss           0x00000000002058e0        0x0 /usr/lib/gcc/x86_64-linux-gnu/7/../../../x86_64-linux-gnu/crtn.o
 *(COMMON)
 COMMON         0x00000000002058e0        0x8 connection-file.o
                0x00000000002058e0                fp
                0x00000000002058e8                . = ALIGN ((. != 0x0)?0x8:0x1)

.lbss
 *(.dynlbss)
 *(.lbss .lbss.* .gnu.linkonce.lb.*)
 *(LARGE_COMMON)
                0x00000000002058e8                . = ALIGN (0x8)
                0x00000000002058e8                . = SEGMENT_START ("ldata-segment", .)

.lrodata
 *(.lrodata .lrodata.* .gnu.linkonce.lr.*)

.ldata          0x00000000006058e8        0x0
 *(.ldata .ldata.* .gnu.linkonce.l.*)
                0x00000000006058e8                . = ALIGN ((. != 0x0)?0x8:0x1)
                0x00000000006058e8                . = ALIGN (0x8)
                0x00000000006058e8                _end = .
                [!provide]                        PROVIDE (end = .)
                0x00000000006058e8                . = DATA_SEGMENT_END (.)

.stab
 *(.stab)

.stabstr
 *(.stabstr)

.stab.excl
 *(.stab.excl)

.stab.exclstr
 *(.stab.exclstr)

.stab.index
 *(.stab.index)

.stab.indexstr
 *(.stab.indexstr)

.comment        0x0000000000000000       0x2a
 *(.comment)
 .comment       0x0000000000000000       0x2a /usr/lib/gcc/x86_64-linux-gnu/7/crtbeginS.o
                                         0x2b (size before relaxing)
 .comment       0x000000000000002a       0x2b main.o
 .comment       0x000000000000002a       0x2b led_curses.o
 .comment       0x000000000000002a       0x2b random.o
 .comment       0x000000000000002a       0x2b machine.o
 .comment       0x000000000000002a       0x2b flashValue.o
 .comment       0x000000000000002a       0x2b director_curses.o
 .comment       0x000000000000002a       0x2b game.o
 .comment       0x000000000000002a       0x2b connection-file.o
 .comment       0x000000000000002a       0x2b /usr/lib/gcc/x86_64-linux-gnu/7/crtendS.o

.debug
 *(.debug)

.line
 *(.line)

.debug_srcinfo
 *(.debug_srcinfo)

.debug_sfnames
 *(.debug_sfnames)

.debug_aranges
 *(.debug_aranges)

.debug_pubnames
 *(.debug_pubnames)

.debug_info
 *(.debug_info .gnu.linkonce.wi.*)

.debug_abbrev
 *(.debug_abbrev)

.debug_line
 *(.debug_line .debug_line.* .debug_line_end)

.debug_frame
 *(.debug_frame)

.debug_str
 *(.debug_str)

.debug_loc
 *(.debug_loc)

.debug_macinfo
 *(.debug_macinfo)

.debug_weaknames
 *(.debug_weaknames)

.debug_funcnames
 *(.debug_funcnames)

.debug_typenames
 *(.debug_typenames)

.debug_varnames
 *(.debug_varnames)

.debug_pubtypes
 *(.debug_pubtypes)

.debug_ranges
 *(.debug_ranges)

.debug_macro
 *(.debug_macro)

.debug_addr
 *(.debug_addr)

.gnu.attributes
 *(.gnu.attributes)

/DISCARD/
 *(.note.GNU-stack)
 *(.gnu_debuglink)
 *(.gnu.lto_*)
OUTPUT(game elf64-x86-64)
