Microchip MPLAB XC8 Compiler V2.00 ()

Linker command line:

-W-3 --edf=C:\Program Files (x86)\Microchip\xc8\v2.00\pic\dat\en_msgs.txt \
  -cs -h+dist/default/production\aj2019-kit.production.sym \
  --cmf=dist/default/production\aj2019-kit.production.cmf -z -Q12LF1572 \
  -oC:\Users\Lachlan\AppData\Local\Temp\sa14.2 --defsym=__MPLAB_BUILD=1 \
  -Mdist/default/production/aj2019-kit.production.map -E1 -ver=XC8 \
  --acfsm=1493 -ASTACK=02010h-020efh -pstack=STACK -ACODE=00h-07FFh \
  -ASTRCODE=00h-07FFh -ASTRING=00h-0FFhx8 -ACONST=00h-0FFhx8 \
  -AENTRY=00h-0FFhx8 -ACOMMON=070h-07Fh -ABANK0=020h-06Fh -ABANK1=0A0h-0EFh \
  -ABANK2=0120h-016Fh -ABIGRAM=02000h-020EFh \
  -ARAM=020h-06Fh,0A0h-0EFh,0120h-016Fh \
  -AABS1=020h-07Fh,0A0h-0EFh,0120h-016Fh -ASFR0=00h-01Fh -ASFR1=080h-09Fh \
  -ASFR2=0100h-011Fh -ASFR3=0180h-01EFh -ASFR4=0200h-026Fh \
  -ASFR5=0280h-02EFh -ASFR6=0300h-036Fh -ASFR7=0380h-03EFh \
  -ASFR8=0400h-046Fh -ASFR9=0480h-04EFh -ASFR10=0500h-056Fh \
  -ASFR11=0580h-05EFh -ASFR12=0600h-066Fh -ASFR13=0680h-06EFh \
  -ASFR14=0700h-076Fh -ASFR15=0780h-07EFh -ASFR16=0800h-086Fh \
  -ASFR17=0880h-08EFh -ASFR18=0900h-096Fh -ASFR19=0980h-09EFh \
  -ASFR20=0A00h-0A6Fh -ASFR21=0A80h-0AEFh -ASFR22=0B00h-0B6Fh \
  -ASFR23=0B80h-0BEFh -ASFR24=0C00h-0C6Fh -ASFR25=0C80h-0CEFh \
  -ASFR26=0D00h-0D6Fh -ASFR27=0D80h-0DEFh -ASFR28=0E00h-0E6Fh \
  -ASFR29=0E80h-0EEFh -ASFR30=0F00h-0F6Fh -ASFR31=0F80h-0FEFh \
  -preset_vec=00h,intentry=04h,init,end_init -ppowerup=CODE -pcinit=CODE \
  -pfunctab=ENTRY -ACONFIG=08007h-08008h -pconfig=CONFIG -DCONFIG=2 \
  -AIDLOC=08000h-08003h -pidloc=IDLOC -DIDLOC=2 -DCODE=2 -DSTRCODE=2 \
  -DSTRING=2 -DCONST=2 -DENTRY=2 -k \
  C:\Users\Lachlan\AppData\Local\Temp\sa14.o \
  dist/default/production\aj2019-kit.production.o 

Object code version is 3.11

Machine type is 12LF1572



                Name                               Link     Load   Length Selector   Space Scale
C:\Users\Lachlan\AppData\Local\Temp\sa14.o
                end_init                             15       15        1        8       0
                reset_vec                             0        0        1        0       0
                config                             8007     8007        2    1000E       0
dist/default/production\aj2019-kit.production.o
                cinit                                16       16       18        8       0
                intentry                              4        4       11        8       0
                text38                              27D      27D        1      4F8       0
                text37                              27C      27C        1      4F8       0
                text36                              1D5      1D5        F        8       0
                text35                              202      202        A        8       0
                text33                              213      213        7        8       0
                text32                              250      250        5        8       0
                text31                              125      125       21        8       0
                text30                              1AD      1AD       15        8       0
                text29                              198      198       15        8       0
                text28                              183      183       15        8       0
                text27                              259      259        4        8       0
                text26                              1C2      1C2       13        8       0
                text25                              20C      20C        7        8       0
                text24                              24A      24A        6        8       0
                text23                              275      275        3        8       0
                text22                              244      244        6        8       0
                text21                              272      272        3        8       0
                text20                              23E      23E        6        8       0
                text19                              26F      26F        3        8       0
                text18                              146      146       1F        8       0
                text17                              165      165       1E        8       0
                text16                              1F8      1F8        A        8       0
                text15                              238      238        6        8       0
                text14                              232      232        6        8       0
                text13                              22C      22C        6        8       0
                text12                              226      226        6        8       0
                text11                              220      220        6        8       0
                text10                              21A      21A        6        8       0
                text9                               26C      26C        3        8       0
                text8                               269      269        3        8       0
                text7                               266      266        3        8       0
                text6                               1EE      1EE        A        8       0
                text5                                D0       D0       55        8       0
                text4                               263      263        3        8       0
                text3                               260      260        3        8       0
                text2                               25D      25D        3        8       0
                text1                               1E4      1E4        A        8       0
                maintext                             2E       2E       A2        8       0
                cstackBANK0                          20       20        7       20       1
                cstackCOMMON                         70       70        B       70       1
                dataBANK0                            2C       2C        4       20       1
                bssBANK0                             27       27        5       20       1
                nvCOMMON                             7B       7B        2       70       1
                stringtext2                         27A      27A        2      4F0       0
                stringtext1                         278      278        2      4F0       0
                idataBANK0                          255      255        4        8       0

TOTAL           Name                               Link     Load   Length     Space
        CLASS   STACK          

        CLASS   CODE           
                end_init                             15       15        1         0
                cinit                                16       16       18         0
                intentry                              4        4       11         0
                reset_vec                             0        0        1         0
                text38                              27D      27D        1         0
                text37                              27C      27C        1         0
                text36                              1D5      1D5        F         0
                text35                              202      202        A         0
                text33                              213      213        7         0
                text32                              250      250        5         0
                text31                              125      125       21         0
                text30                              1AD      1AD       15         0
                text29                              198      198       15         0
                text28                              183      183       15         0
                text27                              259      259        4         0
                text26                              1C2      1C2       13         0
                text25                              20C      20C        7         0
                text24                              24A      24A        6         0
                text23                              275      275        3         0
                text22                              244      244        6         0
                text21                              272      272        3         0
                text20                              23E      23E        6         0
                text19                              26F      26F        3         0
                text18                              146      146       1F         0
                text17                              165      165       1E         0
                text16                              1F8      1F8        A         0
                text15                              238      238        6         0
                text14                              232      232        6         0
                text13                              22C      22C        6         0
                text12                              226      226        6         0
                text11                              220      220        6         0
                text10                              21A      21A        6         0
                text9                               26C      26C        3         0
                text8                               269      269        3         0
                text7                               266      266        3         0
                text6                               1EE      1EE        A         0
                text5                                D0       D0       55         0
                text4                               263      263        3         0
                text3                               260      260        3         0
                text2                               25D      25D        3         0
                text1                               1E4      1E4        A         0
                maintext                             2E       2E       A2         0
                idataBANK0                          255      255        4         0

        CLASS   STRCODE        
                stringtext2                         27A      27A        2         0
                stringtext1                         278      278        2         0

        CLASS   STRING         

        CLASS   CONST          

        CLASS   ENTRY          

        CLASS   COMMON         
                cstackCOMMON                         70       70        B         1
                nvCOMMON                             7B       7B        2         1

        CLASS   BANK0          
                cstackBANK0                          20       20        7         1
                dataBANK0                            2C       2C        4         1
                bssBANK0                             27       27        5         1

        CLASS   BANK1          

        CLASS   BANK2          

        CLASS   BIGRAM         

        CLASS   RAM            

        CLASS   ABS1           
                abs_s1                               7E       7E        2         1

        CLASS   SFR0           

        CLASS   SFR1           

        CLASS   SFR2           

        CLASS   SFR3           

        CLASS   SFR4           

        CLASS   SFR5           

        CLASS   SFR6           

        CLASS   SFR7           

        CLASS   SFR8           

        CLASS   SFR9           

        CLASS   SFR10          

        CLASS   SFR11          

        CLASS   SFR12          

        CLASS   SFR13          

        CLASS   SFR14          

        CLASS   SFR15          

        CLASS   SFR16          

        CLASS   SFR17          

        CLASS   SFR18          

        CLASS   SFR19          

        CLASS   SFR20          

        CLASS   SFR21          

        CLASS   SFR22          

        CLASS   SFR23          

        CLASS   SFR24          

        CLASS   SFR25          

        CLASS   SFR26          

        CLASS   SFR27          

        CLASS   SFR28          

        CLASS   SFR29          

        CLASS   SFR30          

        CLASS   SFR31          

        CLASS   CONFIG         
                config                             8007     8007        2         0

        CLASS   IDLOC          

        CLASS   BANK31         

        CLASS   BANK30         

        CLASS   BANK29         

        CLASS   BANK28         

        CLASS   BANK27         

        CLASS   BANK26         

        CLASS   BANK25         

        CLASS   BANK24         

        CLASS   BANK23         

        CLASS   BANK22         

        CLASS   BANK21         

        CLASS   BANK20         

        CLASS   BANK19         

        CLASS   BANK18         

        CLASS   BANK17         

        CLASS   BANK16         

        CLASS   BANK15         

        CLASS   BANK14         

        CLASS   BANK13         

        CLASS   BANK12         

        CLASS   BANK11         

        CLASS   BANK10         

        CLASS   BANK9          

        CLASS   BANK8          

        CLASS   BANK7          

        CLASS   BANK6          

        CLASS   BANK5          

        CLASS   BANK4          

        CLASS   BANK3          

        CLASS   EEDATA         



SEGMENTS        Name                           Load    Length   Top    Selector   Space  Class     Delta

                reset_vec                      000000  000001  000001         0       0  CODE        2
                intentry                       000004  000274  000278         8       0  CODE        2
                cstackBANK0                    000020  000010  000030        20       1  BANK0       1
                cstackCOMMON                   000070  00000D  00007D        70       1  COMMON      1
                stringtext1                    000278  000004  00027C       4F0       0  STRCODE     2
                text37                         00027C  000002  00027E       4F8       0  CODE        2
                config                         008007  000002  008009     1000E       0  CONFIG      2


UNUSED ADDRESS RANGES

        Name                Unused          Largest block    Delta
        BANK0            00030-0006F              40           1
        BANK1            000A0-000EF              50           1
        BANK2            00120-0016F              50           1
        BIGRAM           02000-020EF              F0           1
        CODE             00001-00003               3           2
                         0027E-007FF             582
        COMMON           0007D-0007D               1           1
        CONST            00001-00003               3           2
                         0027E-007FF             100
        ENTRY            00001-00003               3           2
                         0027E-007FF             100
        IDLOC            08000-08003               4           2
        RAM              00030-0006F              40           1
                         000A0-000EF              50
                         00120-0016F              50
        SFR0             00000-0001F              20           1
        SFR1             00080-0009F              20           1
        SFR10            00500-0056F              70           1
        SFR11            00580-005EF              70           1
        SFR12            00600-0066F              70           1
        SFR13            00680-006EF              70           1
        SFR14            00700-0076F              70           1
        SFR15            00780-007EF              70           1
        SFR16            00800-0086F              70           1
        SFR17            00880-008EF              70           1
        SFR18            00900-0096F              70           1
        SFR19            00980-009EF              70           1
        SFR2             00100-0011F              20           1
        SFR20            00A00-00A6F              70           1
        SFR21            00A80-00AEF              70           1
        SFR22            00B00-00B6F              70           1
        SFR23            00B80-00BEF              70           1
        SFR24            00C00-00C6F              70           1
        SFR25            00C80-00CEF              70           1
        SFR26            00D00-00D6F              70           1
        SFR27            00D80-00DEF              70           1
        SFR28            00E00-00E6F              70           1
        SFR29            00E80-00EEF              70           1
        SFR3             00180-001EF              70           1
        SFR30            00F00-00F6F              70           1
        SFR31            00F80-00FEF              70           1
        SFR4             00200-0026F              70           1
        SFR5             00280-002EF              70           1
        SFR6             00300-0036F              70           1
        SFR7             00380-003EF              70           1
        SFR8             00400-0046F              70           1
        SFR9             00480-004EF              70           1
        STACK            02010-020EF              E0           1
        STRCODE          00001-00003               3           2
                         0027E-007FF             582
        STRING           00001-00003               3           2
                         0027E-007FF             100

                                  Symbol Table

IOCAF0_SetInterruptHandler@InterruptHandler cstackCOMMON 00070
PWM1_DutyCycleSet@dutyCycleCount            cstackCOMMON 00070
PWM1_PeriodSet@periodCount                  cstackCOMMON 00070
PWM1_PhaseSet@phaseCount                    cstackCOMMON 00070
PWM2_DutyCycleSet@dutyCycleCount            cstackCOMMON 00070
PWM2_PeriodSet@periodCount                  cstackCOMMON 00070
PWM2_PhaseSet@phaseCount                    cstackCOMMON 00070
PWM3_DutyCycleSet@dutyCycleCount            cstackCOMMON 00070
PWM3_PeriodSet@periodCount                  cstackCOMMON 00070
PWM3_PhaseSet@phaseCount                    cstackCOMMON 00070
_ADCON0                                     (abs)        0009D
_ADCON0bits                                 (abs)        0009D
_ADCON1                                     (abs)        0009E
_ADCON2                                     (abs)        0009F
_ADRESH                                     (abs)        0009C
_ADRESL                                     (abs)        0009B
_ANSELA                                     (abs)        0018C
_ANSELAbits                                 (abs)        0018C
_APFCON                                     (abs)        0011D
_BAUDCON                                    (abs)        0019F
_BORCON                                     (abs)        00116
_INTCONbits                                 (abs)        0000B
_INTERRUPT_InterruptManager                 intentry     00004
_IOCAF0_DefaultInterruptHandler             text37       0027C
_IOCAF0_ISR                                 text36       001D5
_IOCAF0_InterruptHandler                    nvCOMMON     0007B
_IOCAF0_SetInterruptHandler                 text32       00250
_IOCAFbits                                  (abs)        00393
_IOCANbits                                  (abs)        00392
_IOCAPbits                                  (abs)        00391
_LATA                                       (abs)        0010C
_LED1                                       dataBANK0    0002E
_LED2                                       dataBANK0    0002C
_LED3                                       bssBANK0     0002A
_ODCONA                                     (abs)        0028C
_OPTION_REGbits                             (abs)        00095
_OSCCON                                     (abs)        00099
_OSCILLATOR_Initialize                      text33       00213
_OSCTUNE                                    (abs)        00098
_PIN_MANAGER_IOC                            text35       00202
_PIN_MANAGER_Initialize                     text31       00125
_PIR1bits                                   (abs)        00011
_PWM1CLKCON                                 (abs)        00D9E
_PWM1CON                                    (abs)        00D9B
_PWM1CONbits                                (abs)        00D9B
_PWM1DCH                                    (abs)        00D94
_PWM1DCL                                    (abs)        00D93
_PWM1INTE                                   (abs)        00D9C
_PWM1INTF                                   (abs)        00D9D
_PWM1INTFbits                               (abs)        00D9D
_PWM1LDCON                                  (abs)        00D9F
_PWM1LDCONbits                              (abs)        00D9F
_PWM1OFCON                                  (abs)        00DA0
_PWM1OFH                                    (abs)        00D98
_PWM1OFL                                    (abs)        00D97
_PWM1PHH                                    (abs)        00D92
_PWM1PHL                                    (abs)        00D91
_PWM1PRH                                    (abs)        00D96
_PWM1PRL                                    (abs)        00D95
_PWM1TMRH                                   (abs)        00D9A
_PWM1TMRL                                   (abs)        00D99
_PWM1_DutyCycleSet                          text24       0024A
_PWM1_Initialize                            text30       001AD
_PWM1_LoadBufferSet                         text23       00275
_PWM1_PeriodSet                             text15       00238
_PWM1_PhaseSet                              text14       00232
_PWM1_Start                                 text4        00263
_PWM1_Stop                                  text9        0026C
_PWM2CLKCON                                 (abs)        00DAE
_PWM2CON                                    (abs)        00DAB
_PWM2CONbits                                (abs)        00DAB
_PWM2DCH                                    (abs)        00DA4
_PWM2DCL                                    (abs)        00DA3
_PWM2INTE                                   (abs)        00DAC
_PWM2INTF                                   (abs)        00DAD
_PWM2INTFbits                               (abs)        00DAD
_PWM2LDCON                                  (abs)        00DAF
_PWM2LDCONbits                              (abs)        00DAF
_PWM2OFCON                                  (abs)        00DB0
_PWM2OFH                                    (abs)        00DA8
_PWM2OFL                                    (abs)        00DA7
_PWM2PHH                                    (abs)        00DA2
_PWM2PHL                                    (abs)        00DA1
_PWM2PRH                                    (abs)        00DA6
_PWM2PRL                                    (abs)        00DA5
_PWM2TMRH                                   (abs)        00DAA
_PWM2TMRL                                   (abs)        00DA9
_PWM2_DutyCycleSet                          text22       00244
_PWM2_Initialize                            text29       00198
_PWM2_LoadBufferSet                         text21       00272
_PWM2_PeriodSet                             text13       0022C
_PWM2_PhaseSet                              text12       00226
_PWM2_Start                                 text3        00260
_PWM2_Stop                                  text8        00269
_PWM3CLKCON                                 (abs)        00DBE
_PWM3CON                                    (abs)        00DBB
_PWM3CONbits                                (abs)        00DBB
_PWM3DCH                                    (abs)        00DB4
_PWM3DCL                                    (abs)        00DB3
_PWM3INTE                                   (abs)        00DBC
_PWM3INTF                                   (abs)        00DBD
_PWM3INTFbits                               (abs)        00DBD
_PWM3LDCON                                  (abs)        00DBF
_PWM3LDCONbits                              (abs)        00DBF
_PWM3OFCON                                  (abs)        00DC0
_PWM3OFH                                    (abs)        00DB8
_PWM3OFL                                    (abs)        00DB7
_PWM3PHH                                    (abs)        00DB2
_PWM3PHL                                    (abs)        00DB1
_PWM3PRH                                    (abs)        00DB6
_PWM3PRL                                    (abs)        00DB5
_PWM3TMRH                                   (abs)        00DBA
_PWM3TMRL                                   (abs)        00DB9
_PWM3_DutyCycleSet                          text20       0023E
_PWM3_Initialize                            text28       00183
_PWM3_LoadBufferSet                         text19       0026F
_PWM3_PeriodSet                             text11       00220
_PWM3_PhaseSet                              text10       0021A
_PWM3_Start                                 text2        0025D
_PWM3_Stop                                  text7        00266
_RCREG                                      (abs)        00199
_RCSTA                                      (abs)        0019D
_RCSTAbits                                  (abs)        0019D
_SLRCONA                                    (abs)        0030C
_SPBRGH                                     (abs)        0019C
_SPBRGL                                     (abs)        0019B
_SYSTEM_Initialize                          text26       001C2
_TRISA                                      (abs)        0008C
_TRISAbits                                  (abs)        0008C
_TXREG                                      (abs)        0019A
_TXSTA                                      (abs)        0019E
_TXSTAbits                                  (abs)        0019E
_WDTCON                                     (abs)        00097
_WDT_Initialize                             text27       00259
_WPUA                                       (abs)        0020C
__CFG_BOREN$ON                              (abs)        00000
__CFG_BORV$LO                               (abs)        00000
__CFG_CLKOUTEN$OFF                          (abs)        00000
__CFG_CP$OFF                                (abs)        00000
__CFG_FOSC$INTOSC                           (abs)        00000
__CFG_LPBOREN$OFF                           (abs)        00000
__CFG_LVP$OFF                               (abs)        00000
__CFG_MCLRE$OFF                             (abs)        00000
__CFG_PLLEN$OFF                             (abs)        00000
__CFG_PWRTE$OFF                             (abs)        00000
__CFG_STVREN$ON                             (abs)        00000
__CFG_WDTE$OFF                              (abs)        00000
__CFG_WRT$OFF                               (abs)        00000
__Habs1                                     abs1         00000
__Hbank0                                    bank0        00000
__Hbank1                                    bank1        00000
__Hbank10                                   bank10       00000
__Hbank11                                   bank11       00000
__Hbank12                                   bank12       00000
__Hbank13                                   bank13       00000
__Hbank14                                   bank14       00000
__Hbank15                                   bank15       00000
__Hbank16                                   bank16       00000
__Hbank17                                   bank17       00000
__Hbank18                                   bank18       00000
__Hbank19                                   bank19       00000
__Hbank2                                    bank2        00000
__Hbank20                                   bank20       00000
__Hbank21                                   bank21       00000
__Hbank22                                   bank22       00000
__Hbank23                                   bank23       00000
__Hbank24                                   bank24       00000
__Hbank25                                   bank25       00000
__Hbank26                                   bank26       00000
__Hbank27                                   bank27       00000
__Hbank28                                   bank28       00000
__Hbank29                                   bank29       00000
__Hbank3                                    bank3        00000
__Hbank30                                   bank30       00000
__Hbank31                                   bank31       00000
__Hbank4                                    bank4        00000
__Hbank5                                    bank5        00000
__Hbank6                                    bank6        00000
__Hbank7                                    bank7        00000
__Hbank8                                    bank8        00000
__Hbank9                                    bank9        00000
__Hbigram                                   bigram       00000
__HbssBANK0                                 bssBANK0     00000
__Hcinit                                    cinit        0002E
__Hclrtext                                  clrtext      00000
__Hcode                                     code         00000
__Hcommon                                   common       00000
__Hconfig                                   config       08009
__HcstackBANK0                              cstackBANK0  00000
__HcstackCOMMON                             cstackCOMMON 00000
__HdataBANK0                                dataBANK0    00000
__Heeprom_data                              eeprom_data  00000
__Hend_init                                 end_init     00016
__Hfunctab                                  functab      00000
__HidataBANK0                               idataBANK0   00000
__Hidloc                                    idloc        00000
__Hinit                                     init         00015
__Hintentry                                 intentry     00015
__Hmaintext                                 maintext     00000
__HnvCOMMON                                 nvCOMMON     00000
__Hpowerup                                  powerup      00000
__Hram                                      ram          00000
__Hreset_vec                                reset_vec    00001
__Hsfr0                                     sfr0         00000
__Hsfr1                                     sfr1         00000
__Hsfr10                                    sfr10        00000
__Hsfr11                                    sfr11        00000
__Hsfr12                                    sfr12        00000
__Hsfr13                                    sfr13        00000
__Hsfr14                                    sfr14        00000
__Hsfr15                                    sfr15        00000
__Hsfr16                                    sfr16        00000
__Hsfr17                                    sfr17        00000
__Hsfr18                                    sfr18        00000
__Hsfr19                                    sfr19        00000
__Hsfr2                                     sfr2         00000
__Hsfr20                                    sfr20        00000
__Hsfr21                                    sfr21        00000
__Hsfr22                                    sfr22        00000
__Hsfr23                                    sfr23        00000
__Hsfr24                                    sfr24        00000
__Hsfr25                                    sfr25        00000
__Hsfr26                                    sfr26        00000
__Hsfr27                                    sfr27        00000
__Hsfr28                                    sfr28        00000
__Hsfr29                                    sfr29        00000
__Hsfr3                                     sfr3         00000
__Hsfr30                                    sfr30        00000
__Hsfr31                                    sfr31        00000
__Hsfr4                                     sfr4         00000
__Hsfr5                                     sfr5         00000
__Hsfr6                                     sfr6         00000
__Hsfr7                                     sfr7         00000
__Hsfr8                                     sfr8         00000
__Hsfr9                                     sfr9         00000
__Hspace_0                                  (abs)        08009
__Hspace_1                                  (abs)        0007D
__Hspace_2                                  (abs)        00000
__Hspace_3                                  (abs)        00000
__Hstack                                    stack        00000
__Hstrings                                  strings      00000
__Hstringtext1                              stringtext1  00000
__Hstringtext2                              stringtext2  00000
__Htext                                     text         00000
__Labs1                                     abs1         00000
__Lbank0                                    bank0        00000
__Lbank1                                    bank1        00000
__Lbank10                                   bank10       00000
__Lbank11                                   bank11       00000
__Lbank12                                   bank12       00000
__Lbank13                                   bank13       00000
__Lbank14                                   bank14       00000
__Lbank15                                   bank15       00000
__Lbank16                                   bank16       00000
__Lbank17                                   bank17       00000
__Lbank18                                   bank18       00000
__Lbank19                                   bank19       00000
__Lbank2                                    bank2        00000
__Lbank20                                   bank20       00000
__Lbank21                                   bank21       00000
__Lbank22                                   bank22       00000
__Lbank23                                   bank23       00000
__Lbank24                                   bank24       00000
__Lbank25                                   bank25       00000
__Lbank26                                   bank26       00000
__Lbank27                                   bank27       00000
__Lbank28                                   bank28       00000
__Lbank29                                   bank29       00000
__Lbank3                                    bank3        00000
__Lbank30                                   bank30       00000
__Lbank31                                   bank31       00000
__Lbank4                                    bank4        00000
__Lbank5                                    bank5        00000
__Lbank6                                    bank6        00000
__Lbank7                                    bank7        00000
__Lbank8                                    bank8        00000
__Lbank9                                    bank9        00000
__Lbigram                                   bigram       00000
__LbssBANK0                                 bssBANK0     00000
__Lcinit                                    cinit        00016
__Lclrtext                                  clrtext      00000
__Lcode                                     code         00000
__Lcommon                                   common       00000
__Lconfig                                   config       08007
__LcstackBANK0                              cstackBANK0  00000
__LcstackCOMMON                             cstackCOMMON 00000
__LdataBANK0                                dataBANK0    00000
__Leeprom_data                              eeprom_data  00000
__Lend_init                                 end_init     00015
__Lfunctab                                  functab      00000
__LidataBANK0                               idataBANK0   00000
__Lidloc                                    idloc        00000
__Linit                                     init         00015
__Lintentry                                 intentry     00004
__Lmaintext                                 maintext     00000
__LnvCOMMON                                 nvCOMMON     00000
__Lpowerup                                  powerup      00000
__Lram                                      ram          00000
__Lreset_vec                                reset_vec    00000
__Lsfr0                                     sfr0         00000
__Lsfr1                                     sfr1         00000
__Lsfr10                                    sfr10        00000
__Lsfr11                                    sfr11        00000
__Lsfr12                                    sfr12        00000
__Lsfr13                                    sfr13        00000
__Lsfr14                                    sfr14        00000
__Lsfr15                                    sfr15        00000
__Lsfr16                                    sfr16        00000
__Lsfr17                                    sfr17        00000
__Lsfr18                                    sfr18        00000
__Lsfr19                                    sfr19        00000
__Lsfr2                                     sfr2         00000
__Lsfr20                                    sfr20        00000
__Lsfr21                                    sfr21        00000
__Lsfr22                                    sfr22        00000
__Lsfr23                                    sfr23        00000
__Lsfr24                                    sfr24        00000
__Lsfr25                                    sfr25        00000
__Lsfr26                                    sfr26        00000
__Lsfr27                                    sfr27        00000
__Lsfr28                                    sfr28        00000
__Lsfr29                                    sfr29        00000
__Lsfr3                                     sfr3         00000
__Lsfr30                                    sfr30        00000
__Lsfr31                                    sfr31        00000
__Lsfr4                                     sfr4         00000
__Lsfr5                                     sfr5         00000
__Lsfr6                                     sfr6         00000
__Lsfr7                                     sfr7         00000
__Lsfr8                                     sfr8         00000
__Lsfr9                                     sfr9         00000
__Lspace_0                                  (abs)        00000
__Lspace_1                                  (abs)        00000
__Lspace_2                                  (abs)        00000
__Lspace_3                                  (abs)        00000
__Lstack                                    stack        00000
__Lstrings                                  strings      00000
__Lstringtext1                              stringtext1  00000
__Lstringtext2                              stringtext2  00000
__Ltext                                     text         00000
__S0                                        (abs)        08009
__S1                                        (abs)        0007D
__S2                                        (abs)        00000
___int_sp                                   stack        00000
___latbits                                  (abs)        00000
___sp                                       stack        00000
__end_of_INTERRUPT_InterruptManager         intentry     00015
__end_of_IOCAF0_DefaultInterruptHandler     text37       0027D
__end_of_IOCAF0_ISR                         text36       001E4
__end_of_IOCAF0_SetInterruptHandler         text32       00255
__end_of_OSCILLATOR_Initialize              text33       0021A
__end_of_PIN_MANAGER_IOC                    text35       0020C
__end_of_PIN_MANAGER_Initialize             text31       00146
__end_of_PWM1_DutyCycleSet                  text24       00250
__end_of_PWM1_Initialize                    text30       001C2
__end_of_PWM1_LoadBufferSet                 text23       00278
__end_of_PWM1_PeriodSet                     text15       0023E
__end_of_PWM1_PhaseSet                      text14       00238
__end_of_PWM1_Start                         text4        00266
__end_of_PWM1_Stop                          text9        0026F
__end_of_PWM2_DutyCycleSet                  text22       0024A
__end_of_PWM2_Initialize                    text29       001AD
__end_of_PWM2_LoadBufferSet                 text21       00275
__end_of_PWM2_PeriodSet                     text13       00232
__end_of_PWM2_PhaseSet                      text12       0022C
__end_of_PWM2_Start                         text3        00263
__end_of_PWM2_Stop                          text8        0026C
__end_of_PWM3_DutyCycleSet                  text20       00244
__end_of_PWM3_Initialize                    text28       00198
__end_of_PWM3_LoadBufferSet                 text19       00272
__end_of_PWM3_PeriodSet                     text11       00226
__end_of_PWM3_PhaseSet                      text10       00220
__end_of_PWM3_Start                         text2        00260
__end_of_PWM3_Stop                          text7        00269
__end_of_SYSTEM_Initialize                  text26       001D5
__end_of_WDT_Initialize                     text27       0025D
__end_of__initialization                    cinit        0002B
__end_of_disableSerial                      text25       00213
__end_of_goToSleep                          text17       00183
__end_of_main                               maintext     000D0
__end_of_setLEDs                            text18       00165
__end_of_setupButtonInterrupt               text16       00202
__end_of_setupLEDs                          text5        00125
__end_of_startLEDs                          text1        001EE
__end_of_stopLEDs                           text6        001F8
__end_of_wakeHandler                        text38       0027E
__end_ofsetupLEDs@initial_duty              stringtext2  0027C
__end_ofsetupLEDs@initial_phase             stringtext1  0027A
__initialization                            cinit        00016
__pbssBANK0                                 bssBANK0     00027
__pcstackBANK0                              cstackBANK0  00020
__pcstackCOMMON                             cstackCOMMON 00070
__pdataBANK0                                dataBANK0    0002C
__pidataBANK0                               idataBANK0   00255
__pintentry                                 intentry     00004
__pmaintext                                 maintext     0002E
__pnvCOMMON                                 nvCOMMON     0007B
__pstringtext1                              stringtext1  00278
__pstringtext2                              stringtext2  0027A
__ptext1                                    text1        001E4
__ptext10                                   text10       0021A
__ptext11                                   text11       00220
__ptext12                                   text12       00226
__ptext13                                   text13       0022C
__ptext14                                   text14       00232
__ptext15                                   text15       00238
__ptext16                                   text16       001F8
__ptext17                                   text17       00165
__ptext18                                   text18       00146
__ptext19                                   text19       0026F
__ptext2                                    text2        0025D
__ptext20                                   text20       0023E
__ptext21                                   text21       00272
__ptext22                                   text22       00244
__ptext23                                   text23       00275
__ptext24                                   text24       0024A
__ptext25                                   text25       0020C
__ptext26                                   text26       001C2
__ptext27                                   text27       00259
__ptext28                                   text28       00183
__ptext29                                   text29       00198
__ptext3                                    text3        00260
__ptext30                                   text30       001AD
__ptext31                                   text31       00125
__ptext32                                   text32       00250
__ptext33                                   text33       00213
__ptext35                                   text35       00202
__ptext36                                   text36       001D5
__ptext37                                   text37       0027C
__ptext38                                   text38       0027D
__ptext4                                    text4        00263
__ptext5                                    text5        000D0
__ptext6                                    text6        001EE
__ptext7                                    text7        00266
__ptext8                                    text8        00269
__ptext9                                    text9        0026C
__size_of_INTERRUPT_InterruptManager        (abs)        00000
__size_of_IOCAF0_DefaultInterruptHandler    (abs)        00000
__size_of_IOCAF0_ISR                        (abs)        00000
__size_of_IOCAF0_SetInterruptHandler        (abs)        00000
__size_of_OSCILLATOR_Initialize             (abs)        00000
__size_of_PIN_MANAGER_IOC                   (abs)        00000
__size_of_PIN_MANAGER_Initialize            (abs)        00000
__size_of_PWM1_DutyCycleSet                 (abs)        00000
__size_of_PWM1_Initialize                   (abs)        00000
__size_of_PWM1_LoadBufferSet                (abs)        00000
__size_of_PWM1_PeriodSet                    (abs)        00000
__size_of_PWM1_PhaseSet                     (abs)        00000
__size_of_PWM1_Start                        (abs)        00000
__size_of_PWM1_Stop                         (abs)        00000
__size_of_PWM2_DutyCycleSet                 (abs)        00000
__size_of_PWM2_Initialize                   (abs)        00000
__size_of_PWM2_LoadBufferSet                (abs)        00000
__size_of_PWM2_PeriodSet                    (abs)        00000
__size_of_PWM2_PhaseSet                     (abs)        00000
__size_of_PWM2_Start                        (abs)        00000
__size_of_PWM2_Stop                         (abs)        00000
__size_of_PWM3_DutyCycleSet                 (abs)        00000
__size_of_PWM3_Initialize                   (abs)        00000
__size_of_PWM3_LoadBufferSet                (abs)        00000
__size_of_PWM3_PeriodSet                    (abs)        00000
__size_of_PWM3_PhaseSet                     (abs)        00000
__size_of_PWM3_Start                        (abs)        00000
__size_of_PWM3_Stop                         (abs)        00000
__size_of_SYSTEM_Initialize                 (abs)        00000
__size_of_WDT_Initialize                    (abs)        00000
__size_of_disableSerial                     (abs)        00000
__size_of_goToSleep                         (abs)        00000
__size_of_main                              (abs)        00000
__size_of_setLEDs                           (abs)        00000
__size_of_setupButtonInterrupt              (abs)        00000
__size_of_setupLEDs                         (abs)        00000
__size_of_startLEDs                         (abs)        00000
__size_of_stopLEDs                          (abs)        00000
__size_of_wakeHandler                       (abs)        00000
_disableSerial                              text25       0020C
_goToSleep                                  text17       00165
_main                                       maintext     0002E
_setLEDs                                    text18       00146
_setupButtonInterrupt                       text16       001F8
_setupLEDs                                  text5        000D0
_startLEDs                                  text1        001E4
_stopLEDs                                   text6        001EE
_wakeHandler                                text38       0027D
btemp                                       (abs)        0007E
end_of_initialization                       cinit        0002B
int$flags                                   (abs)        0007E
intlevel0                                   functab      00000
intlevel1                                   functab      00000
intlevel2                                   functab      00000
intlevel3                                   functab      00000
intlevel4                                   functab      00000
intlevel5                                   functab      00000
main@F3457                                  bssBANK0     00027
main@adc_result                             cstackBANK0  00023
main@buttons                                cstackBANK0  00020
main@i                                      cstackBANK0  00025
reset_vec                                   reset_vec    00000
setLEDs@led1                                cstackCOMMON 00072
setLEDs@led2                                cstackCOMMON 00074
setLEDs@led3                                cstackCOMMON 00076
setupLEDs@initial_duty                      stringtext2  0027A
setupLEDs@initial_phase                     stringtext1  00278
setupLEDs@period                            cstackCOMMON 00078
stackhi                                     (abs)        020EF
stacklo                                     (abs)        02010
start                                       init         00015
start_initialization                        cinit        00016
wtemp0                                      (abs)        0007E


FUNCTION INFORMATION:

 *************** function _main *****************
 Defined at:
		line 36 in file "main.c"
 Parameters:    Size  Location     Type
		None
 Auto vars:     Size  Location     Type
  i               2    5[BANK0 ] int 
  buttons         3    0[BANK0 ] _Bool [3]
  adc_result      2    3[BANK0 ] unsigned short 
 Return value:  Size  Location     Type
                  1    wreg      void 
 Registers used:
		wreg, fsr0l, fsr0h, status,2, status,0, pclath, cstack
 Tracked objects:
		On entry : 
		On exit  : 
		Unchanged: 
 Data sizes:     COMMON   BANK0   BANK1   BANK2
      Params:         0       0       0       0
      Locals:         0       7       0       0
      Temps:          1       0       0       0
      Totals:         1       7       0       0
Total ram usage:        8 bytes
 Hardware stack levels required when called:    7
 This function calls:
		_SYSTEM_Initialize
		_goToSleep
		_setLEDs
		_setupButtonInterrupt
		_setupLEDs
		_startLEDs
 This function is called by:
		Startup code after reset
 This function uses a non-reentrant model


 *************** function _startLEDs *****************
 Defined at:
		line 93 in file "aj_hal.c"
 Parameters:    Size  Location     Type
		None
 Auto vars:     Size  Location     Type
		None
 Return value:  Size  Location     Type
                  1    wreg      void 
 Registers used:
		status,2, status,0, pclath, cstack
 Tracked objects:
		On entry : 
		On exit  : 
		Unchanged: 
 Data sizes:     COMMON   BANK0   BANK1   BANK2
      Params:         0       0       0       0
      Locals:         0       0       0       0
      Temps:          0       0       0       0
      Totals:         0       0       0       0
Total ram usage:        0 bytes
 Hardware stack levels used:    1
 Hardware stack levels required when called:    5
 This function calls:
		_PWM1_Start
		_PWM2_Start
		_PWM3_Start
 This function is called by:
		_main
 This function uses a non-reentrant model


 *************** function _PWM3_Start *****************
 Defined at:
		line 113 in file "mcc_generated_files/pwm3.c"
 Parameters:    Size  Location     Type
		None
 Auto vars:     Size  Location     Type
		None
 Return value:  Size  Location     Type
                  1    wreg      void 
 Registers used:
		None
 Tracked objects:
		On entry : 
		On exit  : 
		Unchanged: 
 Data sizes:     COMMON   BANK0   BANK1   BANK2
      Params:         0       0       0       0
      Locals:         0       0       0       0
      Temps:          0       0       0       0
      Totals:         0       0       0       0
Total ram usage:        0 bytes
 Hardware stack levels used:    1
 Hardware stack levels required when called:    4
 This function calls:
		Nothing
 This function is called by:
		_startLEDs
 This function uses a non-reentrant model


 *************** function _PWM2_Start *****************
 Defined at:
		line 113 in file "mcc_generated_files/pwm2.c"
 Parameters:    Size  Location     Type
		None
 Auto vars:     Size  Location     Type
		None
 Return value:  Size  Location     Type
                  1    wreg      void 
 Registers used:
		None
 Tracked objects:
		On entry : 
		On exit  : 
		Unchanged: 
 Data sizes:     COMMON   BANK0   BANK1   BANK2
      Params:         0       0       0       0
      Locals:         0       0       0       0
      Temps:          0       0       0       0
      Totals:         0       0       0       0
Total ram usage:        0 bytes
 Hardware stack levels used:    1
 Hardware stack levels required when called:    4
 This function calls:
		Nothing
 This function is called by:
		_startLEDs
 This function uses a non-reentrant model


 *************** function _PWM1_Start *****************
 Defined at:
		line 113 in file "mcc_generated_files/pwm1.c"
 Parameters:    Size  Location     Type
		None
 Auto vars:     Size  Location     Type
		None
 Return value:  Size  Location     Type
                  1    wreg      void 
 Registers used:
		None
 Tracked objects:
		On entry : 
		On exit  : 
		Unchanged: 
 Data sizes:     COMMON   BANK0   BANK1   BANK2
      Params:         0       0       0       0
      Locals:         0       0       0       0
      Temps:          0       0       0       0
      Totals:         0       0       0       0
Total ram usage:        0 bytes
 Hardware stack levels used:    1
 Hardware stack levels required when called:    4
 This function calls:
		Nothing
 This function is called by:
		_startLEDs
 This function uses a non-reentrant model


 *************** function _setupLEDs *****************
 Defined at:
		line 110 in file "aj_hal.c"
 Parameters:    Size  Location     Type
  period          2    8[COMMON] unsigned short 
 Auto vars:     Size  Location     Type
		None
 Return value:  Size  Location     Type
                  1    wreg      void 
 Registers used:
		wreg, fsr0l, fsr0h, status,2, status,0, pclath, cstack
 Tracked objects:
		On entry : 
		On exit  : 
		Unchanged: 
 Data sizes:     COMMON   BANK0   BANK1   BANK2
      Params:         2       0       0       0
      Locals:         0       0       0       0
      Temps:          0       0       0       0
      Totals:         2       0       0       0
Total ram usage:        2 bytes
 Hardware stack levels used:    1
 Hardware stack levels required when called:    6
 This function calls:
		_PWM1_PeriodSet
		_PWM1_PhaseSet
		_PWM2_PeriodSet
		_PWM2_PhaseSet
		_PWM3_PeriodSet
		_PWM3_PhaseSet
		_setLEDs
		_stopLEDs
 This function is called by:
		_main
 This function uses a non-reentrant model


 *************** function _stopLEDs *****************
 Defined at:
		line 86 in file "aj_hal.c"
 Parameters:    Size  Location     Type
		None
 Auto vars:     Size  Location     Type
		None
 Return value:  Size  Location     Type
                  1    wreg      void 
 Registers used:
		status,2, status,0, pclath, cstack
 Tracked objects:
		On entry : 
		On exit  : 
		Unchanged: 
 Data sizes:     COMMON   BANK0   BANK1   BANK2
      Params:         0       0       0       0
      Locals:         0       0       0       0
      Temps:          0       0       0       0
      Totals:         0       0       0       0
Total ram usage:        0 bytes
 Hardware stack levels used:    1
 Hardware stack levels required when called:    5
 This function calls:
		_PWM1_Stop
		_PWM2_Stop
		_PWM3_Stop
 This function is called by:
		_setupLEDs
 This function uses a non-reentrant model


 *************** function _PWM3_Stop *****************
 Defined at:
		line 118 in file "mcc_generated_files/pwm3.c"
 Parameters:    Size  Location     Type
		None
 Auto vars:     Size  Location     Type
		None
 Return value:  Size  Location     Type
                  1    wreg      void 
 Registers used:
		None
 Tracked objects:
		On entry : 
		On exit  : 
		Unchanged: 
 Data sizes:     COMMON   BANK0   BANK1   BANK2
      Params:         0       0       0       0
      Locals:         0       0       0       0
      Temps:          0       0       0       0
      Totals:         0       0       0       0
Total ram usage:        0 bytes
 Hardware stack levels used:    1
 Hardware stack levels required when called:    4
 This function calls:
		Nothing
 This function is called by:
		_stopLEDs
 This function uses a non-reentrant model


 *************** function _PWM2_Stop *****************
 Defined at:
		line 118 in file "mcc_generated_files/pwm2.c"
 Parameters:    Size  Location     Type
		None
 Auto vars:     Size  Location     Type
		None
 Return value:  Size  Location     Type
                  1    wreg      void 
 Registers used:
		None
 Tracked objects:
		On entry : 
		On exit  : 
		Unchanged: 
 Data sizes:     COMMON   BANK0   BANK1   BANK2
      Params:         0       0       0       0
      Locals:         0       0       0       0
      Temps:          0       0       0       0
      Totals:         0       0       0       0
Total ram usage:        0 bytes
 Hardware stack levels used:    1
 Hardware stack levels required when called:    4
 This function calls:
		Nothing
 This function is called by:
		_stopLEDs
 This function uses a non-reentrant model


 *************** function _PWM1_Stop *****************
 Defined at:
		line 118 in file "mcc_generated_files/pwm1.c"
 Parameters:    Size  Location     Type
		None
 Auto vars:     Size  Location     Type
		None
 Return value:  Size  Location     Type
                  1    wreg      void 
 Registers used:
		None
 Tracked objects:
		On entry : 
		On exit  : 
		Unchanged: 
 Data sizes:     COMMON   BANK0   BANK1   BANK2
      Params:         0       0       0       0
      Locals:         0       0       0       0
      Temps:          0       0       0       0
      Totals:         0       0       0       0
Total ram usage:        0 bytes
 Hardware stack levels used:    1
 Hardware stack levels required when called:    4
 This function calls:
		Nothing
 This function is called by:
		_stopLEDs
 This function uses a non-reentrant model


 *************** function _PWM3_PhaseSet *****************
 Defined at:
		line 133 in file "mcc_generated_files/pwm3.c"
 Parameters:    Size  Location     Type
  phaseCount      2    0[COMMON] unsigned short 
 Auto vars:     Size  Location     Type
		None
 Return value:  Size  Location     Type
                  1    wreg      void 
 Registers used:
		wreg, status,2
 Tracked objects:
		On entry : 
		On exit  : 
		Unchanged: 
 Data sizes:     COMMON   BANK0   BANK1   BANK2
      Params:         2       0       0       0
      Locals:         0       0       0       0
      Temps:          0       0       0       0
      Totals:         2       0       0       0
Total ram usage:        2 bytes
 Hardware stack levels used:    1
 Hardware stack levels required when called:    4
 This function calls:
		Nothing
 This function is called by:
		_setupLEDs
 This function uses a non-reentrant model


 *************** function _PWM3_PeriodSet *****************
 Defined at:
		line 145 in file "mcc_generated_files/pwm3.c"
 Parameters:    Size  Location     Type
  periodCount     2    0[COMMON] unsigned short 
 Auto vars:     Size  Location     Type
		None
 Return value:  Size  Location     Type
                  1    wreg      void 
 Registers used:
		wreg, status,2
 Tracked objects:
		On entry : 
		On exit  : 
		Unchanged: 
 Data sizes:     COMMON   BANK0   BANK1   BANK2
      Params:         2       0       0       0
      Locals:         0       0       0       0
      Temps:          0       0       0       0
      Totals:         2       0       0       0
Total ram usage:        2 bytes
 Hardware stack levels used:    1
 Hardware stack levels required when called:    4
 This function calls:
		Nothing
 This function is called by:
		_setupLEDs
 This function uses a non-reentrant model


 *************** function _PWM2_PhaseSet *****************
 Defined at:
		line 133 in file "mcc_generated_files/pwm2.c"
 Parameters:    Size  Location     Type
  phaseCount      2    0[COMMON] unsigned short 
 Auto vars:     Size  Location     Type
		None
 Return value:  Size  Location     Type
                  1    wreg      void 
 Registers used:
		wreg, status,2
 Tracked objects:
		On entry : 
		On exit  : 
		Unchanged: 
 Data sizes:     COMMON   BANK0   BANK1   BANK2
      Params:         2       0       0       0
      Locals:         0       0       0       0
      Temps:          0       0       0       0
      Totals:         2       0       0       0
Total ram usage:        2 bytes
 Hardware stack levels used:    1
 Hardware stack levels required when called:    4
 This function calls:
		Nothing
 This function is called by:
		_setupLEDs
 This function uses a non-reentrant model


 *************** function _PWM2_PeriodSet *****************
 Defined at:
		line 145 in file "mcc_generated_files/pwm2.c"
 Parameters:    Size  Location     Type
  periodCount     2    0[COMMON] unsigned short 
 Auto vars:     Size  Location     Type
		None
 Return value:  Size  Location     Type
                  1    wreg      void 
 Registers used:
		wreg, status,2
 Tracked objects:
		On entry : 
		On exit  : 
		Unchanged: 
 Data sizes:     COMMON   BANK0   BANK1   BANK2
      Params:         2       0       0       0
      Locals:         0       0       0       0
      Temps:          0       0       0       0
      Totals:         2       0       0       0
Total ram usage:        2 bytes
 Hardware stack levels used:    1
 Hardware stack levels required when called:    4
 This function calls:
		Nothing
 This function is called by:
		_setupLEDs
 This function uses a non-reentrant model


 *************** function _PWM1_PhaseSet *****************
 Defined at:
		line 133 in file "mcc_generated_files/pwm1.c"
 Parameters:    Size  Location     Type
  phaseCount      2    0[COMMON] unsigned short 
 Auto vars:     Size  Location     Type
		None
 Return value:  Size  Location     Type
                  1    wreg      void 
 Registers used:
		wreg, status,2
 Tracked objects:
		On entry : 
		On exit  : 
		Unchanged: 
 Data sizes:     COMMON   BANK0   BANK1   BANK2
      Params:         2       0       0       0
      Locals:         0       0       0       0
      Temps:          0       0       0       0
      Totals:         2       0       0       0
Total ram usage:        2 bytes
 Hardware stack levels used:    1
 Hardware stack levels required when called:    4
 This function calls:
		Nothing
 This function is called by:
		_setupLEDs
 This function uses a non-reentrant model


 *************** function _PWM1_PeriodSet *****************
 Defined at:
		line 145 in file "mcc_generated_files/pwm1.c"
 Parameters:    Size  Location     Type
  periodCount     2    0[COMMON] unsigned short 
 Auto vars:     Size  Location     Type
		None
 Return value:  Size  Location     Type
                  1    wreg      void 
 Registers used:
		wreg, status,2
 Tracked objects:
		On entry : 
		On exit  : 
		Unchanged: 
 Data sizes:     COMMON   BANK0   BANK1   BANK2
      Params:         2       0       0       0
      Locals:         0       0       0       0
      Temps:          0       0       0       0
      Totals:         2       0       0       0
Total ram usage:        2 bytes
 Hardware stack levels used:    1
 Hardware stack levels required when called:    4
 This function calls:
		Nothing
 This function is called by:
		_setupLEDs
 This function uses a non-reentrant model


 *************** function _setupButtonInterrupt *****************
 Defined at:
		line 154 in file "aj_hal.c"
 Parameters:    Size  Location     Type
		None
 Auto vars:     Size  Location     Type
		None
 Return value:  Size  Location     Type
                  1    wreg      void 
 Registers used:
		wreg, status,2, status,0, pclath, cstack
 Tracked objects:
		On entry : 
		On exit  : 
		Unchanged: 
 Data sizes:     COMMON   BANK0   BANK1   BANK2
      Params:         0       0       0       0
      Locals:         0       0       0       0
      Temps:          0       0       0       0
      Totals:         0       0       0       0
Total ram usage:        0 bytes
 Hardware stack levels used:    1
 Hardware stack levels required when called:    5
 This function calls:
		_IOCAF0_SetInterruptHandler
 This function is called by:
		_main
 This function uses a non-reentrant model


 *************** function _goToSleep *****************
 Defined at:
		line 161 in file "aj_hal.c"
 Parameters:    Size  Location     Type
		None
 Auto vars:     Size  Location     Type
		None
 Return value:  Size  Location     Type
                  1    wreg      void 
 Registers used:
		wreg, status,2, status,0, pclath, cstack
 Tracked objects:
		On entry : 
		On exit  : 
		Unchanged: 
 Data sizes:     COMMON   BANK0   BANK1   BANK2
      Params:         0       0       0       0
      Locals:         0       0       0       0
      Temps:          0       0       0       0
      Totals:         0       0       0       0
Total ram usage:        0 bytes
 Hardware stack levels used:    1
 Hardware stack levels required when called:    6
 This function calls:
		_disableSerial
		_setLEDs
 This function is called by:
		_main
 This function uses a non-reentrant model


 *************** function _setLEDs *****************
 Defined at:
		line 100 in file "aj_hal.c"
 Parameters:    Size  Location     Type
  led1            2    2[COMMON] unsigned short 
  led2            2    4[COMMON] unsigned short 
  led3            2    6[COMMON] unsigned short 
 Auto vars:     Size  Location     Type
		None
 Return value:  Size  Location     Type
                  1    wreg      void 
 Registers used:
		wreg, status,2, status,0, pclath, cstack
 Tracked objects:
		On entry : 
		On exit  : 
		Unchanged: 
 Data sizes:     COMMON   BANK0   BANK1   BANK2
      Params:         6       0       0       0
      Locals:         0       0       0       0
      Temps:          0       0       0       0
      Totals:         6       0       0       0
Total ram usage:        6 bytes
 Hardware stack levels used:    1
 Hardware stack levels required when called:    5
 This function calls:
		_PWM1_DutyCycleSet
		_PWM1_LoadBufferSet
		_PWM2_DutyCycleSet
		_PWM2_LoadBufferSet
		_PWM3_DutyCycleSet
		_PWM3_LoadBufferSet
 This function is called by:
		_main
		_setupLEDs
		_goToSleep
 This function uses a non-reentrant model


 *************** function _PWM3_LoadBufferSet *****************
 Defined at:
		line 128 in file "mcc_generated_files/pwm3.c"
 Parameters:    Size  Location     Type
		None
 Auto vars:     Size  Location     Type
		None
 Return value:  Size  Location     Type
                  1    wreg      void 
 Registers used:
		None
 Tracked objects:
		On entry : 
		On exit  : 
		Unchanged: 
 Data sizes:     COMMON   BANK0   BANK1   BANK2
      Params:         0       0       0       0
      Locals:         0       0       0       0
      Temps:          0       0       0       0
      Totals:         0       0       0       0
Total ram usage:        0 bytes
 Hardware stack levels used:    1
 Hardware stack levels required when called:    4
 This function calls:
		Nothing
 This function is called by:
		_setLEDs
		_setLED
 This function uses a non-reentrant model


 *************** function _PWM3_DutyCycleSet *****************
 Defined at:
		line 139 in file "mcc_generated_files/pwm3.c"
 Parameters:    Size  Location     Type
  dutyCycleCou    2    0[COMMON] unsigned short 
 Auto vars:     Size  Location     Type
		None
 Return value:  Size  Location     Type
                  1    wreg      void 
 Registers used:
		wreg, status,2
 Tracked objects:
		On entry : 
		On exit  : 
		Unchanged: 
 Data sizes:     COMMON   BANK0   BANK1   BANK2
      Params:         2       0       0       0
      Locals:         0       0       0       0
      Temps:          0       0       0       0
      Totals:         2       0       0       0
Total ram usage:        2 bytes
 Hardware stack levels used:    1
 Hardware stack levels required when called:    4
 This function calls:
		Nothing
 This function is called by:
		_setLEDs
		_setLED
 This function uses a non-reentrant model


 *************** function _PWM2_LoadBufferSet *****************
 Defined at:
		line 128 in file "mcc_generated_files/pwm2.c"
 Parameters:    Size  Location     Type
		None
 Auto vars:     Size  Location     Type
		None
 Return value:  Size  Location     Type
                  1    wreg      void 
 Registers used:
		None
 Tracked objects:
		On entry : 
		On exit  : 
		Unchanged: 
 Data sizes:     COMMON   BANK0   BANK1   BANK2
      Params:         0       0       0       0
      Locals:         0       0       0       0
      Temps:          0       0       0       0
      Totals:         0       0       0       0
Total ram usage:        0 bytes
 Hardware stack levels used:    1
 Hardware stack levels required when called:    4
 This function calls:
		Nothing
 This function is called by:
		_setLEDs
		_setLED
 This function uses a non-reentrant model


 *************** function _PWM2_DutyCycleSet *****************
 Defined at:
		line 139 in file "mcc_generated_files/pwm2.c"
 Parameters:    Size  Location     Type
  dutyCycleCou    2    0[COMMON] unsigned short 
 Auto vars:     Size  Location     Type
		None
 Return value:  Size  Location     Type
                  1    wreg      void 
 Registers used:
		wreg, status,2
 Tracked objects:
		On entry : 
		On exit  : 
		Unchanged: 
 Data sizes:     COMMON   BANK0   BANK1   BANK2
      Params:         2       0       0       0
      Locals:         0       0       0       0
      Temps:          0       0       0       0
      Totals:         2       0       0       0
Total ram usage:        2 bytes
 Hardware stack levels used:    1
 Hardware stack levels required when called:    4
 This function calls:
		Nothing
 This function is called by:
		_setLEDs
		_setLED
 This function uses a non-reentrant model


 *************** function _PWM1_LoadBufferSet *****************
 Defined at:
		line 128 in file "mcc_generated_files/pwm1.c"
 Parameters:    Size  Location     Type
		None
 Auto vars:     Size  Location     Type
		None
 Return value:  Size  Location     Type
                  1    wreg      void 
 Registers used:
		None
 Tracked objects:
		On entry : 
		On exit  : 
		Unchanged: 
 Data sizes:     COMMON   BANK0   BANK1   BANK2
      Params:         0       0       0       0
      Locals:         0       0       0       0
      Temps:          0       0       0       0
      Totals:         0       0       0       0
Total ram usage:        0 bytes
 Hardware stack levels used:    1
 Hardware stack levels required when called:    4
 This function calls:
		Nothing
 This function is called by:
		_setLEDs
		_setLED
 This function uses a non-reentrant model


 *************** function _PWM1_DutyCycleSet *****************
 Defined at:
		line 139 in file "mcc_generated_files/pwm1.c"
 Parameters:    Size  Location     Type
  dutyCycleCou    2    0[COMMON] unsigned short 
 Auto vars:     Size  Location     Type
		None
 Return value:  Size  Location     Type
                  1    wreg      void 
 Registers used:
		wreg, status,2
 Tracked objects:
		On entry : 
		On exit  : 
		Unchanged: 
 Data sizes:     COMMON   BANK0   BANK1   BANK2
      Params:         2       0       0       0
      Locals:         0       0       0       0
      Temps:          0       0       0       0
      Totals:         2       0       0       0
Total ram usage:        2 bytes
 Hardware stack levels used:    1
 Hardware stack levels required when called:    4
 This function calls:
		Nothing
 This function is called by:
		_setLEDs
		_setLED
 This function uses a non-reentrant model


 *************** function _disableSerial *****************
 Defined at:
		line 16 in file "aj_hal.c"
 Parameters:    Size  Location     Type
		None
 Auto vars:     Size  Location     Type
		None
 Return value:  Size  Location     Type
                  1    wreg      void 
 Registers used:
		wreg
 Tracked objects:
		On entry : 
		On exit  : 
		Unchanged: 
 Data sizes:     COMMON   BANK0   BANK1   BANK2
      Params:         0       0       0       0
      Locals:         0       0       0       0
      Temps:          0       0       0       0
      Totals:         0       0       0       0
Total ram usage:        0 bytes
 Hardware stack levels used:    1
 Hardware stack levels required when called:    4
 This function calls:
		Nothing
 This function is called by:
		_goToSleep
		_checkButtons
 This function uses a non-reentrant model


 *************** function _SYSTEM_Initialize *****************
 Defined at:
		line 50 in file "mcc_generated_files/mcc.c"
 Parameters:    Size  Location     Type
		None
 Auto vars:     Size  Location     Type
		None
 Return value:  Size  Location     Type
                  1    wreg      void 
 Registers used:
		wreg, status,2, status,0, pclath, cstack
 Tracked objects:
		On entry : 
		On exit  : 
		Unchanged: 
 Data sizes:     COMMON   BANK0   BANK1   BANK2
      Params:         0       0       0       0
      Locals:         0       0       0       0
      Temps:          0       0       0       0
      Totals:         0       0       0       0
Total ram usage:        0 bytes
 Hardware stack levels used:    1
 Hardware stack levels required when called:    6
 This function calls:
		_OSCILLATOR_Initialize
		_PIN_MANAGER_Initialize
		_PWM1_Initialize
		_PWM2_Initialize
		_PWM3_Initialize
		_WDT_Initialize
 This function is called by:
		_main
 This function uses a non-reentrant model


 *************** function _WDT_Initialize *****************
 Defined at:
		line 73 in file "mcc_generated_files/mcc.c"
 Parameters:    Size  Location     Type
		None
 Auto vars:     Size  Location     Type
		None
 Return value:  Size  Location     Type
                  1    wreg      void 
 Registers used:
		wreg
 Tracked objects:
		On entry : 
		On exit  : 
		Unchanged: 
 Data sizes:     COMMON   BANK0   BANK1   BANK2
      Params:         0       0       0       0
      Locals:         0       0       0       0
      Temps:          0       0       0       0
      Totals:         0       0       0       0
Total ram usage:        0 bytes
 Hardware stack levels used:    1
 Hardware stack levels required when called:    4
 This function calls:
		Nothing
 This function is called by:
		_SYSTEM_Initialize
 This function uses a non-reentrant model


 *************** function _PWM3_Initialize *****************
 Defined at:
		line 58 in file "mcc_generated_files/pwm3.c"
 Parameters:    Size  Location     Type
		None
 Auto vars:     Size  Location     Type
		None
 Return value:  Size  Location     Type
                  1    wreg      void 
 Registers used:
		wreg, status,2
 Tracked objects:
		On entry : 
		On exit  : 
		Unchanged: 
 Data sizes:     COMMON   BANK0   BANK1   BANK2
      Params:         0       0       0       0
      Locals:         0       0       0       0
      Temps:          0       0       0       0
      Totals:         0       0       0       0
Total ram usage:        0 bytes
 Hardware stack levels used:    1
 Hardware stack levels required when called:    4
 This function calls:
		Nothing
 This function is called by:
		_SYSTEM_Initialize
 This function uses a non-reentrant model


 *************** function _PWM2_Initialize *****************
 Defined at:
		line 58 in file "mcc_generated_files/pwm2.c"
 Parameters:    Size  Location     Type
		None
 Auto vars:     Size  Location     Type
		None
 Return value:  Size  Location     Type
                  1    wreg      void 
 Registers used:
		wreg, status,2
 Tracked objects:
		On entry : 
		On exit  : 
		Unchanged: 
 Data sizes:     COMMON   BANK0   BANK1   BANK2
      Params:         0       0       0       0
      Locals:         0       0       0       0
      Temps:          0       0       0       0
      Totals:         0       0       0       0
Total ram usage:        0 bytes
 Hardware stack levels used:    1
 Hardware stack levels required when called:    4
 This function calls:
		Nothing
 This function is called by:
		_SYSTEM_Initialize
 This function uses a non-reentrant model


 *************** function _PWM1_Initialize *****************
 Defined at:
		line 58 in file "mcc_generated_files/pwm1.c"
 Parameters:    Size  Location     Type
		None
 Auto vars:     Size  Location     Type
		None
 Return value:  Size  Location     Type
                  1    wreg      void 
 Registers used:
		wreg, status,2
 Tracked objects:
		On entry : 
		On exit  : 
		Unchanged: 
 Data sizes:     COMMON   BANK0   BANK1   BANK2
      Params:         0       0       0       0
      Locals:         0       0       0       0
      Temps:          0       0       0       0
      Totals:         0       0       0       0
Total ram usage:        0 bytes
 Hardware stack levels used:    1
 Hardware stack levels required when called:    4
 This function calls:
		Nothing
 This function is called by:
		_SYSTEM_Initialize
 This function uses a non-reentrant model


 *************** function _PIN_MANAGER_Initialize *****************
 Defined at:
		line 59 in file "mcc_generated_files/pin_manager.c"
 Parameters:    Size  Location     Type
		None
 Auto vars:     Size  Location     Type
		None
 Return value:  Size  Location     Type
                  1    wreg      void 
 Registers used:
		wreg, status,2, status,0, pclath, cstack
 Tracked objects:
		On entry : 
		On exit  : 
		Unchanged: 
 Data sizes:     COMMON   BANK0   BANK1   BANK2
      Params:         0       0       0       0
      Locals:         0       0       0       0
      Temps:          0       0       0       0
      Totals:         0       0       0       0
Total ram usage:        0 bytes
 Hardware stack levels used:    1
 Hardware stack levels required when called:    5
 This function calls:
		_IOCAF0_SetInterruptHandler
 This function is called by:
		_SYSTEM_Initialize
 This function uses a non-reentrant model


 *************** function _IOCAF0_SetInterruptHandler *****************
 Defined at:
		line 144 in file "mcc_generated_files/pin_manager.c"
 Parameters:    Size  Location     Type
  InterruptHan    2    0[COMMON] PTR FTN()void 
		 -> wakeHandler(1), IOCAF0_DefaultInterruptHandler(1), 
 Auto vars:     Size  Location     Type
		None
 Return value:  Size  Location     Type
                  1    wreg      void 
 Registers used:
		wreg
 Tracked objects:
		On entry : 
		On exit  : 
		Unchanged: 
 Data sizes:     COMMON   BANK0   BANK1   BANK2
      Params:         2       0       0       0
      Locals:         0       0       0       0
      Temps:          0       0       0       0
      Totals:         2       0       0       0
Total ram usage:        2 bytes
 Hardware stack levels used:    1
 Hardware stack levels required when called:    4
 This function calls:
		Nothing
 This function is called by:
		_PIN_MANAGER_Initialize
		_setupButtonInterrupt
 This function uses a non-reentrant model


 *************** function _OSCILLATOR_Initialize *****************
 Defined at:
		line 63 in file "mcc_generated_files/mcc.c"
 Parameters:    Size  Location     Type
		None
 Auto vars:     Size  Location     Type
		None
 Return value:  Size  Location     Type
                  1    wreg      void 
 Registers used:
		wreg, status,2
 Tracked objects:
		On entry : 
		On exit  : 
		Unchanged: 
 Data sizes:     COMMON   BANK0   BANK1   BANK2
      Params:         0       0       0       0
      Locals:         0       0       0       0
      Temps:          0       0       0       0
      Totals:         0       0       0       0
Total ram usage:        0 bytes
 Hardware stack levels used:    1
 Hardware stack levels required when called:    4
 This function calls:
		Nothing
 This function is called by:
		_SYSTEM_Initialize
 This function uses a non-reentrant model


 *************** function _INTERRUPT_InterruptManager *****************
 Defined at:
		line 52 in file "mcc_generated_files/interrupt_manager.c"
 Parameters:    Size  Location     Type
		None
 Auto vars:     Size  Location     Type
		None
 Return value:  Size  Location     Type
                  1    wreg      void 
 Registers used:
		wreg, status,2, status,0, pclath, cstack
 Tracked objects:
		On entry : 
		On exit  : 
		Unchanged: 
 Data sizes:     COMMON   BANK0   BANK1   BANK2
      Params:         0       0       0       0
      Locals:         0       0       0       0
      Temps:          0       0       0       0
      Totals:         0       0       0       0
Total ram usage:        0 bytes
 Hardware stack levels used:    1
 Hardware stack levels required when called:    3
 This function calls:
		_PIN_MANAGER_IOC
 This function is called by:
		Interrupt level 1
 This function uses a non-reentrant model


 *************** function _PIN_MANAGER_IOC *****************
 Defined at:
		line 117 in file "mcc_generated_files/pin_manager.c"
 Parameters:    Size  Location     Type
		None
 Auto vars:     Size  Location     Type
		None
 Return value:  Size  Location     Type
                  1    wreg      void 
 Registers used:
		wreg, status,2, status,0, pclath, cstack
 Tracked objects:
		On entry : 
		On exit  : 
		Unchanged: 
 Data sizes:     COMMON   BANK0   BANK1   BANK2
      Params:         0       0       0       0
      Locals:         0       0       0       0
      Temps:          0       0       0       0
      Totals:         0       0       0       0
Total ram usage:        0 bytes
 Hardware stack levels used:    1
 Hardware stack levels required when called:    2
 This function calls:
		_IOCAF0_ISR
 This function is called by:
		_INTERRUPT_InterruptManager
 This function uses a non-reentrant model


 *************** function _IOCAF0_ISR *****************
 Defined at:
		line 129 in file "mcc_generated_files/pin_manager.c"
 Parameters:    Size  Location     Type
		None
 Auto vars:     Size  Location     Type
		None
 Return value:  Size  Location     Type
                  1    wreg      void 
 Registers used:
		wreg, status,2, status,0, pclath, cstack
 Tracked objects:
		On entry : 
		On exit  : 
		Unchanged: 
 Data sizes:     COMMON   BANK0   BANK1   BANK2
      Params:         0       0       0       0
      Locals:         0       0       0       0
      Temps:          0       0       0       0
      Totals:         0       0       0       0
Total ram usage:        0 bytes
 Hardware stack levels used:    1
 Hardware stack levels required when called:    1
 This function calls:
		Absolute function
		_IOCAF0_DefaultInterruptHandler
		_wakeHandler
 This function is called by:
		_PIN_MANAGER_IOC
 This function uses a non-reentrant model


 *************** function _IOCAF0_DefaultInterruptHandler *****************
 Defined at:
		line 151 in file "mcc_generated_files/pin_manager.c"
 Parameters:    Size  Location     Type
		None
 Auto vars:     Size  Location     Type
		None
 Return value:  Size  Location     Type
                  1    wreg      void 
 Registers used:
		None
 Tracked objects:
		On entry : 
		On exit  : 
		Unchanged: 
 Data sizes:     COMMON   BANK0   BANK1   BANK2
      Params:         0       0       0       0
      Locals:         0       0       0       0
      Temps:          0       0       0       0
      Totals:         0       0       0       0
Total ram usage:        0 bytes
 Hardware stack levels used:    1
 This function calls:
		Nothing
 This function is called by:
		_PIN_MANAGER_Initialize
		_IOCAF0_ISR
 This function uses a non-reentrant model


 *************** function _wakeHandler *****************
 Defined at:
		line 149 in file "aj_hal.c"
 Parameters:    Size  Location     Type
		None
 Auto vars:     Size  Location     Type
		None
 Return value:  Size  Location     Type
                  1    wreg      void 
 Registers used:
		None
 Tracked objects:
		On entry : 
		On exit  : 
		Unchanged: 
 Data sizes:     COMMON   BANK0   BANK1   BANK2
      Params:         0       0       0       0
      Locals:         0       0       0       0
      Temps:          0       0       0       0
      Totals:         0       0       0       0
Total ram usage:        0 bytes
 Hardware stack levels used:    1
 This function calls:
		Nothing
 This function is called by:
		_setupButtonInterrupt
		_IOCAF0_ISR
 This function uses a non-reentrant model



MODULE INFORMATION

Module		Function		Class		Link	Load	Size
aj_hal.c
		_wakeHandler   		CODE           	027D	0000	2
		_disableSerial 		CODE           	020C	0000	8
		_startLEDs     		CODE           	01E4	0000	11
		_setLEDs       		CODE           	0146	0000	32
		_setupLEDs     		CODE           	00D0	0000	86
		_goToSleep     		CODE           	0165	0000	31
		_setupButtonInterrupt		CODE           	01F8	0000	11
		_stopLEDs      		CODE           	01EE	0000	11

aj_hal.c estimated size: 192

mcc_generated_files/interrupt_manager.c
		_INTERRUPT_InterruptManager		CODE           	0004	0000	18

mcc_generated_files/interrupt_manager.c estimated size: 18

mcc_generated_files/pwm2.c
		_PWM2_PeriodSet		CODE           	022C	0000	7
		_PWM2_Initialize		CODE           	0198	0000	22
		_PWM2_Stop     		CODE           	0269	0000	4
		_PWM2_Start    		CODE           	0260	0000	4
		_PWM2_LoadBufferSet		CODE           	0272	0000	4
		_PWM2_DutyCycleSet		CODE           	0244	0000	7
		_PWM2_PhaseSet 		CODE           	0226	0000	7

mcc_generated_files/pwm2.c estimated size: 55

mcc_generated_files/pin_manager.c
		_PIN_MANAGER_Initialize		CODE           	0125	0000	34
		_IOCAF0_SetInterruptHandler		CODE           	0250	0000	6
		_PIN_MANAGER_IOC		CODE           	0202	0000	11
		_IOCAF0_DefaultInterruptHandler		CODE           	027C	0000	2
		_IOCAF0_ISR    		CODE           	01D5	0000	16

mcc_generated_files/pin_manager.c estimated size: 69

shared
		setupLEDs@initial_duty		STRCODE        	027A	0000	3
		__initialization		CODE           	0016	0000	22
		setupLEDs@initial_phase		STRCODE        	0278	0000	3

shared estimated size: 28

mcc_generated_files/mcc.c
		_WDT_Initialize		CODE           	0259	0000	5
		_OSCILLATOR_Initialize		CODE           	0213	0000	8
		_SYSTEM_Initialize		CODE           	01C2	0000	20

mcc_generated_files/mcc.c estimated size: 33

mcc_generated_files/pwm3.c
		_PWM3_DutyCycleSet		CODE           	023E	0000	7
		_PWM3_PhaseSet 		CODE           	021A	0000	7
		_PWM3_PeriodSet		CODE           	0220	0000	7
		_PWM3_Initialize		CODE           	0183	0000	22
		_PWM3_Stop     		CODE           	0266	0000	4
		_PWM3_Start    		CODE           	025D	0000	4
		_PWM3_LoadBufferSet		CODE           	026F	0000	4

mcc_generated_files/pwm3.c estimated size: 55

mcc_generated_files/pwm1.c
		_PWM1_Initialize		CODE           	01AD	0000	22
		_PWM1_Stop     		CODE           	026C	0000	4
		_PWM1_Start    		CODE           	0263	0000	4
		_PWM1_LoadBufferSet		CODE           	0275	0000	4
		_PWM1_DutyCycleSet		CODE           	024A	0000	7
		_PWM1_PhaseSet 		CODE           	0232	0000	7
		_PWM1_PeriodSet		CODE           	0238	0000	7

mcc_generated_files/pwm1.c estimated size: 55

main.c
		_main          		CODE           	002E	0000	163

main.c estimated size: 163

