Microchip MPLAB XC8 Compiler V2.00 ()

Linker command line:

-W-3 --edf=C:\Program Files (x86)\Microchip\xc8\v2.00\pic\dat\en_msgs.txt \
  -cs -h+dist/default/production\aj2019-kit.production.sym \
  --cmf=dist/default/production\aj2019-kit.production.cmf -z -Q12LF1572 \
  -oC:\Users\Lachlan\AppData\Local\Temp\s4c4.2 --defsym=__MPLAB_BUILD=1 \
  -Mdist/default/production/aj2019-kit.production.map -E1 -ver=XC8 \
  --acfsm=1493 -ASTACK=0200Ah-020efh -pstack=STACK -ACODE=00h-07FFh \
  -ASTRCODE=00h-07FFh -ASTRING=00h-0FFhx8 -ACONST=00h-0FFhx8 \
  -AENTRY=00h-0FFhx8 -ACOMMON=070h-07Fh -ABANK0=020h-06Fh -ABANK1=0A0h-0EFh \
  -ABANK2=0120h-016Fh -ABIGRAM=02000h-020EFh \
  -ARAM=020h-06Fh,0A0h-0EFh,0120h-016Fh \
  -AABS1=020h-07Fh,0A0h-0EFh,0120h-016Fh -ASFR0=00h-01Fh -ASFR1=080h-09Fh \
  -ASFR2=0100h-011Fh -ASFR3=0180h-01EFh -ASFR4=0200h-026Fh \
  -ASFR5=0280h-02EFh -ASFR6=0300h-036Fh -ASFR7=0380h-03EFh \
  -ASFR8=0400h-046Fh -ASFR9=0480h-04EFh -ASFR10=0500h-056Fh \
  -ASFR11=0580h-05EFh -ASFR12=0600h-066Fh -ASFR13=0680h-06EFh \
  -ASFR14=0700h-076Fh -ASFR15=0780h-07EFh -ASFR16=0800h-086Fh \
  -ASFR17=0880h-08EFh -ASFR18=0900h-096Fh -ASFR19=0980h-09EFh \
  -ASFR20=0A00h-0A6Fh -ASFR21=0A80h-0AEFh -ASFR22=0B00h-0B6Fh \
  -ASFR23=0B80h-0BEFh -ASFR24=0C00h-0C6Fh -ASFR25=0C80h-0CEFh \
  -ASFR26=0D00h-0D6Fh -ASFR27=0D80h-0DEFh -ASFR28=0E00h-0E6Fh \
  -ASFR29=0E80h-0EEFh -ASFR30=0F00h-0F6Fh -ASFR31=0F80h-0FEFh \
  -preset_vec=00h,intentry,init,end_init -ppowerup=CODE -pcinit=CODE \
  -pfunctab=ENTRY -ACONFIG=08007h-08008h -pconfig=CONFIG -DCONFIG=2 \
  -AIDLOC=08000h-08003h -pidloc=IDLOC -DIDLOC=2 -DCODE=2 -DSTRCODE=2 \
  -DSTRING=2 -DCONST=2 -DENTRY=2 -k \
  C:\Users\Lachlan\AppData\Local\Temp\s4c4.o \
  dist/default/production\aj2019-kit.production.o 

Object code version is 3.11

Machine type is 12LF1572



                Name                               Link     Load   Length Selector   Space Scale
C:\Users\Lachlan\AppData\Local\Temp\s4c4.o
                end_init                              1        1        1        0       0
                reset_vec                             0        0        1        0       0
                config                             8007     8007        2    1000E       0
dist/default/production\aj2019-kit.production.o
                cinit                               7FE      7FE        2      FFC       0
                text36                              6B5      6B5       1A      D6A       0
                text35                              63C      63C        C      C78       0
                text34                              5C5      5C5        5      B8A       0
                text33                              615      615        8      C2A       0
                text32                              631      631        B      C62       0
                text31                              600      600        7      C00       0
                text30                              648      648       15      C90       0
                text29                              65D      65D       15      CBA       0
                text28                              672      672       15      CE4       0
                text27                              687      687       15      D0E       0
                text26                              5C1      5C1        4      B82       0
                text25                              69C      69C       19      D38       0
                text24                              607      607        7      C0E       0
                text23                              60E      60E        7      C1C       0
                text22                              5CA      5CA        6      B94       0
                text21                              5D0      5D0        6      BA0       0
                text20                              5D6      5D6        6      BAC       0
                text19                              5DC      5DC        6      BB8       0
                text18                              5E2      5E2        6      BC4       0
                text17                              5E8      5E8        6      BD0       0
                text16                              5EE      5EE        6      BDC       0
                text15                              5A6      5A6        3      B4C       0
                text14                              5F4      5F4        6      BE8       0
                text13                              5A9      5A9        3      B52       0
                text12                              5FA      5FA        6      BF4       0
                text11                              5AC      5AC        3      B58       0
                text10                              6CF      6CF       1F      D9E       0
                text9                               5AF      5AF        3      B5E       0
                text8                               5B2      5B2        3      B64       0
                text7                               5B5      5B5        3      B6A       0
                text6                               61D      61D        A      C3A       0
                text5                               6EE      6EE       55      DDC       0
                text4                               5B8      5B8        3      B70       0
                text3                               5BB      5BB        3      B76       0
                text2                               5BE      5BE        3      B7C       0
                text1                               627      627        A      C4E       0
                maintext                            743      743       BB      E86       0
                cstackBANK0                          20       20        A       20       1
                cstackCOMMON                         70       70        B       70       1
                stringtext2                         5A2      5A2        2      B44       0
                stringtext1                         5A4      5A4        2      B48       0

TOTAL           Name                               Link     Load   Length     Space
        CLASS   STACK          

        CLASS   CODE           
                end_init                              1        1        1         0
                cinit                               7FE      7FE        2         0
                reset_vec                             0        0        1         0
                text36                              6B5      6B5       1A         0
                text35                              63C      63C        C         0
                text34                              5C5      5C5        5         0
                text33                              615      615        8         0
                text32                              631      631        B         0
                text31                              600      600        7         0
                text30                              648      648       15         0
                text29                              65D      65D       15         0
                text28                              672      672       15         0
                text27                              687      687       15         0
                text26                              5C1      5C1        4         0
                text25                              69C      69C       19         0
                text24                              607      607        7         0
                text23                              60E      60E        7         0
                text22                              5CA      5CA        6         0
                text21                              5D0      5D0        6         0
                text20                              5D6      5D6        6         0
                text19                              5DC      5DC        6         0
                text18                              5E2      5E2        6         0
                text17                              5E8      5E8        6         0
                text16                              5EE      5EE        6         0
                text15                              5A6      5A6        3         0
                text14                              5F4      5F4        6         0
                text13                              5A9      5A9        3         0
                text12                              5FA      5FA        6         0
                text11                              5AC      5AC        3         0
                text10                              6CF      6CF       1F         0
                text9                               5AF      5AF        3         0
                text8                               5B2      5B2        3         0
                text7                               5B5      5B5        3         0
                text6                               61D      61D        A         0
                text5                               6EE      6EE       55         0
                text4                               5B8      5B8        3         0
                text3                               5BB      5BB        3         0
                text2                               5BE      5BE        3         0
                text1                               627      627        A         0
                maintext                            743      743       BB         0

        CLASS   STRCODE        
                stringtext2                         5A2      5A2        2         0
                stringtext1                         5A4      5A4        2         0

        CLASS   STRING         

        CLASS   CONST          

        CLASS   ENTRY          

        CLASS   COMMON         
                cstackCOMMON                         70       70        B         1

        CLASS   BANK0          
                cstackBANK0                          20       20        A         1

        CLASS   BANK1          

        CLASS   BANK2          

        CLASS   BIGRAM         

        CLASS   RAM            

        CLASS   ABS1           
                abs_s1                               7E       7E        2         1

        CLASS   SFR0           

        CLASS   SFR1           

        CLASS   SFR2           

        CLASS   SFR3           

        CLASS   SFR4           

        CLASS   SFR5           

        CLASS   SFR6           

        CLASS   SFR7           

        CLASS   SFR8           

        CLASS   SFR9           

        CLASS   SFR10          

        CLASS   SFR11          

        CLASS   SFR12          

        CLASS   SFR13          

        CLASS   SFR14          

        CLASS   SFR15          

        CLASS   SFR16          

        CLASS   SFR17          

        CLASS   SFR18          

        CLASS   SFR19          

        CLASS   SFR20          

        CLASS   SFR21          

        CLASS   SFR22          

        CLASS   SFR23          

        CLASS   SFR24          

        CLASS   SFR25          

        CLASS   SFR26          

        CLASS   SFR27          

        CLASS   SFR28          

        CLASS   SFR29          

        CLASS   SFR30          

        CLASS   SFR31          

        CLASS   CONFIG         
                config                             8007     8007        2         0

        CLASS   IDLOC          

        CLASS   BANK31         

        CLASS   BANK30         

        CLASS   BANK29         

        CLASS   BANK28         

        CLASS   BANK27         

        CLASS   BANK26         

        CLASS   BANK25         

        CLASS   BANK24         

        CLASS   BANK23         

        CLASS   BANK22         

        CLASS   BANK21         

        CLASS   BANK20         

        CLASS   BANK19         

        CLASS   BANK18         

        CLASS   BANK17         

        CLASS   BANK16         

        CLASS   BANK15         

        CLASS   BANK14         

        CLASS   BANK13         

        CLASS   BANK12         

        CLASS   BANK11         

        CLASS   BANK10         

        CLASS   BANK9          

        CLASS   BANK8          

        CLASS   BANK7          

        CLASS   BANK6          

        CLASS   BANK5          

        CLASS   BANK4          

        CLASS   BANK3          

        CLASS   EEDATA         



SEGMENTS        Name                           Load    Length   Top    Selector   Space  Class     Delta

                reset_vec                      000000  000002  000002         0       0  CODE        2
                cstackBANK0                    000020  00000A  00002A        20       1  BANK0       1
                cstackCOMMON                   000070  00000B  00007B        70       1  COMMON      1
                stringtext2                    0005A2  000002  0005A4       B44       0  STRCODE     2
                stringtext1                    0005A4  000002  0005A6       B48       0  STRCODE     2
                text15                         0005A6  000003  0005A9       B4C       0  CODE        2
                text13                         0005A9  000003  0005AC       B52       0  CODE        2
                text11                         0005AC  000003  0005AF       B58       0  CODE        2
                text9                          0005AF  000003  0005B2       B5E       0  CODE        2
                text8                          0005B2  000003  0005B5       B64       0  CODE        2
                text7                          0005B5  000003  0005B8       B6A       0  CODE        2
                text4                          0005B8  000003  0005BB       B70       0  CODE        2
                text3                          0005BB  000003  0005BE       B76       0  CODE        2
                text2                          0005BE  000003  0005C1       B7C       0  CODE        2
                text26                         0005C1  000004  0005C5       B82       0  CODE        2
                text34                         0005C5  000005  0005CA       B8A       0  CODE        2
                text22                         0005CA  000006  0005D0       B94       0  CODE        2
                text21                         0005D0  000006  0005D6       BA0       0  CODE        2
                text20                         0005D6  000006  0005DC       BAC       0  CODE        2
                text19                         0005DC  000006  0005E2       BB8       0  CODE        2
                text18                         0005E2  000006  0005E8       BC4       0  CODE        2
                text17                         0005E8  000006  0005EE       BD0       0  CODE        2
                text16                         0005EE  000006  0005F4       BDC       0  CODE        2
                text14                         0005F4  000006  0005FA       BE8       0  CODE        2
                text12                         0005FA  000006  000600       BF4       0  CODE        2
                text31                         000600  000007  000607       C00       0  CODE        2
                text24                         000607  000007  00060E       C0E       0  CODE        2
                text23                         00060E  000007  000615       C1C       0  CODE        2
                text33                         000615  000008  00061D       C2A       0  CODE        2
                text6                          00061D  00000A  000627       C3A       0  CODE        2
                text1                          000627  00000A  000631       C4E       0  CODE        2
                text32                         000631  00000B  00063C       C62       0  CODE        2
                text35                         00063C  00000C  000648       C78       0  CODE        2
                text30                         000648  000015  00065D       C90       0  CODE        2
                text29                         00065D  000015  000672       CBA       0  CODE        2
                text28                         000672  000015  000687       CE4       0  CODE        2
                text27                         000687  000015  00069C       D0E       0  CODE        2
                text25                         00069C  000019  0006B5       D38       0  CODE        2
                text36                         0006B5  00001A  0006CF       D6A       0  CODE        2
                text10                         0006CF  00001F  0006EE       D9E       0  CODE        2
                text5                          0006EE  000055  000743       DDC       0  CODE        2
                maintext                       000743  0000BB  0007FE       E86       0  CODE        2
                cinit                          0007FE  000002  000800       FFC       0  CODE        2
                config                         008007  000002  008009     1000E       0  CONFIG      2


UNUSED ADDRESS RANGES

        Name                Unused          Largest block    Delta
        BANK0            0002A-0006F              46           1
        BANK1            000A0-000EF              50           1
        BANK2            00120-0016F              50           1
        BIGRAM           02000-020EF              F0           1
        CODE             00002-005A1             5A0           2
        COMMON           0007B-0007D               3           1
        CONST            00002-005A1             100           2
        ENTRY            00002-005A1             100           2
        IDLOC            08000-08003               4           2
        RAM              0002A-0006F              46           1
                         000A0-000EF              50
                         00120-0016F              50
        SFR0             00000-0001F              20           1
        SFR1             00080-0009F              20           1
        SFR10            00500-0056F              70           1
        SFR11            00580-005EF              70           1
        SFR12            00600-0066F              70           1
        SFR13            00680-006EF              70           1
        SFR14            00700-0076F              70           1
        SFR15            00780-007EF              70           1
        SFR16            00800-0086F              70           1
        SFR17            00880-008EF              70           1
        SFR18            00900-0096F              70           1
        SFR19            00980-009EF              70           1
        SFR2             00100-0011F              20           1
        SFR20            00A00-00A6F              70           1
        SFR21            00A80-00AEF              70           1
        SFR22            00B00-00B6F              70           1
        SFR23            00B80-00BEF              70           1
        SFR24            00C00-00C6F              70           1
        SFR25            00C80-00CEF              70           1
        SFR26            00D00-00D6F              70           1
        SFR27            00D80-00DEF              70           1
        SFR28            00E00-00E6F              70           1
        SFR29            00E80-00EEF              70           1
        SFR3             00180-001EF              70           1
        SFR30            00F00-00F6F              70           1
        SFR31            00F80-00FEF              70           1
        SFR4             00200-0026F              70           1
        SFR5             00280-002EF              70           1
        SFR6             00300-0036F              70           1
        SFR7             00380-003EF              70           1
        SFR8             00400-0046F              70           1
        SFR9             00480-004EF              70           1
        STACK            0200A-020EF              E6           1
        STRCODE          00002-005A1             5A0           2
        STRING           00002-005A1             100           2

                                  Symbol Table

?_ADC1_GetConversion             cstackCOMMON 00070
ADC1_GetConversion@channel       cstackCOMMON 00073
EUSART_Write@txData              cstackCOMMON 00070
PWM1_DutyCycleSet@dutyCycleCount cstackCOMMON 00070
PWM1_PeriodSet@periodCount       cstackCOMMON 00070
PWM1_PhaseSet@phaseCount         cstackCOMMON 00070
PWM2_DutyCycleSet@dutyCycleCount cstackCOMMON 00070
PWM2_PeriodSet@periodCount       cstackCOMMON 00070
PWM2_PhaseSet@phaseCount         cstackCOMMON 00070
PWM3_DutyCycleSet@dutyCycleCount cstackCOMMON 00070
PWM3_PeriodSet@periodCount       cstackCOMMON 00070
PWM3_PhaseSet@phaseCount         cstackCOMMON 00070
_ADC1_GetConversion              text36       006B5
_ADC1_Initialize                 text33       00615
_ADCON0                          (abs)        0009D
_ADCON0bits                      (abs)        0009D
_ADCON1                          (abs)        0009E
_ADCON2                          (abs)        0009F
_ADRESH                          (abs)        0009C
_ADRESL                          (abs)        0009B
_ANSELA                          (abs)        0018C
_APFCON                          (abs)        0011D
_BAUDCON                         (abs)        0019F
_BORCON                          (abs)        00116
_EUSART_Initialize               text32       00631
_EUSART_Write                    text35       0063C
_EUSART_is_tx_done               text34       005C5
_LATA                            (abs)        0010C
_ODCONA                          (abs)        0028C
_OPTION_REGbits                  (abs)        00095
_OSCCON                          (abs)        00099
_OSCILLATOR_Initialize           text31       00600
_OSCTUNE                         (abs)        00098
_PIN_MANAGER_Initialize          text30       00648
_PIR1bits                        (abs)        00011
_PWM1CLKCON                      (abs)        00D9E
_PWM1CON                         (abs)        00D9B
_PWM1CONbits                     (abs)        00D9B
_PWM1DCH                         (abs)        00D94
_PWM1DCL                         (abs)        00D93
_PWM1INTE                        (abs)        00D9C
_PWM1INTF                        (abs)        00D9D
_PWM1INTFbits                    (abs)        00D9D
_PWM1LDCON                       (abs)        00D9F
_PWM1LDCONbits                   (abs)        00D9F
_PWM1OFCON                       (abs)        00DA0
_PWM1OFH                         (abs)        00D98
_PWM1OFL                         (abs)        00D97
_PWM1PHH                         (abs)        00D92
_PWM1PHL                         (abs)        00D91
_PWM1PRH                         (abs)        00D96
_PWM1PRL                         (abs)        00D95
_PWM1TMRH                        (abs)        00D9A
_PWM1TMRL                        (abs)        00D99
_PWM1_DutyCycleSet               text16       005EE
_PWM1_Initialize                 text29       0065D
_PWM1_LoadBufferSet              text15       005A6
_PWM1_PeriodSet                  text22       005CA
_PWM1_PhaseSet                   text21       005D0
_PWM1_Start                      text4        005B8
_PWM1_Stop                       text9        005AF
_PWM2CLKCON                      (abs)        00DAE
_PWM2CON                         (abs)        00DAB
_PWM2CONbits                     (abs)        00DAB
_PWM2DCH                         (abs)        00DA4
_PWM2DCL                         (abs)        00DA3
_PWM2INTE                        (abs)        00DAC
_PWM2INTF                        (abs)        00DAD
_PWM2INTFbits                    (abs)        00DAD
_PWM2LDCON                       (abs)        00DAF
_PWM2LDCONbits                   (abs)        00DAF
_PWM2OFCON                       (abs)        00DB0
_PWM2OFH                         (abs)        00DA8
_PWM2OFL                         (abs)        00DA7
_PWM2PHH                         (abs)        00DA2
_PWM2PHL                         (abs)        00DA1
_PWM2PRH                         (abs)        00DA6
_PWM2PRL                         (abs)        00DA5
_PWM2TMRH                        (abs)        00DAA
_PWM2TMRL                        (abs)        00DA9
_PWM2_DutyCycleSet               text14       005F4
_PWM2_Initialize                 text28       00672
_PWM2_LoadBufferSet              text13       005A9
_PWM2_PeriodSet                  text20       005D6
_PWM2_PhaseSet                   text19       005DC
_PWM2_Start                      text3        005BB
_PWM2_Stop                       text8        005B2
_PWM3CLKCON                      (abs)        00DBE
_PWM3CON                         (abs)        00DBB
_PWM3CONbits                     (abs)        00DBB
_PWM3DCH                         (abs)        00DB4
_PWM3DCL                         (abs)        00DB3
_PWM3INTE                        (abs)        00DBC
_PWM3INTF                        (abs)        00DBD
_PWM3INTFbits                    (abs)        00DBD
_PWM3LDCON                       (abs)        00DBF
_PWM3LDCONbits                   (abs)        00DBF
_PWM3OFCON                       (abs)        00DC0
_PWM3OFH                         (abs)        00DB8
_PWM3OFL                         (abs)        00DB7
_PWM3PHH                         (abs)        00DB2
_PWM3PHL                         (abs)        00DB1
_PWM3PRH                         (abs)        00DB6
_PWM3PRL                         (abs)        00DB5
_PWM3TMRH                        (abs)        00DBA
_PWM3TMRL                        (abs)        00DB9
_PWM3_DutyCycleSet               text12       005FA
_PWM3_Initialize                 text27       00687
_PWM3_LoadBufferSet              text11       005AC
_PWM3_PeriodSet                  text18       005E2
_PWM3_PhaseSet                   text17       005E8
_PWM3_Start                      text2        005BE
_PWM3_Stop                       text7        005B5
_RCREG                           (abs)        00199
_RCSTA                           (abs)        0019D
_RCSTAbits                       (abs)        0019D
_SLRCONA                         (abs)        0030C
_SPBRGH                          (abs)        0019C
_SPBRGL                          (abs)        0019B
_SYSTEM_Initialize               text25       0069C
_TRISA                           (abs)        0008C
_TXREG                           (abs)        0019A
_TXSTA                           (abs)        0019E
_TXSTAbits                       (abs)        0019E
_WDTCON                          (abs)        00097
_WDT_Initialize                  text26       005C1
_WPUA                            (abs)        0020C
__CFG_BOREN$ON                   (abs)        00000
__CFG_BORV$LO                    (abs)        00000
__CFG_CLKOUTEN$OFF               (abs)        00000
__CFG_CP$OFF                     (abs)        00000
__CFG_FOSC$INTOSC                (abs)        00000
__CFG_LPBOREN$OFF                (abs)        00000
__CFG_LVP$ON                     (abs)        00000
__CFG_MCLRE$ON                   (abs)        00000
__CFG_PLLEN$OFF                  (abs)        00000
__CFG_PWRTE$OFF                  (abs)        00000
__CFG_STVREN$ON                  (abs)        00000
__CFG_WDTE$OFF                   (abs)        00000
__CFG_WRT$OFF                    (abs)        00000
__Habs1                          abs1         00000
__Hbank0                         bank0        00000
__Hbank1                         bank1        00000
__Hbank10                        bank10       00000
__Hbank11                        bank11       00000
__Hbank12                        bank12       00000
__Hbank13                        bank13       00000
__Hbank14                        bank14       00000
__Hbank15                        bank15       00000
__Hbank16                        bank16       00000
__Hbank17                        bank17       00000
__Hbank18                        bank18       00000
__Hbank19                        bank19       00000
__Hbank2                         bank2        00000
__Hbank20                        bank20       00000
__Hbank21                        bank21       00000
__Hbank22                        bank22       00000
__Hbank23                        bank23       00000
__Hbank24                        bank24       00000
__Hbank25                        bank25       00000
__Hbank26                        bank26       00000
__Hbank27                        bank27       00000
__Hbank28                        bank28       00000
__Hbank29                        bank29       00000
__Hbank3                         bank3        00000
__Hbank30                        bank30       00000
__Hbank31                        bank31       00000
__Hbank4                         bank4        00000
__Hbank5                         bank5        00000
__Hbank6                         bank6        00000
__Hbank7                         bank7        00000
__Hbank8                         bank8        00000
__Hbank9                         bank9        00000
__Hbigram                        bigram       00000
__Hcinit                         cinit        00800
__Hclrtext                       clrtext      00000
__Hcode                          code         00000
__Hcommon                        common       00000
__Hconfig                        config       08009
__HcstackBANK0                   cstackBANK0  00000
__HcstackCOMMON                  cstackCOMMON 00000
__Heeprom_data                   eeprom_data  00000
__Hend_init                      end_init     00002
__Hfunctab                       functab      00000
__Hidloc                         idloc        00000
__Hinit                          init         00001
__Hintentry                      intentry     00001
__Hmaintext                      maintext     00000
__Hpowerup                       powerup      00000
__Hram                           ram          00000
__Hreset_vec                     reset_vec    00001
__Hsfr0                          sfr0         00000
__Hsfr1                          sfr1         00000
__Hsfr10                         sfr10        00000
__Hsfr11                         sfr11        00000
__Hsfr12                         sfr12        00000
__Hsfr13                         sfr13        00000
__Hsfr14                         sfr14        00000
__Hsfr15                         sfr15        00000
__Hsfr16                         sfr16        00000
__Hsfr17                         sfr17        00000
__Hsfr18                         sfr18        00000
__Hsfr19                         sfr19        00000
__Hsfr2                          sfr2         00000
__Hsfr20                         sfr20        00000
__Hsfr21                         sfr21        00000
__Hsfr22                         sfr22        00000
__Hsfr23                         sfr23        00000
__Hsfr24                         sfr24        00000
__Hsfr25                         sfr25        00000
__Hsfr26                         sfr26        00000
__Hsfr27                         sfr27        00000
__Hsfr28                         sfr28        00000
__Hsfr29                         sfr29        00000
__Hsfr3                          sfr3         00000
__Hsfr30                         sfr30        00000
__Hsfr31                         sfr31        00000
__Hsfr4                          sfr4         00000
__Hsfr5                          sfr5         00000
__Hsfr6                          sfr6         00000
__Hsfr7                          sfr7         00000
__Hsfr8                          sfr8         00000
__Hsfr9                          sfr9         00000
__Hspace_0                       (abs)        08009
__Hspace_1                       (abs)        0007B
__Hspace_2                       (abs)        00000
__Hspace_3                       (abs)        00000
__Hstack                         stack        00000
__Hstrings                       strings      00000
__Hstringtext1                   stringtext1  00000
__Hstringtext2                   stringtext2  00000
__Htext                          text         00000
__Labs1                          abs1         00000
__Lbank0                         bank0        00000
__Lbank1                         bank1        00000
__Lbank10                        bank10       00000
__Lbank11                        bank11       00000
__Lbank12                        bank12       00000
__Lbank13                        bank13       00000
__Lbank14                        bank14       00000
__Lbank15                        bank15       00000
__Lbank16                        bank16       00000
__Lbank17                        bank17       00000
__Lbank18                        bank18       00000
__Lbank19                        bank19       00000
__Lbank2                         bank2        00000
__Lbank20                        bank20       00000
__Lbank21                        bank21       00000
__Lbank22                        bank22       00000
__Lbank23                        bank23       00000
__Lbank24                        bank24       00000
__Lbank25                        bank25       00000
__Lbank26                        bank26       00000
__Lbank27                        bank27       00000
__Lbank28                        bank28       00000
__Lbank29                        bank29       00000
__Lbank3                         bank3        00000
__Lbank30                        bank30       00000
__Lbank31                        bank31       00000
__Lbank4                         bank4        00000
__Lbank5                         bank5        00000
__Lbank6                         bank6        00000
__Lbank7                         bank7        00000
__Lbank8                         bank8        00000
__Lbank9                         bank9        00000
__Lbigram                        bigram       00000
__Lcinit                         cinit        007FE
__Lclrtext                       clrtext      00000
__Lcode                          code         00000
__Lcommon                        common       00000
__Lconfig                        config       08007
__LcstackBANK0                   cstackBANK0  00000
__LcstackCOMMON                  cstackCOMMON 00000
__Leeprom_data                   eeprom_data  00000
__Lend_init                      end_init     00001
__Lfunctab                       functab      00000
__Lidloc                         idloc        00000
__Linit                          init         00001
__Lintentry                      intentry     00001
__Lmaintext                      maintext     00000
__Lpowerup                       powerup      00000
__Lram                           ram          00000
__Lreset_vec                     reset_vec    00000
__Lsfr0                          sfr0         00000
__Lsfr1                          sfr1         00000
__Lsfr10                         sfr10        00000
__Lsfr11                         sfr11        00000
__Lsfr12                         sfr12        00000
__Lsfr13                         sfr13        00000
__Lsfr14                         sfr14        00000
__Lsfr15                         sfr15        00000
__Lsfr16                         sfr16        00000
__Lsfr17                         sfr17        00000
__Lsfr18                         sfr18        00000
__Lsfr19                         sfr19        00000
__Lsfr2                          sfr2         00000
__Lsfr20                         sfr20        00000
__Lsfr21                         sfr21        00000
__Lsfr22                         sfr22        00000
__Lsfr23                         sfr23        00000
__Lsfr24                         sfr24        00000
__Lsfr25                         sfr25        00000
__Lsfr26                         sfr26        00000
__Lsfr27                         sfr27        00000
__Lsfr28                         sfr28        00000
__Lsfr29                         sfr29        00000
__Lsfr3                          sfr3         00000
__Lsfr30                         sfr30        00000
__Lsfr31                         sfr31        00000
__Lsfr4                          sfr4         00000
__Lsfr5                          sfr5         00000
__Lsfr6                          sfr6         00000
__Lsfr7                          sfr7         00000
__Lsfr8                          sfr8         00000
__Lsfr9                          sfr9         00000
__Lspace_0                       (abs)        00000
__Lspace_1                       (abs)        00000
__Lspace_2                       (abs)        00000
__Lspace_3                       (abs)        00000
__Lstack                         stack        00000
__Lstrings                       strings      00000
__Lstringtext1                   stringtext1  00000
__Lstringtext2                   stringtext2  00000
__Ltext                          text         00000
__S0                             (abs)        08009
__S1                             (abs)        0007B
__S2                             (abs)        00000
___int_sp                        stack        00000
___latbits                       (abs)        00000
___sp                            stack        00000
__end_of_ADC1_GetConversion      text36       006CF
__end_of_ADC1_Initialize         text33       0061D
__end_of_EUSART_Initialize       text32       0063C
__end_of_EUSART_Write            text35       00648
__end_of_EUSART_is_tx_done       text34       005CA
__end_of_OSCILLATOR_Initialize   text31       00607
__end_of_PIN_MANAGER_Initialize  text30       0065D
__end_of_PWM1_DutyCycleSet       text16       005F4
__end_of_PWM1_Initialize         text29       00672
__end_of_PWM1_LoadBufferSet      text15       005A9
__end_of_PWM1_PeriodSet          text22       005D0
__end_of_PWM1_PhaseSet           text21       005D6
__end_of_PWM1_Start              text4        005BB
__end_of_PWM1_Stop               text9        005B2
__end_of_PWM2_DutyCycleSet       text14       005FA
__end_of_PWM2_Initialize         text28       00687
__end_of_PWM2_LoadBufferSet      text13       005AC
__end_of_PWM2_PeriodSet          text20       005DC
__end_of_PWM2_PhaseSet           text19       005E2
__end_of_PWM2_Start              text3        005BE
__end_of_PWM2_Stop               text8        005B5
__end_of_PWM3_DutyCycleSet       text12       00600
__end_of_PWM3_Initialize         text27       0069C
__end_of_PWM3_LoadBufferSet      text11       005AF
__end_of_PWM3_PeriodSet          text18       005E8
__end_of_PWM3_PhaseSet           text17       005EE
__end_of_PWM3_Start              text2        005C1
__end_of_PWM3_Stop               text7        005B8
__end_of_SYSTEM_Initialize       text25       006B5
__end_of_WDT_Initialize          text26       005C5
__end_of__initialization         cinit        007FE
__end_of_disableSerial           text24       0060E
__end_of_enableSerial            text23       00615
__end_of_main                    maintext     007FE
__end_of_setLEDs                 text10       006EE
__end_of_setupLEDs               text5        00743
__end_of_startLEDs               text1        00631
__end_of_stopLEDs                text6        00627
__end_ofsetupLEDs@initial_duty   stringtext2  005A4
__end_ofsetupLEDs@initial_phase  stringtext1  005A6
__initialization                 cinit        007FE
__pcstackBANK0                   cstackBANK0  00020
__pcstackCOMMON                  cstackCOMMON 00070
__pmaintext                      maintext     00743
__pstringtext1                   stringtext1  005A4
__pstringtext2                   stringtext2  005A2
__ptext1                         text1        00627
__ptext10                        text10       006CF
__ptext11                        text11       005AC
__ptext12                        text12       005FA
__ptext13                        text13       005A9
__ptext14                        text14       005F4
__ptext15                        text15       005A6
__ptext16                        text16       005EE
__ptext17                        text17       005E8
__ptext18                        text18       005E2
__ptext19                        text19       005DC
__ptext2                         text2        005BE
__ptext20                        text20       005D6
__ptext21                        text21       005D0
__ptext22                        text22       005CA
__ptext23                        text23       0060E
__ptext24                        text24       00607
__ptext25                        text25       0069C
__ptext26                        text26       005C1
__ptext27                        text27       00687
__ptext28                        text28       00672
__ptext29                        text29       0065D
__ptext3                         text3        005BB
__ptext30                        text30       00648
__ptext31                        text31       00600
__ptext32                        text32       00631
__ptext33                        text33       00615
__ptext34                        text34       005C5
__ptext35                        text35       0063C
__ptext36                        text36       006B5
__ptext4                         text4        005B8
__ptext5                         text5        006EE
__ptext6                         text6        0061D
__ptext7                         text7        005B5
__ptext8                         text8        005B2
__ptext9                         text9        005AF
__size_of_ADC1_GetConversion     (abs)        00000
__size_of_ADC1_Initialize        (abs)        00000
__size_of_EUSART_Initialize      (abs)        00000
__size_of_EUSART_Write           (abs)        00000
__size_of_EUSART_is_tx_done      (abs)        00000
__size_of_OSCILLATOR_Initialize  (abs)        00000
__size_of_PIN_MANAGER_Initialize (abs)        00000
__size_of_PWM1_DutyCycleSet      (abs)        00000
__size_of_PWM1_Initialize        (abs)        00000
__size_of_PWM1_LoadBufferSet     (abs)        00000
__size_of_PWM1_PeriodSet         (abs)        00000
__size_of_PWM1_PhaseSet          (abs)        00000
__size_of_PWM1_Start             (abs)        00000
__size_of_PWM1_Stop              (abs)        00000
__size_of_PWM2_DutyCycleSet      (abs)        00000
__size_of_PWM2_Initialize        (abs)        00000
__size_of_PWM2_LoadBufferSet     (abs)        00000
__size_of_PWM2_PeriodSet         (abs)        00000
__size_of_PWM2_PhaseSet          (abs)        00000
__size_of_PWM2_Start             (abs)        00000
__size_of_PWM2_Stop              (abs)        00000
__size_of_PWM3_DutyCycleSet      (abs)        00000
__size_of_PWM3_Initialize        (abs)        00000
__size_of_PWM3_LoadBufferSet     (abs)        00000
__size_of_PWM3_PeriodSet         (abs)        00000
__size_of_PWM3_PhaseSet          (abs)        00000
__size_of_PWM3_Start             (abs)        00000
__size_of_PWM3_Stop              (abs)        00000
__size_of_SYSTEM_Initialize      (abs)        00000
__size_of_WDT_Initialize         (abs)        00000
__size_of_disableSerial          (abs)        00000
__size_of_enableSerial           (abs)        00000
__size_of_main                   (abs)        00000
__size_of_setLEDs                (abs)        00000
__size_of_setupLEDs              (abs)        00000
__size_of_startLEDs              (abs)        00000
__size_of_stopLEDs               (abs)        00000
_disableSerial                   text24       00607
_enableSerial                    text23       0060E
_main                            maintext     00743
_setLEDs                         text10       006CF
_setupLEDs                       text5        006EE
_startLEDs                       text1        00627
_stopLEDs                        text6        0061D
btemp                            (abs)        0007E
end_of_initialization            cinit        007FE
intlevel0                        functab      00000
intlevel1                        functab      00000
intlevel2                        functab      00000
intlevel3                        functab      00000
intlevel4                        functab      00000
intlevel5                        functab      00000
main@LED1                        cstackBANK0  00024
main@LED2                        cstackBANK0  00026
main@LED3                        cstackBANK0  00028
main@adc_result                  cstackBANK0  00020
main@i                           cstackBANK0  00022
reset_vec                        reset_vec    00000
setLEDs@led1                     cstackCOMMON 00072
setLEDs@led2                     cstackCOMMON 00074
setLEDs@led3                     cstackCOMMON 00076
setupLEDs@initial_duty           stringtext2  005A2
setupLEDs@initial_phase          stringtext1  005A4
setupLEDs@period                 cstackCOMMON 00078
stackhi                          (abs)        020EF
stacklo                          (abs)        0200A
start                            init         00001
start_initialization             cinit        007FE
wtemp0                           (abs)        0007E


FUNCTION INFORMATION:

 *************** function _main *****************
 Defined at:
		line 52 in file "main.c"
 Parameters:    Size  Location     Type
		None
 Auto vars:     Size  Location     Type
  i               2    2[BANK0 ] int 
  LED3            2    8[BANK0 ] unsigned short 
  LED2            2    6[BANK0 ] unsigned short 
  LED1            2    4[BANK0 ] unsigned short 
  adc_result      2    0[BANK0 ] unsigned short 
 Return value:  Size  Location     Type
                  1    wreg      void 
 Registers used:
		wreg, fsr0l, fsr0h, status,2, status,0, pclath, cstack
 Tracked objects:
		On entry : 
		On exit  : 
		Unchanged: 
 Data sizes:     COMMON   BANK0   BANK1   BANK2
      Params:         0       0       0       0
      Locals:         0      10       0       0
      Temps:          1       0       0       0
      Totals:         1      10       0       0
Total ram usage:       11 bytes
 Hardware stack levels required when called:    3
 This function calls:
		_ADC1_GetConversion
		_EUSART_Write
		_EUSART_is_tx_done
		_SYSTEM_Initialize
		_disableSerial
		_enableSerial
		_setLEDs
		_setupLEDs
		_startLEDs
 This function is called by:
		Startup code after reset
 This function uses a non-reentrant model


 *************** function _startLEDs *****************
 Defined at:
		line 87 in file "aj_hal.c"
 Parameters:    Size  Location     Type
		None
 Auto vars:     Size  Location     Type
		None
 Return value:  Size  Location     Type
                  1    wreg      void 
 Registers used:
		status,2, status,0, pclath, cstack
 Tracked objects:
		On entry : 
		On exit  : 
		Unchanged: 
 Data sizes:     COMMON   BANK0   BANK1   BANK2
      Params:         0       0       0       0
      Locals:         0       0       0       0
      Temps:          0       0       0       0
      Totals:         0       0       0       0
Total ram usage:        0 bytes
 Hardware stack levels used:    1
 Hardware stack levels required when called:    1
 This function calls:
		_PWM1_Start
		_PWM2_Start
		_PWM3_Start
 This function is called by:
		_main
 This function uses a non-reentrant model


 *************** function _PWM3_Start *****************
 Defined at:
		line 113 in file "mcc_generated_files/pwm3.c"
 Parameters:    Size  Location     Type
		None
 Auto vars:     Size  Location     Type
		None
 Return value:  Size  Location     Type
                  1    wreg      void 
 Registers used:
		None
 Tracked objects:
		On entry : 
		On exit  : 
		Unchanged: 
 Data sizes:     COMMON   BANK0   BANK1   BANK2
      Params:         0       0       0       0
      Locals:         0       0       0       0
      Temps:          0       0       0       0
      Totals:         0       0       0       0
Total ram usage:        0 bytes
 Hardware stack levels used:    1
 This function calls:
		Nothing
 This function is called by:
		_startLEDs
 This function uses a non-reentrant model


 *************** function _PWM2_Start *****************
 Defined at:
		line 113 in file "mcc_generated_files/pwm2.c"
 Parameters:    Size  Location     Type
		None
 Auto vars:     Size  Location     Type
		None
 Return value:  Size  Location     Type
                  1    wreg      void 
 Registers used:
		None
 Tracked objects:
		On entry : 
		On exit  : 
		Unchanged: 
 Data sizes:     COMMON   BANK0   BANK1   BANK2
      Params:         0       0       0       0
      Locals:         0       0       0       0
      Temps:          0       0       0       0
      Totals:         0       0       0       0
Total ram usage:        0 bytes
 Hardware stack levels used:    1
 This function calls:
		Nothing
 This function is called by:
		_startLEDs
 This function uses a non-reentrant model


 *************** function _PWM1_Start *****************
 Defined at:
		line 113 in file "mcc_generated_files/pwm1.c"
 Parameters:    Size  Location     Type
		None
 Auto vars:     Size  Location     Type
		None
 Return value:  Size  Location     Type
                  1    wreg      void 
 Registers used:
		None
 Tracked objects:
		On entry : 
		On exit  : 
		Unchanged: 
 Data sizes:     COMMON   BANK0   BANK1   BANK2
      Params:         0       0       0       0
      Locals:         0       0       0       0
      Temps:          0       0       0       0
      Totals:         0       0       0       0
Total ram usage:        0 bytes
 Hardware stack levels used:    1
 This function calls:
		Nothing
 This function is called by:
		_startLEDs
 This function uses a non-reentrant model


 *************** function _setupLEDs *****************
 Defined at:
		line 104 in file "aj_hal.c"
 Parameters:    Size  Location     Type
  period          2    8[COMMON] unsigned short 
 Auto vars:     Size  Location     Type
		None
 Return value:  Size  Location     Type
                  1    wreg      void 
 Registers used:
		wreg, fsr0l, fsr0h, status,2, status,0, pclath, cstack
 Tracked objects:
		On entry : 
		On exit  : 
		Unchanged: 
 Data sizes:     COMMON   BANK0   BANK1   BANK2
      Params:         2       0       0       0
      Locals:         0       0       0       0
      Temps:          0       0       0       0
      Totals:         2       0       0       0
Total ram usage:        2 bytes
 Hardware stack levels used:    1
 Hardware stack levels required when called:    2
 This function calls:
		_PWM1_PeriodSet
		_PWM1_PhaseSet
		_PWM2_PeriodSet
		_PWM2_PhaseSet
		_PWM3_PeriodSet
		_PWM3_PhaseSet
		_setLEDs
		_stopLEDs
 This function is called by:
		_main
 This function uses a non-reentrant model


 *************** function _stopLEDs *****************
 Defined at:
		line 80 in file "aj_hal.c"
 Parameters:    Size  Location     Type
		None
 Auto vars:     Size  Location     Type
		None
 Return value:  Size  Location     Type
                  1    wreg      void 
 Registers used:
		status,2, status,0, pclath, cstack
 Tracked objects:
		On entry : 
		On exit  : 
		Unchanged: 
 Data sizes:     COMMON   BANK0   BANK1   BANK2
      Params:         0       0       0       0
      Locals:         0       0       0       0
      Temps:          0       0       0       0
      Totals:         0       0       0       0
Total ram usage:        0 bytes
 Hardware stack levels used:    1
 Hardware stack levels required when called:    1
 This function calls:
		_PWM1_Stop
		_PWM2_Stop
		_PWM3_Stop
 This function is called by:
		_setupLEDs
 This function uses a non-reentrant model


 *************** function _PWM3_Stop *****************
 Defined at:
		line 118 in file "mcc_generated_files/pwm3.c"
 Parameters:    Size  Location     Type
		None
 Auto vars:     Size  Location     Type
		None
 Return value:  Size  Location     Type
                  1    wreg      void 
 Registers used:
		None
 Tracked objects:
		On entry : 
		On exit  : 
		Unchanged: 
 Data sizes:     COMMON   BANK0   BANK1   BANK2
      Params:         0       0       0       0
      Locals:         0       0       0       0
      Temps:          0       0       0       0
      Totals:         0       0       0       0
Total ram usage:        0 bytes
 Hardware stack levels used:    1
 This function calls:
		Nothing
 This function is called by:
		_stopLEDs
 This function uses a non-reentrant model


 *************** function _PWM2_Stop *****************
 Defined at:
		line 118 in file "mcc_generated_files/pwm2.c"
 Parameters:    Size  Location     Type
		None
 Auto vars:     Size  Location     Type
		None
 Return value:  Size  Location     Type
                  1    wreg      void 
 Registers used:
		None
 Tracked objects:
		On entry : 
		On exit  : 
		Unchanged: 
 Data sizes:     COMMON   BANK0   BANK1   BANK2
      Params:         0       0       0       0
      Locals:         0       0       0       0
      Temps:          0       0       0       0
      Totals:         0       0       0       0
Total ram usage:        0 bytes
 Hardware stack levels used:    1
 This function calls:
		Nothing
 This function is called by:
		_stopLEDs
 This function uses a non-reentrant model


 *************** function _PWM1_Stop *****************
 Defined at:
		line 118 in file "mcc_generated_files/pwm1.c"
 Parameters:    Size  Location     Type
		None
 Auto vars:     Size  Location     Type
		None
 Return value:  Size  Location     Type
                  1    wreg      void 
 Registers used:
		None
 Tracked objects:
		On entry : 
		On exit  : 
		Unchanged: 
 Data sizes:     COMMON   BANK0   BANK1   BANK2
      Params:         0       0       0       0
      Locals:         0       0       0       0
      Temps:          0       0       0       0
      Totals:         0       0       0       0
Total ram usage:        0 bytes
 Hardware stack levels used:    1
 This function calls:
		Nothing
 This function is called by:
		_stopLEDs
 This function uses a non-reentrant model


 *************** function _setLEDs *****************
 Defined at:
		line 94 in file "aj_hal.c"
 Parameters:    Size  Location     Type
  led1            2    2[COMMON] unsigned short 
  led2            2    4[COMMON] unsigned short 
  led3            2    6[COMMON] unsigned short 
 Auto vars:     Size  Location     Type
		None
 Return value:  Size  Location     Type
                  1    wreg      void 
 Registers used:
		wreg, status,2, status,0, pclath, cstack
 Tracked objects:
		On entry : 
		On exit  : 
		Unchanged: 
 Data sizes:     COMMON   BANK0   BANK1   BANK2
      Params:         6       0       0       0
      Locals:         0       0       0       0
      Temps:          0       0       0       0
      Totals:         6       0       0       0
Total ram usage:        6 bytes
 Hardware stack levels used:    1
 Hardware stack levels required when called:    1
 This function calls:
		_PWM1_DutyCycleSet
		_PWM1_LoadBufferSet
		_PWM2_DutyCycleSet
		_PWM2_LoadBufferSet
		_PWM3_DutyCycleSet
		_PWM3_LoadBufferSet
 This function is called by:
		_main
		_setupLEDs
 This function uses a non-reentrant model


 *************** function _PWM3_LoadBufferSet *****************
 Defined at:
		line 128 in file "mcc_generated_files/pwm3.c"
 Parameters:    Size  Location     Type
		None
 Auto vars:     Size  Location     Type
		None
 Return value:  Size  Location     Type
                  1    wreg      void 
 Registers used:
		None
 Tracked objects:
		On entry : 
		On exit  : 
		Unchanged: 
 Data sizes:     COMMON   BANK0   BANK1   BANK2
      Params:         0       0       0       0
      Locals:         0       0       0       0
      Temps:          0       0       0       0
      Totals:         0       0       0       0
Total ram usage:        0 bytes
 Hardware stack levels used:    1
 This function calls:
		Nothing
 This function is called by:
		_setLEDs
		_setLED
 This function uses a non-reentrant model


 *************** function _PWM3_DutyCycleSet *****************
 Defined at:
		line 139 in file "mcc_generated_files/pwm3.c"
 Parameters:    Size  Location     Type
  dutyCycleCou    2    0[COMMON] unsigned short 
 Auto vars:     Size  Location     Type
		None
 Return value:  Size  Location     Type
                  1    wreg      void 
 Registers used:
		wreg, status,2
 Tracked objects:
		On entry : 
		On exit  : 
		Unchanged: 
 Data sizes:     COMMON   BANK0   BANK1   BANK2
      Params:         2       0       0       0
      Locals:         0       0       0       0
      Temps:          0       0       0       0
      Totals:         2       0       0       0
Total ram usage:        2 bytes
 Hardware stack levels used:    1
 This function calls:
		Nothing
 This function is called by:
		_setLEDs
		_setLED
 This function uses a non-reentrant model


 *************** function _PWM2_LoadBufferSet *****************
 Defined at:
		line 128 in file "mcc_generated_files/pwm2.c"
 Parameters:    Size  Location     Type
		None
 Auto vars:     Size  Location     Type
		None
 Return value:  Size  Location     Type
                  1    wreg      void 
 Registers used:
		None
 Tracked objects:
		On entry : 
		On exit  : 
		Unchanged: 
 Data sizes:     COMMON   BANK0   BANK1   BANK2
      Params:         0       0       0       0
      Locals:         0       0       0       0
      Temps:          0       0       0       0
      Totals:         0       0       0       0
Total ram usage:        0 bytes
 Hardware stack levels used:    1
 This function calls:
		Nothing
 This function is called by:
		_setLEDs
		_setLED
 This function uses a non-reentrant model


 *************** function _PWM2_DutyCycleSet *****************
 Defined at:
		line 139 in file "mcc_generated_files/pwm2.c"
 Parameters:    Size  Location     Type
  dutyCycleCou    2    0[COMMON] unsigned short 
 Auto vars:     Size  Location     Type
		None
 Return value:  Size  Location     Type
                  1    wreg      void 
 Registers used:
		wreg, status,2
 Tracked objects:
		On entry : 
		On exit  : 
		Unchanged: 
 Data sizes:     COMMON   BANK0   BANK1   BANK2
      Params:         2       0       0       0
      Locals:         0       0       0       0
      Temps:          0       0       0       0
      Totals:         2       0       0       0
Total ram usage:        2 bytes
 Hardware stack levels used:    1
 This function calls:
		Nothing
 This function is called by:
		_setLEDs
		_setLED
 This function uses a non-reentrant model


 *************** function _PWM1_LoadBufferSet *****************
 Defined at:
		line 128 in file "mcc_generated_files/pwm1.c"
 Parameters:    Size  Location     Type
		None
 Auto vars:     Size  Location     Type
		None
 Return value:  Size  Location     Type
                  1    wreg      void 
 Registers used:
		None
 Tracked objects:
		On entry : 
		On exit  : 
		Unchanged: 
 Data sizes:     COMMON   BANK0   BANK1   BANK2
      Params:         0       0       0       0
      Locals:         0       0       0       0
      Temps:          0       0       0       0
      Totals:         0       0       0       0
Total ram usage:        0 bytes
 Hardware stack levels used:    1
 This function calls:
		Nothing
 This function is called by:
		_setLEDs
		_setLED
 This function uses a non-reentrant model


 *************** function _PWM1_DutyCycleSet *****************
 Defined at:
		line 139 in file "mcc_generated_files/pwm1.c"
 Parameters:    Size  Location     Type
  dutyCycleCou    2    0[COMMON] unsigned short 
 Auto vars:     Size  Location     Type
		None
 Return value:  Size  Location     Type
                  1    wreg      void 
 Registers used:
		wreg, status,2
 Tracked objects:
		On entry : 
		On exit  : 
		Unchanged: 
 Data sizes:     COMMON   BANK0   BANK1   BANK2
      Params:         2       0       0       0
      Locals:         0       0       0       0
      Temps:          0       0       0       0
      Totals:         2       0       0       0
Total ram usage:        2 bytes
 Hardware stack levels used:    1
 This function calls:
		Nothing
 This function is called by:
		_setLEDs
		_setLED
 This function uses a non-reentrant model


 *************** function _PWM3_PhaseSet *****************
 Defined at:
		line 133 in file "mcc_generated_files/pwm3.c"
 Parameters:    Size  Location     Type
  phaseCount      2    0[COMMON] unsigned short 
 Auto vars:     Size  Location     Type
		None
 Return value:  Size  Location     Type
                  1    wreg      void 
 Registers used:
		wreg, status,2
 Tracked objects:
		On entry : 
		On exit  : 
		Unchanged: 
 Data sizes:     COMMON   BANK0   BANK1   BANK2
      Params:         2       0       0       0
      Locals:         0       0       0       0
      Temps:          0       0       0       0
      Totals:         2       0       0       0
Total ram usage:        2 bytes
 Hardware stack levels used:    1
 This function calls:
		Nothing
 This function is called by:
		_setupLEDs
 This function uses a non-reentrant model


 *************** function _PWM3_PeriodSet *****************
 Defined at:
		line 145 in file "mcc_generated_files/pwm3.c"
 Parameters:    Size  Location     Type
  periodCount     2    0[COMMON] unsigned short 
 Auto vars:     Size  Location     Type
		None
 Return value:  Size  Location     Type
                  1    wreg      void 
 Registers used:
		wreg, status,2
 Tracked objects:
		On entry : 
		On exit  : 
		Unchanged: 
 Data sizes:     COMMON   BANK0   BANK1   BANK2
      Params:         2       0       0       0
      Locals:         0       0       0       0
      Temps:          0       0       0       0
      Totals:         2       0       0       0
Total ram usage:        2 bytes
 Hardware stack levels used:    1
 This function calls:
		Nothing
 This function is called by:
		_setupLEDs
 This function uses a non-reentrant model


 *************** function _PWM2_PhaseSet *****************
 Defined at:
		line 133 in file "mcc_generated_files/pwm2.c"
 Parameters:    Size  Location     Type
  phaseCount      2    0[COMMON] unsigned short 
 Auto vars:     Size  Location     Type
		None
 Return value:  Size  Location     Type
                  1    wreg      void 
 Registers used:
		wreg, status,2
 Tracked objects:
		On entry : 
		On exit  : 
		Unchanged: 
 Data sizes:     COMMON   BANK0   BANK1   BANK2
      Params:         2       0       0       0
      Locals:         0       0       0       0
      Temps:          0       0       0       0
      Totals:         2       0       0       0
Total ram usage:        2 bytes
 Hardware stack levels used:    1
 This function calls:
		Nothing
 This function is called by:
		_setupLEDs
 This function uses a non-reentrant model


 *************** function _PWM2_PeriodSet *****************
 Defined at:
		line 145 in file "mcc_generated_files/pwm2.c"
 Parameters:    Size  Location     Type
  periodCount     2    0[COMMON] unsigned short 
 Auto vars:     Size  Location     Type
		None
 Return value:  Size  Location     Type
                  1    wreg      void 
 Registers used:
		wreg, status,2
 Tracked objects:
		On entry : 
		On exit  : 
		Unchanged: 
 Data sizes:     COMMON   BANK0   BANK1   BANK2
      Params:         2       0       0       0
      Locals:         0       0       0       0
      Temps:          0       0       0       0
      Totals:         2       0       0       0
Total ram usage:        2 bytes
 Hardware stack levels used:    1
 This function calls:
		Nothing
 This function is called by:
		_setupLEDs
 This function uses a non-reentrant model


 *************** function _PWM1_PhaseSet *****************
 Defined at:
		line 133 in file "mcc_generated_files/pwm1.c"
 Parameters:    Size  Location     Type
  phaseCount      2    0[COMMON] unsigned short 
 Auto vars:     Size  Location     Type
		None
 Return value:  Size  Location     Type
                  1    wreg      void 
 Registers used:
		wreg, status,2
 Tracked objects:
		On entry : 
		On exit  : 
		Unchanged: 
 Data sizes:     COMMON   BANK0   BANK1   BANK2
      Params:         2       0       0       0
      Locals:         0       0       0       0
      Temps:          0       0       0       0
      Totals:         2       0       0       0
Total ram usage:        2 bytes
 Hardware stack levels used:    1
 This function calls:
		Nothing
 This function is called by:
		_setupLEDs
 This function uses a non-reentrant model


 *************** function _PWM1_PeriodSet *****************
 Defined at:
		line 145 in file "mcc_generated_files/pwm1.c"
 Parameters:    Size  Location     Type
  periodCount     2    0[COMMON] unsigned short 
 Auto vars:     Size  Location     Type
		None
 Return value:  Size  Location     Type
                  1    wreg      void 
 Registers used:
		wreg, status,2
 Tracked objects:
		On entry : 
		On exit  : 
		Unchanged: 
 Data sizes:     COMMON   BANK0   BANK1   BANK2
      Params:         2       0       0       0
      Locals:         0       0       0       0
      Temps:          0       0       0       0
      Totals:         2       0       0       0
Total ram usage:        2 bytes
 Hardware stack levels used:    1
 This function calls:
		Nothing
 This function is called by:
		_setupLEDs
 This function uses a non-reentrant model


 *************** function _enableSerial *****************
 Defined at:
		line 9 in file "aj_hal.c"
 Parameters:    Size  Location     Type
		None
 Auto vars:     Size  Location     Type
		None
 Return value:  Size  Location     Type
                  1    wreg      void 
 Registers used:
		wreg
 Tracked objects:
		On entry : 
		On exit  : 
		Unchanged: 
 Data sizes:     COMMON   BANK0   BANK1   BANK2
      Params:         0       0       0       0
      Locals:         0       0       0       0
      Temps:          0       0       0       0
      Totals:         0       0       0       0
Total ram usage:        0 bytes
 Hardware stack levels used:    1
 This function calls:
		Nothing
 This function is called by:
		_main
 This function uses a non-reentrant model


 *************** function _disableSerial *****************
 Defined at:
		line 16 in file "aj_hal.c"
 Parameters:    Size  Location     Type
		None
 Auto vars:     Size  Location     Type
		None
 Return value:  Size  Location     Type
                  1    wreg      void 
 Registers used:
		wreg
 Tracked objects:
		On entry : 
		On exit  : 
		Unchanged: 
 Data sizes:     COMMON   BANK0   BANK1   BANK2
      Params:         0       0       0       0
      Locals:         0       0       0       0
      Temps:          0       0       0       0
      Totals:         0       0       0       0
Total ram usage:        0 bytes
 Hardware stack levels used:    1
 This function calls:
		Nothing
 This function is called by:
		_main
		_checkButtons
 This function uses a non-reentrant model


 *************** function _SYSTEM_Initialize *****************
 Defined at:
		line 50 in file "mcc_generated_files/mcc.c"
 Parameters:    Size  Location     Type
		None
 Auto vars:     Size  Location     Type
		None
 Return value:  Size  Location     Type
                  1    wreg      void 
 Registers used:
		wreg, status,2, status,0, pclath, cstack
 Tracked objects:
		On entry : 
		On exit  : 
		Unchanged: 
 Data sizes:     COMMON   BANK0   BANK1   BANK2
      Params:         0       0       0       0
      Locals:         0       0       0       0
      Temps:          0       0       0       0
      Totals:         0       0       0       0
Total ram usage:        0 bytes
 Hardware stack levels used:    1
 Hardware stack levels required when called:    1
 This function calls:
		_ADC1_Initialize
		_EUSART_Initialize
		_OSCILLATOR_Initialize
		_PIN_MANAGER_Initialize
		_PWM1_Initialize
		_PWM2_Initialize
		_PWM3_Initialize
		_WDT_Initialize
 This function is called by:
		_main
 This function uses a non-reentrant model


 *************** function _WDT_Initialize *****************
 Defined at:
		line 73 in file "mcc_generated_files/mcc.c"
 Parameters:    Size  Location     Type
		None
 Auto vars:     Size  Location     Type
		None
 Return value:  Size  Location     Type
                  1    wreg      void 
 Registers used:
		wreg
 Tracked objects:
		On entry : 
		On exit  : 
		Unchanged: 
 Data sizes:     COMMON   BANK0   BANK1   BANK2
      Params:         0       0       0       0
      Locals:         0       0       0       0
      Temps:          0       0       0       0
      Totals:         0       0       0       0
Total ram usage:        0 bytes
 Hardware stack levels used:    1
 This function calls:
		Nothing
 This function is called by:
		_SYSTEM_Initialize
 This function uses a non-reentrant model


 *************** function _PWM3_Initialize *****************
 Defined at:
		line 58 in file "mcc_generated_files/pwm3.c"
 Parameters:    Size  Location     Type
		None
 Auto vars:     Size  Location     Type
		None
 Return value:  Size  Location     Type
                  1    wreg      void 
 Registers used:
		wreg, status,2
 Tracked objects:
		On entry : 
		On exit  : 
		Unchanged: 
 Data sizes:     COMMON   BANK0   BANK1   BANK2
      Params:         0       0       0       0
      Locals:         0       0       0       0
      Temps:          0       0       0       0
      Totals:         0       0       0       0
Total ram usage:        0 bytes
 Hardware stack levels used:    1
 This function calls:
		Nothing
 This function is called by:
		_SYSTEM_Initialize
 This function uses a non-reentrant model


 *************** function _PWM2_Initialize *****************
 Defined at:
		line 58 in file "mcc_generated_files/pwm2.c"
 Parameters:    Size  Location     Type
		None
 Auto vars:     Size  Location     Type
		None
 Return value:  Size  Location     Type
                  1    wreg      void 
 Registers used:
		wreg, status,2
 Tracked objects:
		On entry : 
		On exit  : 
		Unchanged: 
 Data sizes:     COMMON   BANK0   BANK1   BANK2
      Params:         0       0       0       0
      Locals:         0       0       0       0
      Temps:          0       0       0       0
      Totals:         0       0       0       0
Total ram usage:        0 bytes
 Hardware stack levels used:    1
 This function calls:
		Nothing
 This function is called by:
		_SYSTEM_Initialize
 This function uses a non-reentrant model


 *************** function _PWM1_Initialize *****************
 Defined at:
		line 58 in file "mcc_generated_files/pwm1.c"
 Parameters:    Size  Location     Type
		None
 Auto vars:     Size  Location     Type
		None
 Return value:  Size  Location     Type
                  1    wreg      void 
 Registers used:
		wreg, status,2
 Tracked objects:
		On entry : 
		On exit  : 
		Unchanged: 
 Data sizes:     COMMON   BANK0   BANK1   BANK2
      Params:         0       0       0       0
      Locals:         0       0       0       0
      Temps:          0       0       0       0
      Totals:         0       0       0       0
Total ram usage:        0 bytes
 Hardware stack levels used:    1
 This function calls:
		Nothing
 This function is called by:
		_SYSTEM_Initialize
 This function uses a non-reentrant model


 *************** function _PIN_MANAGER_Initialize *****************
 Defined at:
		line 57 in file "mcc_generated_files/pin_manager.c"
 Parameters:    Size  Location     Type
		None
 Auto vars:     Size  Location     Type
		None
 Return value:  Size  Location     Type
                  1    wreg      void 
 Registers used:
		wreg, status,2
 Tracked objects:
		On entry : 
		On exit  : 
		Unchanged: 
 Data sizes:     COMMON   BANK0   BANK1   BANK2
      Params:         0       0       0       0
      Locals:         0       0       0       0
      Temps:          0       0       0       0
      Totals:         0       0       0       0
Total ram usage:        0 bytes
 Hardware stack levels used:    1
 This function calls:
		Nothing
 This function is called by:
		_SYSTEM_Initialize
 This function uses a non-reentrant model


 *************** function _OSCILLATOR_Initialize *****************
 Defined at:
		line 63 in file "mcc_generated_files/mcc.c"
 Parameters:    Size  Location     Type
		None
 Auto vars:     Size  Location     Type
		None
 Return value:  Size  Location     Type
                  1    wreg      void 
 Registers used:
		wreg, status,2
 Tracked objects:
		On entry : 
		On exit  : 
		Unchanged: 
 Data sizes:     COMMON   BANK0   BANK1   BANK2
      Params:         0       0       0       0
      Locals:         0       0       0       0
      Temps:          0       0       0       0
      Totals:         0       0       0       0
Total ram usage:        0 bytes
 Hardware stack levels used:    1
 This function calls:
		Nothing
 This function is called by:
		_SYSTEM_Initialize
 This function uses a non-reentrant model


 *************** function _EUSART_Initialize *****************
 Defined at:
		line 56 in file "mcc_generated_files/eusart.c"
 Parameters:    Size  Location     Type
		None
 Auto vars:     Size  Location     Type
		None
 Return value:  Size  Location     Type
                  1    wreg      void 
 Registers used:
		wreg, status,2
 Tracked objects:
		On entry : 
		On exit  : 
		Unchanged: 
 Data sizes:     COMMON   BANK0   BANK1   BANK2
      Params:         0       0       0       0
      Locals:         0       0       0       0
      Temps:          0       0       0       0
      Totals:         0       0       0       0
Total ram usage:        0 bytes
 Hardware stack levels used:    1
 This function calls:
		Nothing
 This function is called by:
		_SYSTEM_Initialize
 This function uses a non-reentrant model


 *************** function _ADC1_Initialize *****************
 Defined at:
		line 65 in file "mcc_generated_files/adc1.c"
 Parameters:    Size  Location     Type
		None
 Auto vars:     Size  Location     Type
		None
 Return value:  Size  Location     Type
                  1    wreg      void 
 Registers used:
		wreg, status,2
 Tracked objects:
		On entry : 
		On exit  : 
		Unchanged: 
 Data sizes:     COMMON   BANK0   BANK1   BANK2
      Params:         0       0       0       0
      Locals:         0       0       0       0
      Temps:          0       0       0       0
      Totals:         0       0       0       0
Total ram usage:        0 bytes
 Hardware stack levels used:    1
 This function calls:
		Nothing
 This function is called by:
		_SYSTEM_Initialize
 This function uses a non-reentrant model


 *************** function _EUSART_is_tx_done *****************
 Defined at:
		line 88 in file "mcc_generated_files/eusart.c"
 Parameters:    Size  Location     Type
		None
 Auto vars:     Size  Location     Type
		None
 Return value:  Size  Location     Type
                  1    wreg      _Bool 
 Registers used:
		wreg, status,2, status,0
 Tracked objects:
		On entry : 
		On exit  : 
		Unchanged: 
 Data sizes:     COMMON   BANK0   BANK1   BANK2
      Params:         0       0       0       0
      Locals:         0       0       0       0
      Temps:          0       0       0       0
      Totals:         0       0       0       0
Total ram usage:        0 bytes
 Hardware stack levels used:    1
 This function calls:
		Nothing
 This function is called by:
		_main
 This function uses a non-reentrant model


 *************** function _EUSART_Write *****************
 Defined at:
		line 111 in file "mcc_generated_files/eusart.c"
 Parameters:    Size  Location     Type
  txData          1    wreg     unsigned char 
 Auto vars:     Size  Location     Type
  txData          1    0[COMMON] unsigned char 
 Return value:  Size  Location     Type
                  1    wreg      void 
 Registers used:
		wreg
 Tracked objects:
		On entry : 
		On exit  : 
		Unchanged: 
 Data sizes:     COMMON   BANK0   BANK1   BANK2
      Params:         0       0       0       0
      Locals:         1       0       0       0
      Temps:          0       0       0       0
      Totals:         1       0       0       0
Total ram usage:        1 bytes
 Hardware stack levels used:    1
 This function calls:
		Nothing
 This function is called by:
		_main
		_putch
 This function uses a non-reentrant model


 *************** function _ADC1_GetConversion *****************
 Defined at:
		line 113 in file "mcc_generated_files/adc1.c"
 Parameters:    Size  Location     Type
  channel         1    wreg     enum E3025
 Auto vars:     Size  Location     Type
  channel         1    3[COMMON] enum E3025
 Return value:  Size  Location     Type
                  2    0[COMMON] unsigned short 
 Registers used:
		wreg, status,2, status,0
 Tracked objects:
		On entry : 
		On exit  : 
		Unchanged: 
 Data sizes:     COMMON   BANK0   BANK1   BANK2
      Params:         2       0       0       0
      Locals:         1       0       0       0
      Temps:          1       0       0       0
      Totals:         4       0       0       0
Total ram usage:        4 bytes
 Hardware stack levels used:    1
 This function calls:
		Nothing
 This function is called by:
		_main
		_checkButtons
 This function uses a non-reentrant model



MODULE INFORMATION

Module		Function		Class		Link	Load	Size
aj_hal.c
		_disableSerial 		CODE           	0607	0000	8
		_startLEDs     		CODE           	0627	0000	11
		_setLEDs       		CODE           	06CF	0000	32
		_setupLEDs     		CODE           	06EE	0000	86
		_enableSerial  		CODE           	060E	0000	8
		_stopLEDs      		CODE           	061D	0000	11

aj_hal.c estimated size: 156

mcc_generated_files/pwm2.c
		_PWM2_PeriodSet		CODE           	05D6	0000	7
		_PWM2_Initialize		CODE           	0672	0000	22
		_PWM2_Stop     		CODE           	05B2	0000	4
		_PWM2_Start    		CODE           	05BB	0000	4
		_PWM2_LoadBufferSet		CODE           	05A9	0000	4
		_PWM2_DutyCycleSet		CODE           	05F4	0000	7
		_PWM2_PhaseSet 		CODE           	05DC	0000	7

mcc_generated_files/pwm2.c estimated size: 55

mcc_generated_files/adc1.c
		_ADC1_Initialize		CODE           	0615	0000	9
		_ADC1_GetConversion		CODE           	06B5	0000	27

mcc_generated_files/adc1.c estimated size: 36

mcc_generated_files/pin_manager.c
		_PIN_MANAGER_Initialize		CODE           	0648	0000	22

mcc_generated_files/pin_manager.c estimated size: 22

shared
		setupLEDs@initial_duty		STRCODE        	05A2	0000	3
		__initialization		CODE           	07FE	0000	1
		setupLEDs@initial_phase		STRCODE        	05A4	0000	3

shared estimated size: 7

mcc_generated_files/mcc.c
		_WDT_Initialize		CODE           	05C1	0000	5
		_OSCILLATOR_Initialize		CODE           	0600	0000	8
		_SYSTEM_Initialize		CODE           	069C	0000	26

mcc_generated_files/mcc.c estimated size: 39

mcc_generated_files/pwm3.c
		_PWM3_DutyCycleSet		CODE           	05FA	0000	7
		_PWM3_PhaseSet 		CODE           	05E8	0000	7
		_PWM3_PeriodSet		CODE           	05E2	0000	7
		_PWM3_Initialize		CODE           	0687	0000	22
		_PWM3_Stop     		CODE           	05B5	0000	4
		_PWM3_Start    		CODE           	05BE	0000	4
		_PWM3_LoadBufferSet		CODE           	05AC	0000	4

mcc_generated_files/pwm3.c estimated size: 55

mcc_generated_files/pwm1.c
		_PWM1_Initialize		CODE           	065D	0000	22
		_PWM1_Stop     		CODE           	05AF	0000	4
		_PWM1_Start    		CODE           	05B8	0000	4
		_PWM1_LoadBufferSet		CODE           	05A6	0000	4
		_PWM1_DutyCycleSet		CODE           	05EE	0000	7
		_PWM1_PhaseSet 		CODE           	05D0	0000	7
		_PWM1_PeriodSet		CODE           	05CA	0000	7

mcc_generated_files/pwm1.c estimated size: 55

mcc_generated_files/eusart.c
		_EUSART_Write  		CODE           	063C	0000	13
		_EUSART_is_tx_done		CODE           	05C5	0000	6
		_EUSART_Initialize		CODE           	0631	0000	12

mcc_generated_files/eusart.c estimated size: 31

main.c
		_main          		CODE           	0743	0000	188

main.c estimated size: 188

