Microchip MPLAB XC8 Compiler V2.00 ()

Linker command line:

-W-3 --edf=/Applications/microchip/xc8/v2.00/pic/dat/en_msgs.txt -cs \
  -h+dist/default/production/BreadboardPIC12F1572.X.production.sym \
  --cmf=dist/default/production/BreadboardPIC12F1572.X.production.cmf -z \
  -Q12F1572 -o/tmp/xcGPQm6Lk \
  -Mdist/default/production/BreadboardPIC12F1572.X.production.map -E1 \
  -ver=XC8 --acfsm=1493 -ASTACK=0200Bh-020efh -pstack=STACK \
  -ACODE=00h-07FFh -ASTRCODE=00h-07FFh -ASTRING=00h-0FFhx8 \
  -ACONST=00h-0FFhx8 -AENTRY=00h-0FFhx8 -ACOMMON=070h-07Fh \
  -ABANK0=020h-06Fh -ABANK1=0A0h-0EFh -ABANK2=0120h-016Fh \
  -ABIGRAM=02000h-020EFh -ARAM=020h-06Fh,0A0h-0EFh,0120h-016Fh \
  -AABS1=020h-07Fh,0A0h-0EFh,0120h-016Fh -ASFR0=00h-01Fh -ASFR1=080h-09Fh \
  -ASFR2=0100h-011Fh -ASFR3=0180h-01EFh -ASFR4=0200h-026Fh \
  -ASFR5=0280h-02EFh -ASFR6=0300h-036Fh -ASFR7=0380h-03EFh \
  -ASFR8=0400h-046Fh -ASFR9=0480h-04EFh -ASFR10=0500h-056Fh \
  -ASFR11=0580h-05EFh -ASFR12=0600h-066Fh -ASFR13=0680h-06EFh \
  -ASFR14=0700h-076Fh -ASFR15=0780h-07EFh -ASFR16=0800h-086Fh \
  -ASFR17=0880h-08EFh -ASFR18=0900h-096Fh -ASFR19=0980h-09EFh \
  -ASFR20=0A00h-0A6Fh -ASFR21=0A80h-0AEFh -ASFR22=0B00h-0B6Fh \
  -ASFR23=0B80h-0BEFh -ASFR24=0C00h-0C6Fh -ASFR25=0C80h-0CEFh \
  -ASFR26=0D00h-0D6Fh -ASFR27=0D80h-0DEFh -ASFR28=0E00h-0E6Fh \
  -ASFR29=0E80h-0EEFh -ASFR30=0F00h-0F6Fh -ASFR31=0F80h-0FEFh \
  -preset_vec=00h,intentry,init,end_init -ppowerup=CODE -pcinit=CODE \
  -pfunctab=ENTRY -ACONFIG=08007h-08008h -pconfig=CONFIG -DCONFIG=2 \
  -AIDLOC=08000h-08003h -pidloc=IDLOC -DIDLOC=2 -DCODE=2 -DSTRCODE=2 \
  -DSTRING=2 -DCONST=2 -DENTRY=2 -k /tmp/xczjhI6ib.o \
  dist/default/production/BreadboardPIC12F1572.X.production.o 

Object code version is 3.11

Machine type is 12F1572



                Name                               Link     Load   Length Selector   Space Scale
/tmp/xczjhI6ib.o
                end_init                              1        1        1        0       0
                reset_vec                             0        0        1        0       0
                config                             8007     8007        2    1000E       0
dist/default/production/BreadboardPIC12F1572.X.production.o
                cinit                               7FE      7FE        2      FFC       0
                text31                              6C1      6C1       15      D82       0
                text30                              69A      69A        A      D34       0
                text29                              681      681        8      D02       0
                text28                              63C      63C        4      C78       0
                text27                              644      644        6      C88       0
                text26                              621      621        3      C42       0
                text25                              64A      64A        6      C94       0
                text24                              650      650        6      CA0       0
                text23                              624      624        3      C48       0
                text22                              627      627        3      C4E       0
                text21                              656      656        6      CAC       0
                text20                              62A      62A        3      C54       0
                text19                              65C      65C        6      CB8       0
                text18                              662      662        6      CC4       0
                text17                              62D      62D        3      C5A       0
                text16                              630      630        3      C60       0
                text15                              668      668        6      CD0       0
                text14                              633      633        3      C66       0
                text13                              66E      66E        6      CDC       0
                text12                              674      674        6      CE8       0
                text11                              636      636        3      C6C       0
                text10                              639      639        3      C72       0
                text9                               689      689        8      D12       0
                text8                               6A4      6A4        B      D48       0
                text7                               67A      67A        7      CF4       0
                text6                               6AF      6AF       12      D5E       0
                text5                               6D6      6D6       15      DAC       0
                text4                               6EB      6EB       15      DD6       0
                text3                               700      700       15      E00       0
                text2                               640      640        4      C80       0
                text1                               691      691        9      D22       0
                maintext                            715      715       E9      E2A       0
                cstackBANK0                          20       20        B       20       1
                cstackCOMMON                         70       70        8       70       1

TOTAL           Name                               Link     Load   Length     Space
        CLASS   STACK          

        CLASS   CODE           
                end_init                              1        1        1         0
                cinit                               7FE      7FE        2         0
                reset_vec                             0        0        1         0
                text31                              6C1      6C1       15         0
                text30                              69A      69A        A         0
                text29                              681      681        8         0
                text28                              63C      63C        4         0
                text27                              644      644        6         0
                text26                              621      621        3         0
                text25                              64A      64A        6         0
                text24                              650      650        6         0
                text23                              624      624        3         0
                text22                              627      627        3         0
                text21                              656      656        6         0
                text20                              62A      62A        3         0
                text19                              65C      65C        6         0
                text18                              662      662        6         0
                text17                              62D      62D        3         0
                text16                              630      630        3         0
                text15                              668      668        6         0
                text14                              633      633        3         0
                text13                              66E      66E        6         0
                text12                              674      674        6         0
                text11                              636      636        3         0
                text10                              639      639        3         0
                text9                               689      689        8         0
                text8                               6A4      6A4        B         0
                text7                               67A      67A        7         0
                text6                               6AF      6AF       12         0
                text5                               6D6      6D6       15         0
                text4                               6EB      6EB       15         0
                text3                               700      700       15         0
                text2                               640      640        4         0
                text1                               691      691        9         0
                maintext                            715      715       E9         0

        CLASS   STRCODE        

        CLASS   STRING         

        CLASS   CONST          

        CLASS   ENTRY          

        CLASS   COMMON         
                cstackCOMMON                         70       70        8         1

        CLASS   BANK0          
                cstackBANK0                          20       20        B         1

        CLASS   BANK1          

        CLASS   BANK2          

        CLASS   BIGRAM         

        CLASS   RAM            

        CLASS   ABS1           
                abs_s1                               7E       7E        2         1

        CLASS   SFR0           

        CLASS   SFR1           

        CLASS   SFR2           

        CLASS   SFR3           

        CLASS   SFR4           

        CLASS   SFR5           

        CLASS   SFR6           

        CLASS   SFR7           

        CLASS   SFR8           

        CLASS   SFR9           

        CLASS   SFR10          

        CLASS   SFR11          

        CLASS   SFR12          

        CLASS   SFR13          

        CLASS   SFR14          

        CLASS   SFR15          

        CLASS   SFR16          

        CLASS   SFR17          

        CLASS   SFR18          

        CLASS   SFR19          

        CLASS   SFR20          

        CLASS   SFR21          

        CLASS   SFR22          

        CLASS   SFR23          

        CLASS   SFR24          

        CLASS   SFR25          

        CLASS   SFR26          

        CLASS   SFR27          

        CLASS   SFR28          

        CLASS   SFR29          

        CLASS   SFR30          

        CLASS   SFR31          

        CLASS   CONFIG         
                config                             8007     8007        2         0

        CLASS   IDLOC          

        CLASS   BANK31         

        CLASS   BANK30         

        CLASS   BANK29         

        CLASS   BANK28         

        CLASS   BANK27         

        CLASS   BANK26         

        CLASS   BANK25         

        CLASS   BANK24         

        CLASS   BANK23         

        CLASS   BANK22         

        CLASS   BANK21         

        CLASS   BANK20         

        CLASS   BANK19         

        CLASS   BANK18         

        CLASS   BANK17         

        CLASS   BANK16         

        CLASS   BANK15         

        CLASS   BANK14         

        CLASS   BANK13         

        CLASS   BANK12         

        CLASS   BANK11         

        CLASS   BANK10         

        CLASS   BANK9          

        CLASS   BANK8          

        CLASS   BANK7          

        CLASS   BANK6          

        CLASS   BANK5          

        CLASS   BANK4          

        CLASS   BANK3          

        CLASS   EEDATA         



SEGMENTS        Name                           Load    Length   Top    Selector   Space  Class     Delta

                reset_vec                      000000  000002  000002         0       0  CODE        2
                cstackBANK0                    000020  00000B  00002B        20       1  BANK0       1
                cstackCOMMON                   000070  000008  000078        70       1  COMMON      1
                text26                         000621  000003  000624       C42       0  CODE        2
                text23                         000624  000003  000627       C48       0  CODE        2
                text22                         000627  000003  00062A       C4E       0  CODE        2
                text20                         00062A  000003  00062D       C54       0  CODE        2
                text17                         00062D  000003  000630       C5A       0  CODE        2
                text16                         000630  000003  000633       C60       0  CODE        2
                text14                         000633  000003  000636       C66       0  CODE        2
                text11                         000636  000003  000639       C6C       0  CODE        2
                text10                         000639  000003  00063C       C72       0  CODE        2
                text28                         00063C  000004  000640       C78       0  CODE        2
                text2                          000640  000004  000644       C80       0  CODE        2
                text27                         000644  000006  00064A       C88       0  CODE        2
                text25                         00064A  000006  000650       C94       0  CODE        2
                text24                         000650  000006  000656       CA0       0  CODE        2
                text21                         000656  000006  00065C       CAC       0  CODE        2
                text19                         00065C  000006  000662       CB8       0  CODE        2
                text18                         000662  000006  000668       CC4       0  CODE        2
                text15                         000668  000006  00066E       CD0       0  CODE        2
                text13                         00066E  000006  000674       CDC       0  CODE        2
                text12                         000674  000006  00067A       CE8       0  CODE        2
                text7                          00067A  000007  000681       CF4       0  CODE        2
                text29                         000681  000008  000689       D02       0  CODE        2
                text9                          000689  000008  000691       D12       0  CODE        2
                text1                          000691  000009  00069A       D22       0  CODE        2
                text30                         00069A  00000A  0006A4       D34       0  CODE        2
                text8                          0006A4  00000B  0006AF       D48       0  CODE        2
                text6                          0006AF  000012  0006C1       D5E       0  CODE        2
                text31                         0006C1  000015  0006D6       D82       0  CODE        2
                text5                          0006D6  000015  0006EB       DAC       0  CODE        2
                text4                          0006EB  000015  000700       DD6       0  CODE        2
                text3                          000700  000015  000715       E00       0  CODE        2
                maintext                       000715  0000E9  0007FE       E2A       0  CODE        2
                cinit                          0007FE  000002  000800       FFC       0  CODE        2
                config                         008007  000002  008009     1000E       0  CONFIG      2


UNUSED ADDRESS RANGES

        Name                Unused          Largest block    Delta
        BANK0            0002B-0006F              45           1
        BANK1            000A0-000EF              50           1
        BANK2            00120-0016F              50           1
        BIGRAM           02000-020EF              F0           1
        CODE             00002-00620             61F           2
        COMMON           00078-0007D               6           1
        CONST            00002-00620             100           2
        ENTRY            00002-00620             100           2
        IDLOC            08000-08003               4           2
        RAM              0002B-0006F              45           1
                         000A0-000EF              50
                         00120-0016F              50
        SFR0             00000-0001F              20           1
        SFR1             00080-0009F              20           1
        SFR10            00500-0056F              70           1
        SFR11            00580-005EF              70           1
        SFR12            00600-0066F              70           1
        SFR13            00680-006EF              70           1
        SFR14            00700-0076F              70           1
        SFR15            00780-007EF              70           1
        SFR16            00800-0086F              70           1
        SFR17            00880-008EF              70           1
        SFR18            00900-0096F              70           1
        SFR19            00980-009EF              70           1
        SFR2             00100-0011F              20           1
        SFR20            00A00-00A6F              70           1
        SFR21            00A80-00AEF              70           1
        SFR22            00B00-00B6F              70           1
        SFR23            00B80-00BEF              70           1
        SFR24            00C00-00C6F              70           1
        SFR25            00C80-00CEF              70           1
        SFR26            00D00-00D6F              70           1
        SFR27            00D80-00DEF              70           1
        SFR28            00E00-00E6F              70           1
        SFR29            00E80-00EEF              70           1
        SFR3             00180-001EF              70           1
        SFR30            00F00-00F6F              70           1
        SFR31            00F80-00FEF              70           1
        SFR4             00200-0026F              70           1
        SFR5             00280-002EF              70           1
        SFR6             00300-0036F              70           1
        SFR7             00380-003EF              70           1
        SFR8             00400-0046F              70           1
        SFR9             00480-004EF              70           1
        STACK            0200B-020EF              E5           1
        STRCODE          00002-00620             61F           2
        STRING           00002-00620             100           2

                                  Symbol Table

?_ADC1_GetConversion             cstackCOMMON 00070
ADC1_GetConversion@channel       cstackCOMMON 00073
EUSART_Write@txData              cstackCOMMON 00070
PWM1_DutyCycleSet@dutyCycleCount cstackCOMMON 00070
PWM1_PeriodSet@periodCount       cstackCOMMON 00070
PWM1_PhaseSet@phaseCount         cstackCOMMON 00070
PWM2_DutyCycleSet@dutyCycleCount cstackCOMMON 00070
PWM2_PeriodSet@periodCount       cstackCOMMON 00070
PWM2_PhaseSet@phaseCount         cstackCOMMON 00070
PWM3_DutyCycleSet@dutyCycleCount cstackCOMMON 00070
PWM3_PeriodSet@periodCount       cstackCOMMON 00070
PWM3_PhaseSet@phaseCount         cstackCOMMON 00070
_ADC1_GetConversion              text31       006C1
_ADC1_Initialize                 text9        00689
_ADCON0                          (abs)        0009D
_ADCON0bits                      (abs)        0009D
_ADCON1                          (abs)        0009E
_ADCON2                          (abs)        0009F
_ADRESH                          (abs)        0009C
_ADRESL                          (abs)        0009B
_ANSELA                          (abs)        0018C
_APFCON                          (abs)        0011D
_BAUDCON                         (abs)        0019F
_BORCON                          (abs)        00116
_EUSART_Initialize               text8        006A4
_EUSART_Read                     text30       0069A
_EUSART_Write                    text29       00681
_EUSART_is_tx_done               text28       0063C
_LATA                            (abs)        0010C
_ODCONA                          (abs)        0028C
_OPTION_REGbits                  (abs)        00095
_OSCCON                          (abs)        00099
_OSCILLATOR_Initialize           text7        0067A
_OSCTUNE                         (abs)        00098
_PIN_MANAGER_Initialize          text6        006AF
_PIR1bits                        (abs)        00011
_PWM1CLKCON                      (abs)        00D9E
_PWM1CON                         (abs)        00D9B
_PWM1CONbits                     (abs)        00D9B
_PWM1DCH                         (abs)        00D94
_PWM1DCL                         (abs)        00D93
_PWM1INTE                        (abs)        00D9C
_PWM1INTF                        (abs)        00D9D
_PWM1INTFbits                    (abs)        00D9D
_PWM1LDCON                       (abs)        00D9F
_PWM1LDCONbits                   (abs)        00D9F
_PWM1OFCON                       (abs)        00DA0
_PWM1OFH                         (abs)        00D98
_PWM1OFL                         (abs)        00D97
_PWM1PHH                         (abs)        00D92
_PWM1PHL                         (abs)        00D91
_PWM1PRH                         (abs)        00D96
_PWM1PRL                         (abs)        00D95
_PWM1TMRH                        (abs)        00D9A
_PWM1TMRL                        (abs)        00D99
_PWM1_DutyCycleSet               text27       00644
_PWM1_Initialize                 text5        006D6
_PWM1_LoadBufferSet              text26       00621
_PWM1_PeriodSet                  text25       0064A
_PWM1_PhaseSet                   text24       00650
_PWM1_Start                      text23       00624
_PWM1_Stop                       text22       00627
_PWM2CLKCON                      (abs)        00DAE
_PWM2CON                         (abs)        00DAB
_PWM2CONbits                     (abs)        00DAB
_PWM2DCH                         (abs)        00DA4
_PWM2DCL                         (abs)        00DA3
_PWM2INTE                        (abs)        00DAC
_PWM2INTF                        (abs)        00DAD
_PWM2INTFbits                    (abs)        00DAD
_PWM2LDCON                       (abs)        00DAF
_PWM2LDCONbits                   (abs)        00DAF
_PWM2OFCON                       (abs)        00DB0
_PWM2OFH                         (abs)        00DA8
_PWM2OFL                         (abs)        00DA7
_PWM2PHH                         (abs)        00DA2
_PWM2PHL                         (abs)        00DA1
_PWM2PRH                         (abs)        00DA6
_PWM2PRL                         (abs)        00DA5
_PWM2TMRH                        (abs)        00DAA
_PWM2TMRL                        (abs)        00DA9
_PWM2_DutyCycleSet               text21       00656
_PWM2_Initialize                 text4        006EB
_PWM2_LoadBufferSet              text20       0062A
_PWM2_PeriodSet                  text19       0065C
_PWM2_PhaseSet                   text18       00662
_PWM2_Start                      text17       0062D
_PWM2_Stop                       text16       00630
_PWM3CLKCON                      (abs)        00DBE
_PWM3CON                         (abs)        00DBB
_PWM3CONbits                     (abs)        00DBB
_PWM3DCH                         (abs)        00DB4
_PWM3DCL                         (abs)        00DB3
_PWM3INTE                        (abs)        00DBC
_PWM3INTF                        (abs)        00DBD
_PWM3INTFbits                    (abs)        00DBD
_PWM3LDCON                       (abs)        00DBF
_PWM3LDCONbits                   (abs)        00DBF
_PWM3OFCON                       (abs)        00DC0
_PWM3OFH                         (abs)        00DB8
_PWM3OFL                         (abs)        00DB7
_PWM3PHH                         (abs)        00DB2
_PWM3PHL                         (abs)        00DB1
_PWM3PRH                         (abs)        00DB6
_PWM3PRL                         (abs)        00DB5
_PWM3TMRH                        (abs)        00DBA
_PWM3TMRL                        (abs)        00DB9
_PWM3_DutyCycleSet               text15       00668
_PWM3_Initialize                 text3        00700
_PWM3_LoadBufferSet              text14       00633
_PWM3_PeriodSet                  text13       0066E
_PWM3_PhaseSet                   text12       00674
_PWM3_Start                      text11       00636
_PWM3_Stop                       text10       00639
_RCREG                           (abs)        00199
_RCSTA                           (abs)        0019D
_RCSTAbits                       (abs)        0019D
_SPBRGH                          (abs)        0019C
_SPBRGL                          (abs)        0019B
_SYSTEM_Initialize               text1        00691
_TRISA                           (abs)        0008C
_TXREG                           (abs)        0019A
_TXSTA                           (abs)        0019E
_TXSTAbits                       (abs)        0019E
_WDTCON                          (abs)        00097
_WDT_Initialize                  text2        00640
_WPUA                            (abs)        0020C
__CFG_BOREN$ON                   (abs)        00000
__CFG_BORV$LO                    (abs)        00000
__CFG_CLKOUTEN$OFF               (abs)        00000
__CFG_CP$OFF                     (abs)        00000
__CFG_FOSC$INTOSC                (abs)        00000
__CFG_LPBOREN$OFF                (abs)        00000
__CFG_LVP$ON                     (abs)        00000
__CFG_MCLRE$ON                   (abs)        00000
__CFG_PLLEN$ON                   (abs)        00000
__CFG_PWRTE$OFF                  (abs)        00000
__CFG_STVREN$ON                  (abs)        00000
__CFG_WDTE$OFF                   (abs)        00000
__CFG_WRT$OFF                    (abs)        00000
__Habs1                          abs1         00000
__Hbank0                         bank0        00000
__Hbank1                         bank1        00000
__Hbank10                        bank10       00000
__Hbank11                        bank11       00000
__Hbank12                        bank12       00000
__Hbank13                        bank13       00000
__Hbank14                        bank14       00000
__Hbank15                        bank15       00000
__Hbank16                        bank16       00000
__Hbank17                        bank17       00000
__Hbank18                        bank18       00000
__Hbank19                        bank19       00000
__Hbank2                         bank2        00000
__Hbank20                        bank20       00000
__Hbank21                        bank21       00000
__Hbank22                        bank22       00000
__Hbank23                        bank23       00000
__Hbank24                        bank24       00000
__Hbank25                        bank25       00000
__Hbank26                        bank26       00000
__Hbank27                        bank27       00000
__Hbank28                        bank28       00000
__Hbank29                        bank29       00000
__Hbank3                         bank3        00000
__Hbank30                        bank30       00000
__Hbank31                        bank31       00000
__Hbank4                         bank4        00000
__Hbank5                         bank5        00000
__Hbank6                         bank6        00000
__Hbank7                         bank7        00000
__Hbank8                         bank8        00000
__Hbank9                         bank9        00000
__Hbigram                        bigram       00000
__Hcinit                         cinit        00800
__Hclrtext                       clrtext      00000
__Hcode                          code         00000
__Hcommon                        common       00000
__Hconfig                        config       08009
__HcstackBANK0                   cstackBANK0  00000
__HcstackCOMMON                  cstackCOMMON 00000
__Heeprom_data                   eeprom_data  00000
__Hend_init                      end_init     00002
__Hfunctab                       functab      00000
__Hidloc                         idloc        00000
__Hinit                          init         00001
__Hintentry                      intentry     00001
__Hmaintext                      maintext     00000
__Hpowerup                       powerup      00000
__Hram                           ram          00000
__Hreset_vec                     reset_vec    00001
__Hsfr0                          sfr0         00000
__Hsfr1                          sfr1         00000
__Hsfr10                         sfr10        00000
__Hsfr11                         sfr11        00000
__Hsfr12                         sfr12        00000
__Hsfr13                         sfr13        00000
__Hsfr14                         sfr14        00000
__Hsfr15                         sfr15        00000
__Hsfr16                         sfr16        00000
__Hsfr17                         sfr17        00000
__Hsfr18                         sfr18        00000
__Hsfr19                         sfr19        00000
__Hsfr2                          sfr2         00000
__Hsfr20                         sfr20        00000
__Hsfr21                         sfr21        00000
__Hsfr22                         sfr22        00000
__Hsfr23                         sfr23        00000
__Hsfr24                         sfr24        00000
__Hsfr25                         sfr25        00000
__Hsfr26                         sfr26        00000
__Hsfr27                         sfr27        00000
__Hsfr28                         sfr28        00000
__Hsfr29                         sfr29        00000
__Hsfr3                          sfr3         00000
__Hsfr30                         sfr30        00000
__Hsfr31                         sfr31        00000
__Hsfr4                          sfr4         00000
__Hsfr5                          sfr5         00000
__Hsfr6                          sfr6         00000
__Hsfr7                          sfr7         00000
__Hsfr8                          sfr8         00000
__Hsfr9                          sfr9         00000
__Hspace_0                       (abs)        08009
__Hspace_1                       (abs)        00078
__Hspace_2                       (abs)        00000
__Hspace_3                       (abs)        00000
__Hstack                         stack        00000
__Hstrings                       strings      00000
__Htext                          text         00000
__Labs1                          abs1         00000
__Lbank0                         bank0        00000
__Lbank1                         bank1        00000
__Lbank10                        bank10       00000
__Lbank11                        bank11       00000
__Lbank12                        bank12       00000
__Lbank13                        bank13       00000
__Lbank14                        bank14       00000
__Lbank15                        bank15       00000
__Lbank16                        bank16       00000
__Lbank17                        bank17       00000
__Lbank18                        bank18       00000
__Lbank19                        bank19       00000
__Lbank2                         bank2        00000
__Lbank20                        bank20       00000
__Lbank21                        bank21       00000
__Lbank22                        bank22       00000
__Lbank23                        bank23       00000
__Lbank24                        bank24       00000
__Lbank25                        bank25       00000
__Lbank26                        bank26       00000
__Lbank27                        bank27       00000
__Lbank28                        bank28       00000
__Lbank29                        bank29       00000
__Lbank3                         bank3        00000
__Lbank30                        bank30       00000
__Lbank31                        bank31       00000
__Lbank4                         bank4        00000
__Lbank5                         bank5        00000
__Lbank6                         bank6        00000
__Lbank7                         bank7        00000
__Lbank8                         bank8        00000
__Lbank9                         bank9        00000
__Lbigram                        bigram       00000
__Lcinit                         cinit        007FE
__Lclrtext                       clrtext      00000
__Lcode                          code         00000
__Lcommon                        common       00000
__Lconfig                        config       08007
__LcstackBANK0                   cstackBANK0  00000
__LcstackCOMMON                  cstackCOMMON 00000
__Leeprom_data                   eeprom_data  00000
__Lend_init                      end_init     00001
__Lfunctab                       functab      00000
__Lidloc                         idloc        00000
__Linit                          init         00001
__Lintentry                      intentry     00001
__Lmaintext                      maintext     00000
__Lpowerup                       powerup      00000
__Lram                           ram          00000
__Lreset_vec                     reset_vec    00000
__Lsfr0                          sfr0         00000
__Lsfr1                          sfr1         00000
__Lsfr10                         sfr10        00000
__Lsfr11                         sfr11        00000
__Lsfr12                         sfr12        00000
__Lsfr13                         sfr13        00000
__Lsfr14                         sfr14        00000
__Lsfr15                         sfr15        00000
__Lsfr16                         sfr16        00000
__Lsfr17                         sfr17        00000
__Lsfr18                         sfr18        00000
__Lsfr19                         sfr19        00000
__Lsfr2                          sfr2         00000
__Lsfr20                         sfr20        00000
__Lsfr21                         sfr21        00000
__Lsfr22                         sfr22        00000
__Lsfr23                         sfr23        00000
__Lsfr24                         sfr24        00000
__Lsfr25                         sfr25        00000
__Lsfr26                         sfr26        00000
__Lsfr27                         sfr27        00000
__Lsfr28                         sfr28        00000
__Lsfr29                         sfr29        00000
__Lsfr3                          sfr3         00000
__Lsfr30                         sfr30        00000
__Lsfr31                         sfr31        00000
__Lsfr4                          sfr4         00000
__Lsfr5                          sfr5         00000
__Lsfr6                          sfr6         00000
__Lsfr7                          sfr7         00000
__Lsfr8                          sfr8         00000
__Lsfr9                          sfr9         00000
__Lspace_0                       (abs)        00000
__Lspace_1                       (abs)        00000
__Lspace_2                       (abs)        00000
__Lspace_3                       (abs)        00000
__Lstack                         stack        00000
__Lstrings                       strings      00000
__Ltext                          text         00000
__S0                             (abs)        08009
__S1                             (abs)        00078
__S2                             (abs)        00000
___int_sp                        stack        00000
___latbits                       (abs)        00000
___sp                            stack        00000
__end_of_ADC1_GetConversion      text31       006D6
__end_of_ADC1_Initialize         text9        00691
__end_of_EUSART_Initialize       text8        006AF
__end_of_EUSART_Read             text30       006A4
__end_of_EUSART_Write            text29       00689
__end_of_EUSART_is_tx_done       text28       00640
__end_of_OSCILLATOR_Initialize   text7        00681
__end_of_PIN_MANAGER_Initialize  text6        006C1
__end_of_PWM1_DutyCycleSet       text27       0064A
__end_of_PWM1_Initialize         text5        006EB
__end_of_PWM1_LoadBufferSet      text26       00624
__end_of_PWM1_PeriodSet          text25       00650
__end_of_PWM1_PhaseSet           text24       00656
__end_of_PWM1_Start              text23       00627
__end_of_PWM1_Stop               text22       0062A
__end_of_PWM2_DutyCycleSet       text21       0065C
__end_of_PWM2_Initialize         text4        00700
__end_of_PWM2_LoadBufferSet      text20       0062D
__end_of_PWM2_PeriodSet          text19       00662
__end_of_PWM2_PhaseSet           text18       00668
__end_of_PWM2_Start              text17       00630
__end_of_PWM2_Stop               text16       00633
__end_of_PWM3_DutyCycleSet       text15       0066E
__end_of_PWM3_Initialize         text3        00715
__end_of_PWM3_LoadBufferSet      text14       00636
__end_of_PWM3_PeriodSet          text13       00674
__end_of_PWM3_PhaseSet           text12       0067A
__end_of_PWM3_Start              text11       00639
__end_of_PWM3_Stop               text10       0063C
__end_of_SYSTEM_Initialize       text1        0069A
__end_of_WDT_Initialize          text2        00644
__end_of__initialization         cinit        007FE
__end_of_main                    maintext     007FE
__initialization                 cinit        007FE
__pcstackBANK0                   cstackBANK0  00020
__pcstackCOMMON                  cstackCOMMON 00070
__pmaintext                      maintext     00715
__ptext1                         text1        00691
__ptext10                        text10       00639
__ptext11                        text11       00636
__ptext12                        text12       00674
__ptext13                        text13       0066E
__ptext14                        text14       00633
__ptext15                        text15       00668
__ptext16                        text16       00630
__ptext17                        text17       0062D
__ptext18                        text18       00662
__ptext19                        text19       0065C
__ptext2                         text2        00640
__ptext20                        text20       0062A
__ptext21                        text21       00656
__ptext22                        text22       00627
__ptext23                        text23       00624
__ptext24                        text24       00650
__ptext25                        text25       0064A
__ptext26                        text26       00621
__ptext27                        text27       00644
__ptext28                        text28       0063C
__ptext29                        text29       00681
__ptext3                         text3        00700
__ptext30                        text30       0069A
__ptext31                        text31       006C1
__ptext4                         text4        006EB
__ptext5                         text5        006D6
__ptext6                         text6        006AF
__ptext7                         text7        0067A
__ptext8                         text8        006A4
__ptext9                         text9        00689
__size_of_ADC1_GetConversion     (abs)        00000
__size_of_ADC1_Initialize        (abs)        00000
__size_of_EUSART_Initialize      (abs)        00000
__size_of_EUSART_Read            (abs)        00000
__size_of_EUSART_Write           (abs)        00000
__size_of_EUSART_is_tx_done      (abs)        00000
__size_of_OSCILLATOR_Initialize  (abs)        00000
__size_of_PIN_MANAGER_Initialize (abs)        00000
__size_of_PWM1_DutyCycleSet      (abs)        00000
__size_of_PWM1_Initialize        (abs)        00000
__size_of_PWM1_LoadBufferSet     (abs)        00000
__size_of_PWM1_PeriodSet         (abs)        00000
__size_of_PWM1_PhaseSet          (abs)        00000
__size_of_PWM1_Start             (abs)        00000
__size_of_PWM1_Stop              (abs)        00000
__size_of_PWM2_DutyCycleSet      (abs)        00000
__size_of_PWM2_Initialize        (abs)        00000
__size_of_PWM2_LoadBufferSet     (abs)        00000
__size_of_PWM2_PeriodSet         (abs)        00000
__size_of_PWM2_PhaseSet          (abs)        00000
__size_of_PWM2_Start             (abs)        00000
__size_of_PWM2_Stop              (abs)        00000
__size_of_PWM3_DutyCycleSet      (abs)        00000
__size_of_PWM3_Initialize        (abs)        00000
__size_of_PWM3_LoadBufferSet     (abs)        00000
__size_of_PWM3_PeriodSet         (abs)        00000
__size_of_PWM3_PhaseSet          (abs)        00000
__size_of_PWM3_Start             (abs)        00000
__size_of_PWM3_Stop              (abs)        00000
__size_of_SYSTEM_Initialize      (abs)        00000
__size_of_WDT_Initialize         (abs)        00000
__size_of_main                   (abs)        00000
_main                            maintext     00715
btemp                            (abs)        0007E
end_of_initialization            cinit        007FE
intlevel0                        functab      00000
intlevel1                        functab      00000
intlevel2                        functab      00000
intlevel3                        functab      00000
intlevel4                        functab      00000
intlevel5                        functab      00000
main@LED1                        cstackBANK0  00023
main@LED2                        cstackBANK0  00025
main@LED3                        cstackBANK0  00027
main@PERIOD                      cstackBANK0  00021
main@adc_result                  cstackBANK0  00029
main@receive                     cstackBANK0  00020
reset_vec                        reset_vec    00000
stackhi                          (abs)        020EF
stacklo                          (abs)        0200B
start                            init         00001
start_initialization             cinit        007FE
wtemp0                           (abs)        0007E


FUNCTION INFORMATION:

 *************** function _main *****************
 Defined at:
		line 49 in file "main.c"
 Parameters:    Size  Location     Type
		None
 Auto vars:     Size  Location     Type
  adc_result      2    9[BANK0 ] unsigned short 
  receive         1    0[BANK0 ] unsigned char 
  LED3            2    7[BANK0 ] unsigned short 
  LED2            2    5[BANK0 ] unsigned short 
  LED1            2    3[BANK0 ] unsigned short 
  PERIOD          2    1[BANK0 ] unsigned short 
 Return value:  Size  Location     Type
                  1    wreg      void 
 Registers used:
		wreg, status,2, status,0, pclath, cstack
 Tracked objects:
		On entry : 
		On exit  : 
		Unchanged: 
 Data sizes:     COMMON   BANK0   BANK1   BANK2
      Params:         0       0       0       0
      Locals:         0      11       0       0
      Temps:          4       0       0       0
      Totals:         4      11       0       0
Total ram usage:       15 bytes
 Hardware stack levels required when called:    2
 This function calls:
		_ADC1_GetConversion
		_EUSART_Read
		_EUSART_Write
		_EUSART_is_tx_done
		_PWM1_DutyCycleSet
		_PWM1_LoadBufferSet
		_PWM1_PeriodSet
		_PWM1_PhaseSet
		_PWM1_Start
		_PWM1_Stop
		_PWM2_DutyCycleSet
		_PWM2_LoadBufferSet
		_PWM2_PeriodSet
		_PWM2_PhaseSet
		_PWM2_Start
		_PWM2_Stop
		_PWM3_DutyCycleSet
		_PWM3_LoadBufferSet
		_PWM3_PeriodSet
		_PWM3_PhaseSet
		_PWM3_Start
		_PWM3_Stop
		_SYSTEM_Initialize
 This function is called by:
		Startup code after reset
 This function uses a non-reentrant model


 *************** function _SYSTEM_Initialize *****************
 Defined at:
		line 50 in file "mcc_generated_files/mcc.c"
 Parameters:    Size  Location     Type
		None
 Auto vars:     Size  Location     Type
		None
 Return value:  Size  Location     Type
                  1    wreg      void 
 Registers used:
		wreg, status,2, status,0, pclath, cstack
 Tracked objects:
		On entry : 
		On exit  : 
		Unchanged: 
 Data sizes:     COMMON   BANK0   BANK1   BANK2
      Params:         0       0       0       0
      Locals:         0       0       0       0
      Temps:          0       0       0       0
      Totals:         0       0       0       0
Total ram usage:        0 bytes
 Hardware stack levels used:    1
 Hardware stack levels required when called:    1
 This function calls:
		_ADC1_Initialize
		_EUSART_Initialize
		_OSCILLATOR_Initialize
		_PIN_MANAGER_Initialize
		_PWM1_Initialize
		_PWM2_Initialize
		_PWM3_Initialize
		_WDT_Initialize
 This function is called by:
		_main
 This function uses a non-reentrant model


 *************** function _WDT_Initialize *****************
 Defined at:
		line 73 in file "mcc_generated_files/mcc.c"
 Parameters:    Size  Location     Type
		None
 Auto vars:     Size  Location     Type
		None
 Return value:  Size  Location     Type
                  1    wreg      void 
 Registers used:
		wreg
 Tracked objects:
		On entry : 
		On exit  : 
		Unchanged: 
 Data sizes:     COMMON   BANK0   BANK1   BANK2
      Params:         0       0       0       0
      Locals:         0       0       0       0
      Temps:          0       0       0       0
      Totals:         0       0       0       0
Total ram usage:        0 bytes
 Hardware stack levels used:    1
 This function calls:
		Nothing
 This function is called by:
		_SYSTEM_Initialize
 This function uses a non-reentrant model


 *************** function _PWM3_Initialize *****************
 Defined at:
		line 58 in file "mcc_generated_files/pwm3.c"
 Parameters:    Size  Location     Type
		None
 Auto vars:     Size  Location     Type
		None
 Return value:  Size  Location     Type
                  1    wreg      void 
 Registers used:
		wreg, status,2
 Tracked objects:
		On entry : 
		On exit  : 
		Unchanged: 
 Data sizes:     COMMON   BANK0   BANK1   BANK2
      Params:         0       0       0       0
      Locals:         0       0       0       0
      Temps:          0       0       0       0
      Totals:         0       0       0       0
Total ram usage:        0 bytes
 Hardware stack levels used:    1
 This function calls:
		Nothing
 This function is called by:
		_SYSTEM_Initialize
 This function uses a non-reentrant model


 *************** function _PWM2_Initialize *****************
 Defined at:
		line 58 in file "mcc_generated_files/pwm2.c"
 Parameters:    Size  Location     Type
		None
 Auto vars:     Size  Location     Type
		None
 Return value:  Size  Location     Type
                  1    wreg      void 
 Registers used:
		wreg, status,2
 Tracked objects:
		On entry : 
		On exit  : 
		Unchanged: 
 Data sizes:     COMMON   BANK0   BANK1   BANK2
      Params:         0       0       0       0
      Locals:         0       0       0       0
      Temps:          0       0       0       0
      Totals:         0       0       0       0
Total ram usage:        0 bytes
 Hardware stack levels used:    1
 This function calls:
		Nothing
 This function is called by:
		_SYSTEM_Initialize
 This function uses a non-reentrant model


 *************** function _PWM1_Initialize *****************
 Defined at:
		line 58 in file "mcc_generated_files/pwm1.c"
 Parameters:    Size  Location     Type
		None
 Auto vars:     Size  Location     Type
		None
 Return value:  Size  Location     Type
                  1    wreg      void 
 Registers used:
		wreg, status,2
 Tracked objects:
		On entry : 
		On exit  : 
		Unchanged: 
 Data sizes:     COMMON   BANK0   BANK1   BANK2
      Params:         0       0       0       0
      Locals:         0       0       0       0
      Temps:          0       0       0       0
      Totals:         0       0       0       0
Total ram usage:        0 bytes
 Hardware stack levels used:    1
 This function calls:
		Nothing
 This function is called by:
		_SYSTEM_Initialize
 This function uses a non-reentrant model


 *************** function _PIN_MANAGER_Initialize *****************
 Defined at:
		line 57 in file "mcc_generated_files/pin_manager.c"
 Parameters:    Size  Location     Type
		None
 Auto vars:     Size  Location     Type
		None
 Return value:  Size  Location     Type
                  1    wreg      void 
 Registers used:
		wreg, status,2
 Tracked objects:
		On entry : 
		On exit  : 
		Unchanged: 
 Data sizes:     COMMON   BANK0   BANK1   BANK2
      Params:         0       0       0       0
      Locals:         0       0       0       0
      Temps:          0       0       0       0
      Totals:         0       0       0       0
Total ram usage:        0 bytes
 Hardware stack levels used:    1
 This function calls:
		Nothing
 This function is called by:
		_SYSTEM_Initialize
 This function uses a non-reentrant model


 *************** function _OSCILLATOR_Initialize *****************
 Defined at:
		line 63 in file "mcc_generated_files/mcc.c"
 Parameters:    Size  Location     Type
		None
 Auto vars:     Size  Location     Type
		None
 Return value:  Size  Location     Type
                  1    wreg      void 
 Registers used:
		wreg, status,2
 Tracked objects:
		On entry : 
		On exit  : 
		Unchanged: 
 Data sizes:     COMMON   BANK0   BANK1   BANK2
      Params:         0       0       0       0
      Locals:         0       0       0       0
      Temps:          0       0       0       0
      Totals:         0       0       0       0
Total ram usage:        0 bytes
 Hardware stack levels used:    1
 This function calls:
		Nothing
 This function is called by:
		_SYSTEM_Initialize
 This function uses a non-reentrant model


 *************** function _EUSART_Initialize *****************
 Defined at:
		line 56 in file "mcc_generated_files/eusart.c"
 Parameters:    Size  Location     Type
		None
 Auto vars:     Size  Location     Type
		None
 Return value:  Size  Location     Type
                  1    wreg      void 
 Registers used:
		wreg, status,2
 Tracked objects:
		On entry : 
		On exit  : 
		Unchanged: 
 Data sizes:     COMMON   BANK0   BANK1   BANK2
      Params:         0       0       0       0
      Locals:         0       0       0       0
      Temps:          0       0       0       0
      Totals:         0       0       0       0
Total ram usage:        0 bytes
 Hardware stack levels used:    1
 This function calls:
		Nothing
 This function is called by:
		_SYSTEM_Initialize
 This function uses a non-reentrant model


 *************** function _ADC1_Initialize *****************
 Defined at:
		line 65 in file "mcc_generated_files/adc1.c"
 Parameters:    Size  Location     Type
		None
 Auto vars:     Size  Location     Type
		None
 Return value:  Size  Location     Type
                  1    wreg      void 
 Registers used:
		wreg, status,2
 Tracked objects:
		On entry : 
		On exit  : 
		Unchanged: 
 Data sizes:     COMMON   BANK0   BANK1   BANK2
      Params:         0       0       0       0
      Locals:         0       0       0       0
      Temps:          0       0       0       0
      Totals:         0       0       0       0
Total ram usage:        0 bytes
 Hardware stack levels used:    1
 This function calls:
		Nothing
 This function is called by:
		_SYSTEM_Initialize
 This function uses a non-reentrant model


 *************** function _PWM3_Stop *****************
 Defined at:
		line 118 in file "mcc_generated_files/pwm3.c"
 Parameters:    Size  Location     Type
		None
 Auto vars:     Size  Location     Type
		None
 Return value:  Size  Location     Type
                  1    wreg      void 
 Registers used:
		None
 Tracked objects:
		On entry : 
		On exit  : 
		Unchanged: 
 Data sizes:     COMMON   BANK0   BANK1   BANK2
      Params:         0       0       0       0
      Locals:         0       0       0       0
      Temps:          0       0       0       0
      Totals:         0       0       0       0
Total ram usage:        0 bytes
 Hardware stack levels used:    1
 This function calls:
		Nothing
 This function is called by:
		_main
 This function uses a non-reentrant model


 *************** function _PWM3_Start *****************
 Defined at:
		line 113 in file "mcc_generated_files/pwm3.c"
 Parameters:    Size  Location     Type
		None
 Auto vars:     Size  Location     Type
		None
 Return value:  Size  Location     Type
                  1    wreg      void 
 Registers used:
		None
 Tracked objects:
		On entry : 
		On exit  : 
		Unchanged: 
 Data sizes:     COMMON   BANK0   BANK1   BANK2
      Params:         0       0       0       0
      Locals:         0       0       0       0
      Temps:          0       0       0       0
      Totals:         0       0       0       0
Total ram usage:        0 bytes
 Hardware stack levels used:    1
 This function calls:
		Nothing
 This function is called by:
		_main
 This function uses a non-reentrant model


 *************** function _PWM3_PhaseSet *****************
 Defined at:
		line 133 in file "mcc_generated_files/pwm3.c"
 Parameters:    Size  Location     Type
  phaseCount      2    0[COMMON] unsigned short 
 Auto vars:     Size  Location     Type
		None
 Return value:  Size  Location     Type
                  1    wreg      void 
 Registers used:
		wreg, status,2
 Tracked objects:
		On entry : 
		On exit  : 
		Unchanged: 
 Data sizes:     COMMON   BANK0   BANK1   BANK2
      Params:         2       0       0       0
      Locals:         0       0       0       0
      Temps:          0       0       0       0
      Totals:         2       0       0       0
Total ram usage:        2 bytes
 Hardware stack levels used:    1
 This function calls:
		Nothing
 This function is called by:
		_main
 This function uses a non-reentrant model


 *************** function _PWM3_PeriodSet *****************
 Defined at:
		line 145 in file "mcc_generated_files/pwm3.c"
 Parameters:    Size  Location     Type
  periodCount     2    0[COMMON] unsigned short 
 Auto vars:     Size  Location     Type
		None
 Return value:  Size  Location     Type
                  1    wreg      void 
 Registers used:
		wreg, status,2
 Tracked objects:
		On entry : 
		On exit  : 
		Unchanged: 
 Data sizes:     COMMON   BANK0   BANK1   BANK2
      Params:         2       0       0       0
      Locals:         0       0       0       0
      Temps:          0       0       0       0
      Totals:         2       0       0       0
Total ram usage:        2 bytes
 Hardware stack levels used:    1
 This function calls:
		Nothing
 This function is called by:
		_main
 This function uses a non-reentrant model


 *************** function _PWM3_LoadBufferSet *****************
 Defined at:
		line 128 in file "mcc_generated_files/pwm3.c"
 Parameters:    Size  Location     Type
		None
 Auto vars:     Size  Location     Type
		None
 Return value:  Size  Location     Type
                  1    wreg      void 
 Registers used:
		None
 Tracked objects:
		On entry : 
		On exit  : 
		Unchanged: 
 Data sizes:     COMMON   BANK0   BANK1   BANK2
      Params:         0       0       0       0
      Locals:         0       0       0       0
      Temps:          0       0       0       0
      Totals:         0       0       0       0
Total ram usage:        0 bytes
 Hardware stack levels used:    1
 This function calls:
		Nothing
 This function is called by:
		_main
 This function uses a non-reentrant model


 *************** function _PWM3_DutyCycleSet *****************
 Defined at:
		line 139 in file "mcc_generated_files/pwm3.c"
 Parameters:    Size  Location     Type
  dutyCycleCou    2    0[COMMON] unsigned short 
 Auto vars:     Size  Location     Type
		None
 Return value:  Size  Location     Type
                  1    wreg      void 
 Registers used:
		wreg, status,2
 Tracked objects:
		On entry : 
		On exit  : 
		Unchanged: 
 Data sizes:     COMMON   BANK0   BANK1   BANK2
      Params:         2       0       0       0
      Locals:         0       0       0       0
      Temps:          0       0       0       0
      Totals:         2       0       0       0
Total ram usage:        2 bytes
 Hardware stack levels used:    1
 This function calls:
		Nothing
 This function is called by:
		_main
 This function uses a non-reentrant model


 *************** function _PWM2_Stop *****************
 Defined at:
		line 118 in file "mcc_generated_files/pwm2.c"
 Parameters:    Size  Location     Type
		None
 Auto vars:     Size  Location     Type
		None
 Return value:  Size  Location     Type
                  1    wreg      void 
 Registers used:
		None
 Tracked objects:
		On entry : 
		On exit  : 
		Unchanged: 
 Data sizes:     COMMON   BANK0   BANK1   BANK2
      Params:         0       0       0       0
      Locals:         0       0       0       0
      Temps:          0       0       0       0
      Totals:         0       0       0       0
Total ram usage:        0 bytes
 Hardware stack levels used:    1
 This function calls:
		Nothing
 This function is called by:
		_main
 This function uses a non-reentrant model


 *************** function _PWM2_Start *****************
 Defined at:
		line 113 in file "mcc_generated_files/pwm2.c"
 Parameters:    Size  Location     Type
		None
 Auto vars:     Size  Location     Type
		None
 Return value:  Size  Location     Type
                  1    wreg      void 
 Registers used:
		None
 Tracked objects:
		On entry : 
		On exit  : 
		Unchanged: 
 Data sizes:     COMMON   BANK0   BANK1   BANK2
      Params:         0       0       0       0
      Locals:         0       0       0       0
      Temps:          0       0       0       0
      Totals:         0       0       0       0
Total ram usage:        0 bytes
 Hardware stack levels used:    1
 This function calls:
		Nothing
 This function is called by:
		_main
 This function uses a non-reentrant model


 *************** function _PWM2_PhaseSet *****************
 Defined at:
		line 133 in file "mcc_generated_files/pwm2.c"
 Parameters:    Size  Location     Type
  phaseCount      2    0[COMMON] unsigned short 
 Auto vars:     Size  Location     Type
		None
 Return value:  Size  Location     Type
                  1    wreg      void 
 Registers used:
		wreg, status,2
 Tracked objects:
		On entry : 
		On exit  : 
		Unchanged: 
 Data sizes:     COMMON   BANK0   BANK1   BANK2
      Params:         2       0       0       0
      Locals:         0       0       0       0
      Temps:          0       0       0       0
      Totals:         2       0       0       0
Total ram usage:        2 bytes
 Hardware stack levels used:    1
 This function calls:
		Nothing
 This function is called by:
		_main
 This function uses a non-reentrant model


 *************** function _PWM2_PeriodSet *****************
 Defined at:
		line 145 in file "mcc_generated_files/pwm2.c"
 Parameters:    Size  Location     Type
  periodCount     2    0[COMMON] unsigned short 
 Auto vars:     Size  Location     Type
		None
 Return value:  Size  Location     Type
                  1    wreg      void 
 Registers used:
		wreg, status,2
 Tracked objects:
		On entry : 
		On exit  : 
		Unchanged: 
 Data sizes:     COMMON   BANK0   BANK1   BANK2
      Params:         2       0       0       0
      Locals:         0       0       0       0
      Temps:          0       0       0       0
      Totals:         2       0       0       0
Total ram usage:        2 bytes
 Hardware stack levels used:    1
 This function calls:
		Nothing
 This function is called by:
		_main
 This function uses a non-reentrant model


 *************** function _PWM2_LoadBufferSet *****************
 Defined at:
		line 128 in file "mcc_generated_files/pwm2.c"
 Parameters:    Size  Location     Type
		None
 Auto vars:     Size  Location     Type
		None
 Return value:  Size  Location     Type
                  1    wreg      void 
 Registers used:
		None
 Tracked objects:
		On entry : 
		On exit  : 
		Unchanged: 
 Data sizes:     COMMON   BANK0   BANK1   BANK2
      Params:         0       0       0       0
      Locals:         0       0       0       0
      Temps:          0       0       0       0
      Totals:         0       0       0       0
Total ram usage:        0 bytes
 Hardware stack levels used:    1
 This function calls:
		Nothing
 This function is called by:
		_main
 This function uses a non-reentrant model


 *************** function _PWM2_DutyCycleSet *****************
 Defined at:
		line 139 in file "mcc_generated_files/pwm2.c"
 Parameters:    Size  Location     Type
  dutyCycleCou    2    0[COMMON] unsigned short 
 Auto vars:     Size  Location     Type
		None
 Return value:  Size  Location     Type
                  1    wreg      void 
 Registers used:
		wreg, status,2
 Tracked objects:
		On entry : 
		On exit  : 
		Unchanged: 
 Data sizes:     COMMON   BANK0   BANK1   BANK2
      Params:         2       0       0       0
      Locals:         0       0       0       0
      Temps:          0       0       0       0
      Totals:         2       0       0       0
Total ram usage:        2 bytes
 Hardware stack levels used:    1
 This function calls:
		Nothing
 This function is called by:
		_main
 This function uses a non-reentrant model


 *************** function _PWM1_Stop *****************
 Defined at:
		line 118 in file "mcc_generated_files/pwm1.c"
 Parameters:    Size  Location     Type
		None
 Auto vars:     Size  Location     Type
		None
 Return value:  Size  Location     Type
                  1    wreg      void 
 Registers used:
		None
 Tracked objects:
		On entry : 
		On exit  : 
		Unchanged: 
 Data sizes:     COMMON   BANK0   BANK1   BANK2
      Params:         0       0       0       0
      Locals:         0       0       0       0
      Temps:          0       0       0       0
      Totals:         0       0       0       0
Total ram usage:        0 bytes
 Hardware stack levels used:    1
 This function calls:
		Nothing
 This function is called by:
		_main
 This function uses a non-reentrant model


 *************** function _PWM1_Start *****************
 Defined at:
		line 113 in file "mcc_generated_files/pwm1.c"
 Parameters:    Size  Location     Type
		None
 Auto vars:     Size  Location     Type
		None
 Return value:  Size  Location     Type
                  1    wreg      void 
 Registers used:
		None
 Tracked objects:
		On entry : 
		On exit  : 
		Unchanged: 
 Data sizes:     COMMON   BANK0   BANK1   BANK2
      Params:         0       0       0       0
      Locals:         0       0       0       0
      Temps:          0       0       0       0
      Totals:         0       0       0       0
Total ram usage:        0 bytes
 Hardware stack levels used:    1
 This function calls:
		Nothing
 This function is called by:
		_main
 This function uses a non-reentrant model


 *************** function _PWM1_PhaseSet *****************
 Defined at:
		line 133 in file "mcc_generated_files/pwm1.c"
 Parameters:    Size  Location     Type
  phaseCount      2    0[COMMON] unsigned short 
 Auto vars:     Size  Location     Type
		None
 Return value:  Size  Location     Type
                  1    wreg      void 
 Registers used:
		wreg, status,2
 Tracked objects:
		On entry : 
		On exit  : 
		Unchanged: 
 Data sizes:     COMMON   BANK0   BANK1   BANK2
      Params:         2       0       0       0
      Locals:         0       0       0       0
      Temps:          0       0       0       0
      Totals:         2       0       0       0
Total ram usage:        2 bytes
 Hardware stack levels used:    1
 This function calls:
		Nothing
 This function is called by:
		_main
 This function uses a non-reentrant model


 *************** function _PWM1_PeriodSet *****************
 Defined at:
		line 145 in file "mcc_generated_files/pwm1.c"
 Parameters:    Size  Location     Type
  periodCount     2    0[COMMON] unsigned short 
 Auto vars:     Size  Location     Type
		None
 Return value:  Size  Location     Type
                  1    wreg      void 
 Registers used:
		wreg, status,2
 Tracked objects:
		On entry : 
		On exit  : 
		Unchanged: 
 Data sizes:     COMMON   BANK0   BANK1   BANK2
      Params:         2       0       0       0
      Locals:         0       0       0       0
      Temps:          0       0       0       0
      Totals:         2       0       0       0
Total ram usage:        2 bytes
 Hardware stack levels used:    1
 This function calls:
		Nothing
 This function is called by:
		_main
 This function uses a non-reentrant model


 *************** function _PWM1_LoadBufferSet *****************
 Defined at:
		line 128 in file "mcc_generated_files/pwm1.c"
 Parameters:    Size  Location     Type
		None
 Auto vars:     Size  Location     Type
		None
 Return value:  Size  Location     Type
                  1    wreg      void 
 Registers used:
		None
 Tracked objects:
		On entry : 
		On exit  : 
		Unchanged: 
 Data sizes:     COMMON   BANK0   BANK1   BANK2
      Params:         0       0       0       0
      Locals:         0       0       0       0
      Temps:          0       0       0       0
      Totals:         0       0       0       0
Total ram usage:        0 bytes
 Hardware stack levels used:    1
 This function calls:
		Nothing
 This function is called by:
		_main
 This function uses a non-reentrant model


 *************** function _PWM1_DutyCycleSet *****************
 Defined at:
		line 139 in file "mcc_generated_files/pwm1.c"
 Parameters:    Size  Location     Type
  dutyCycleCou    2    0[COMMON] unsigned short 
 Auto vars:     Size  Location     Type
		None
 Return value:  Size  Location     Type
                  1    wreg      void 
 Registers used:
		wreg, status,2
 Tracked objects:
		On entry : 
		On exit  : 
		Unchanged: 
 Data sizes:     COMMON   BANK0   BANK1   BANK2
      Params:         2       0       0       0
      Locals:         0       0       0       0
      Temps:          0       0       0       0
      Totals:         2       0       0       0
Total ram usage:        2 bytes
 Hardware stack levels used:    1
 This function calls:
		Nothing
 This function is called by:
		_main
 This function uses a non-reentrant model


 *************** function _EUSART_is_tx_done *****************
 Defined at:
		line 88 in file "mcc_generated_files/eusart.c"
 Parameters:    Size  Location     Type
		None
 Auto vars:     Size  Location     Type
		None
 Return value:  Size  Location     Type
                  1    wreg      _Bool 
 Registers used:
		wreg, status,2, status,0
 Tracked objects:
		On entry : 
		On exit  : 
		Unchanged: 
 Data sizes:     COMMON   BANK0   BANK1   BANK2
      Params:         0       0       0       0
      Locals:         0       0       0       0
      Temps:          0       0       0       0
      Totals:         0       0       0       0
Total ram usage:        0 bytes
 Hardware stack levels used:    1
 This function calls:
		Nothing
 This function is called by:
		_main
 This function uses a non-reentrant model


 *************** function _EUSART_Write *****************
 Defined at:
		line 111 in file "mcc_generated_files/eusart.c"
 Parameters:    Size  Location     Type
  txData          1    wreg     unsigned char 
 Auto vars:     Size  Location     Type
  txData          1    0[COMMON] unsigned char 
 Return value:  Size  Location     Type
                  1    wreg      void 
 Registers used:
		wreg
 Tracked objects:
		On entry : 
		On exit  : 
		Unchanged: 
 Data sizes:     COMMON   BANK0   BANK1   BANK2
      Params:         0       0       0       0
      Locals:         1       0       0       0
      Temps:          0       0       0       0
      Totals:         1       0       0       0
Total ram usage:        1 bytes
 Hardware stack levels used:    1
 This function calls:
		Nothing
 This function is called by:
		_main
		_putch
 This function uses a non-reentrant model


 *************** function _EUSART_Read *****************
 Defined at:
		line 93 in file "mcc_generated_files/eusart.c"
 Parameters:    Size  Location     Type
		None
 Auto vars:     Size  Location     Type
		None
 Return value:  Size  Location     Type
                  1    wreg      unsigned char 
 Registers used:
		wreg
 Tracked objects:
		On entry : 
		On exit  : 
		Unchanged: 
 Data sizes:     COMMON   BANK0   BANK1   BANK2
      Params:         0       0       0       0
      Locals:         0       0       0       0
      Temps:          0       0       0       0
      Totals:         0       0       0       0
Total ram usage:        0 bytes
 Hardware stack levels used:    1
 This function calls:
		Nothing
 This function is called by:
		_main
		_getch
 This function uses a non-reentrant model


 *************** function _ADC1_GetConversion *****************
 Defined at:
		line 113 in file "mcc_generated_files/adc1.c"
 Parameters:    Size  Location     Type
  channel         1    wreg     enum E3034
 Auto vars:     Size  Location     Type
  channel         1    3[COMMON] enum E3034
 Return value:  Size  Location     Type
                  2    0[COMMON] unsigned short 
 Registers used:
		wreg, status,2, status,0
 Tracked objects:
		On entry : 
		On exit  : 
		Unchanged: 
 Data sizes:     COMMON   BANK0   BANK1   BANK2
      Params:         2       0       0       0
      Locals:         1       0       0       0
      Temps:          1       0       0       0
      Totals:         4       0       0       0
Total ram usage:        4 bytes
 Hardware stack levels used:    1
 This function calls:
		Nothing
 This function is called by:
		_main
 This function uses a non-reentrant model



MODULE INFORMATION

Module		Function		Class		Link	Load	Size
mcc_generated_files/pwm2.c
		_PWM2_PeriodSet		CODE           	065C	0000	7
		_PWM2_Initialize		CODE           	06EB	0000	22
		_PWM2_Stop     		CODE           	0630	0000	4
		_PWM2_Start    		CODE           	062D	0000	4
		_PWM2_LoadBufferSet		CODE           	062A	0000	4
		_PWM2_DutyCycleSet		CODE           	0656	0000	7
		_PWM2_PhaseSet 		CODE           	0662	0000	7

mcc_generated_files/pwm2.c estimated size: 55

mcc_generated_files/adc1.c
		_ADC1_Initialize		CODE           	0689	0000	9
		_ADC1_GetConversion		CODE           	06C1	0000	22

mcc_generated_files/adc1.c estimated size: 31

mcc_generated_files/pin_manager.c
		_PIN_MANAGER_Initialize		CODE           	06AF	0000	19

mcc_generated_files/pin_manager.c estimated size: 19

shared
		__initialization		CODE           	07FE	0000	1

shared estimated size: 1

mcc_generated_files/mcc.c
		_WDT_Initialize		CODE           	0640	0000	5
		_OSCILLATOR_Initialize		CODE           	067A	0000	8
		_SYSTEM_Initialize		CODE           	0691	0000	10

mcc_generated_files/mcc.c estimated size: 23

mcc_generated_files/pwm3.c
		_PWM3_DutyCycleSet		CODE           	0668	0000	7
		_PWM3_PhaseSet 		CODE           	0674	0000	7
		_PWM3_PeriodSet		CODE           	066E	0000	7
		_PWM3_Initialize		CODE           	0700	0000	22
		_PWM3_Stop     		CODE           	0639	0000	4
		_PWM3_Start    		CODE           	0636	0000	4
		_PWM3_LoadBufferSet		CODE           	0633	0000	4

mcc_generated_files/pwm3.c estimated size: 55

mcc_generated_files/pwm1.c
		_PWM1_Initialize		CODE           	06D6	0000	22
		_PWM1_Stop     		CODE           	0627	0000	4
		_PWM1_Start    		CODE           	0624	0000	4
		_PWM1_LoadBufferSet		CODE           	0621	0000	4
		_PWM1_DutyCycleSet		CODE           	0644	0000	7
		_PWM1_PhaseSet 		CODE           	0650	0000	7
		_PWM1_PeriodSet		CODE           	064A	0000	7

mcc_generated_files/pwm1.c estimated size: 55

mcc_generated_files/eusart.c
		_EUSART_Read   		CODE           	069A	0000	11
		_EUSART_Write  		CODE           	0681	0000	9
		_EUSART_is_tx_done		CODE           	063C	0000	5
		_EUSART_Initialize		CODE           	06A4	0000	12

mcc_generated_files/eusart.c estimated size: 37

main.c
		_main          		CODE           	0715	0000	234

main.c estimated size: 234

